<!doctype html public "-//w3c//dtd html 4.0 transitional//en">
<html><head>
<title>Static Call Graph - [.\objects\app.axf]</title></head>
<body><HR>
<H1>Static Call Graph for image .\objects\app.axf</H1><HR>
<BR><P>#&#060CALLGRAPH&#062# ARM Linker, 5060528: Last Updated: Tue Apr 07 11:20:24 2020
<BR><P>
<H3>Maximum Stack Usage =       1016 bytes + Unknown(Cycles, Untraceable Function Pointers)</H3><H3>
Call chain for Maximum Stack Depth:</H3>
device_prov_cb &rArr; device_receive &rArr; prov_handle_public_key &rArr; prov_ecdh_secret_gen &rArr; ecdh_shared_secret &rArr; ecc_point_mult &rArr; xycz_add_c &rArr; vli_mod_square_fast &rArr; vli_square &rArr; mul_64_64
<P>
<H3>
Mutually Recursive functions
</H3> <LI><a href="#[37c]">mesh_flash_clear</a>&nbsp;&nbsp;&nbsp;&rArr;&nbsp;&nbsp;&nbsp;<a href="#[3b0]">mesh_flash_init</a><BR>
 <LI><a href="#[38b]">fn_frnd_queue_add_frnd_upd</a>&nbsp;&nbsp;&nbsp;&rArr;&nbsp;&nbsp;&nbsp;<a href="#[36f]">mesh_seq_use</a><BR>
</UL>
<P>
<H3>
Function Pointers
</H3><UL>
 <LI><a href="#[58]">ADC_Handler</a> from startup_rtl8762c.o(.text) referenced from startup_rtl8762c.o(VECTOR)
 <LI><a href="#[49]">BTMAC_Handler</a> from startup_rtl8762c.o(.text) referenced from startup_rtl8762c.o(VECTOR)
 <LI><a href="#[41]">BusFault_Handler</a> from startup_rtl8762c.o(.text) referenced from startup_rtl8762c.o(VECTOR)
 <LI><a href="#[4]">DLPS_IO_EnterDlpsCb</a> from rtl876x_io_dlps.o(.ram.dataon.data) referenced from rtl876x_io_dlps.o(.text)
 <LI><a href="#[5]">DLPS_IO_ExitDlpsCb</a> from rtl876x_io_dlps.o(.ram.dataon.data) referenced from rtl876x_io_dlps.o(.text)
 <LI><a href="#[44]">DebugMon_Handler</a> from startup_rtl8762c.o(.text) referenced from startup_rtl8762c.o(VECTOR)
 <LI><a href="#[73]">Default_Handler</a> from startup_rtl8762c.o(.text) referenced from system_rtl8762c.o(.app.overlay_a)
 <LI><a href="#[5a]">GDMA0_Channel0_Handler</a> from startup_rtl8762c.o(.text) referenced from startup_rtl8762c.o(VECTOR)
 <LI><a href="#[5b]">GDMA0_Channel1_Handler</a> from startup_rtl8762c.o(.text) referenced from startup_rtl8762c.o(VECTOR)
 <LI><a href="#[5c]">GDMA0_Channel2_Handler</a> from startup_rtl8762c.o(.text) referenced from startup_rtl8762c.o(VECTOR)
 <LI><a href="#[5d]">GDMA0_Channel3_Handler</a> from startup_rtl8762c.o(.text) referenced from startup_rtl8762c.o(VECTOR)
 <LI><a href="#[5e]">GDMA0_Channel4_Handler</a> from startup_rtl8762c.o(.text) referenced from startup_rtl8762c.o(VECTOR)
 <LI><a href="#[5f]">GDMA0_Channel5_Handler</a> from startup_rtl8762c.o(.text) referenced from startup_rtl8762c.o(VECTOR)
 <LI><a href="#[4f]">GPIO4_Handler</a> from startup_rtl8762c.o(.text) referenced from startup_rtl8762c.o(VECTOR)
 <LI><a href="#[50]">GPIO5_Handler</a> from startup_rtl8762c.o(.text) referenced from startup_rtl8762c.o(VECTOR)
 <LI><a href="#[64]">GPIO_Group0_Handler</a> from system_rtl8762c.o(.ram.dataon.data) referenced from startup_rtl8762c.o(VECTOR)
 <LI><a href="#[63]">GPIO_Group1_Handler</a> from system_rtl8762c.o(.ram.dataon.data) referenced from startup_rtl8762c.o(VECTOR)
 <LI><a href="#[61]">GPIO_Group2_Handler</a> from system_rtl8762c.o(.ram.dataon.data) referenced from startup_rtl8762c.o(VECTOR)
 <LI><a href="#[60]">GPIO_Group3_Handler</a> from system_rtl8762c.o(.ram.dataon.data) referenced from startup_rtl8762c.o(VECTOR)
 <LI><a href="#[3f]">HardFault_Handler</a> from startup_rtl8762c.o(.text) referenced 2 times from startup_rtl8762c.o(VECTOR)
 <LI><a href="#[56]">I2C0_Handler</a> from startup_rtl8762c.o(.text) referenced from startup_rtl8762c.o(VECTOR)
 <LI><a href="#[57]">I2C1_Handler</a> from startup_rtl8762c.o(.text) referenced from startup_rtl8762c.o(VECTOR)
 <LI><a href="#[4d]">I2S0_RX_Handler</a> from startup_rtl8762c.o(.text) referenced from startup_rtl8762c.o(VECTOR)
 <LI><a href="#[4c]">I2S0_TX_Handler</a> from startup_rtl8762c.o(.text) referenced from startup_rtl8762c.o(VECTOR)
 <LI><a href="#[71]">I2S1_RX_Handler</a> from startup_rtl8762c.o(.text) referenced from startup_rtl8762c.o(VECTOR)
 <LI><a href="#[70]">I2S1_TX_Handler</a> from startup_rtl8762c.o(.text) referenced from startup_rtl8762c.o(VECTOR)
 <LI><a href="#[62]">IR_Handler</a> from startup_rtl8762c.o(.text) referenced from startup_rtl8762c.o(VECTOR)
 <LI><a href="#[6c]">Keyscan_Handler</a> from startup_rtl8762c.o(.text) referenced from startup_rtl8762c.o(VECTOR)
 <LI><a href="#[72]">LCD_Handler</a> from startup_rtl8762c.o(.text) referenced from startup_rtl8762c.o(VECTOR)
 <LI><a href="#[6e]">LPCOMP_Handler</a> from startup_rtl8762c.o(.text) referenced from startup_rtl8762c.o(VECTOR)
 <LI><a href="#[40]">MemManage_Handler</a> from startup_rtl8762c.o(.text) referenced from startup_rtl8762c.o(VECTOR)
 <LI><a href="#[3e]">NMI_Handler</a> from startup_rtl8762c.o(.text) referenced from startup_rtl8762c.o(VECTOR)
 <LI><a href="#[6f]">PTA_Mailbox_Handler</a> from startup_rtl8762c.o(.text) referenced from startup_rtl8762c.o(VECTOR)
 <LI><a href="#[45]">PendSV_Handler</a> from startup_rtl8762c.o(.text) referenced from startup_rtl8762c.o(VECTOR)
 <LI><a href="#[59]">Peripheral_Handler</a> from startup_rtl8762c.o(.text) referenced from startup_rtl8762c.o(VECTOR)
 <LI><a href="#[6b]">Qdecode_Handler</a> from startup_rtl8762c.o(.text) referenced from startup_rtl8762c.o(VECTOR)
 <LI><a href="#[53]">RTC_Handler</a> from strip_timer.o(.text) referenced from startup_rtl8762c.o(VECTOR)
 <LI><a href="#[3d]">Reset_Handler</a> from startup_rtl8762c.o(RESET) referenced from startup_rtl8762c.o(VECTOR)
 <LI><a href="#[54]">SPI0_Handler</a> from startup_rtl8762c.o(.text) referenced from startup_rtl8762c.o(VECTOR)
 <LI><a href="#[55]">SPI1_Handler</a> from startup_rtl8762c.o(.text) referenced from startup_rtl8762c.o(VECTOR)
 <LI><a href="#[6d]">SPI2W_Handler</a> from startup_rtl8762c.o(.text) referenced from startup_rtl8762c.o(VECTOR)
 <LI><a href="#[6a]">SPI_Flash_Handler</a> from startup_rtl8762c.o(.text) referenced from startup_rtl8762c.o(VECTOR)
 <LI><a href="#[43]">SVC_Handler</a> from startup_rtl8762c.o(.text) referenced from startup_rtl8762c.o(VECTOR)
 <LI><a href="#[46]">SysTick_Handler</a> from startup_rtl8762c.o(.text) referenced from startup_rtl8762c.o(VECTOR)
 <LI><a href="#[1]">SystemInit</a> from system_rtl8762c.o(.app.flash.text) referenced from startup_rtl8762c.o(RESET)
 <LI><a href="#[47]">System_Handler</a> from startup_rtl8762c.o(.text) referenced from startup_rtl8762c.o(VECTOR)
 <LI><a href="#[4b]">Timer2_Handler</a> from startup_rtl8762c.o(.text) referenced from startup_rtl8762c.o(VECTOR)
 <LI><a href="#[4a]">Timer3_Handler</a> from startup_rtl8762c.o(.text) referenced from startup_rtl8762c.o(VECTOR)
 <LI><a href="#[4e]">Timer4_7_Handler</a> from startup_rtl8762c.o(.text) referenced from startup_rtl8762c.o(VECTOR)
 <LI><a href="#[66]">Timer4_Handler</a> from startup_rtl8762c.o(.text) referenced from startup_rtl8762c.o(VECTOR)
 <LI><a href="#[67]">Timer5_Handler</a> from startup_rtl8762c.o(.text) referenced from startup_rtl8762c.o(VECTOR)
 <LI><a href="#[68]">Timer6_Handler</a> from startup_rtl8762c.o(.text) referenced from startup_rtl8762c.o(VECTOR)
 <LI><a href="#[69]">Timer7_Handler</a> from startup_rtl8762c.o(.text) referenced from startup_rtl8762c.o(VECTOR)
 <LI><a href="#[52]">UART0_Handler</a> from data_uart.o(.text) referenced from startup_rtl8762c.o(VECTOR)
 <LI><a href="#[51]">UART1_Handler</a> from startup_rtl8762c.o(.text) referenced from startup_rtl8762c.o(VECTOR)
 <LI><a href="#[65]">UART2_Handler</a> from startup_rtl8762c.o(.text) referenced from startup_rtl8762c.o(VECTOR)
 <LI><a href="#[42]">UsageFault_Handler</a> from startup_rtl8762c.o(.text) referenced from startup_rtl8762c.o(VECTOR)
 <LI><a href="#[48]">WDG_Handler</a> from startup_rtl8762c.o(.text) referenced from startup_rtl8762c.o(VECTOR)
 <LI><a href="#[28]">_printf_input_char</a> from _printf_char_common.o(.text) referenced from _printf_char_common.o(.text)
 <LI><a href="#[27]">_sputc</a> from _sputc.o(.text) referenced from noretval__2sprintf.o(.text)
 <LI><a href="#[36]">ais_server_cccd_update_cb</a> from ais_server.o(.text) referenced from ais_server.o(.constdata)
 <LI><a href="#[34]">ais_server_read_cb</a> from ais_server.o(.text) referenced from ais_server.o(.constdata)
 <LI><a href="#[7]">ais_server_timeout_cb</a> from ais_server.o(.text) referenced from ais_server.o(.text)
 <LI><a href="#[35]">ais_server_write_cb</a> from ais_server.o(.text) referenced from ais_server.o(.constdata)
 <LI><a href="#[20f]">ali_server_receive</a> from strip_app.o(.text) referenced from strip_app.o(.text)
 <LI><a href="#[29]">app_cb0_wdg_reset</a> from system_rtl8762c.o(.text) referenced from system_rtl8762c.o(.constdata)
 <LI><a href="#[2a]">app_cb5_dfu_status</a> from system_rtl8762c.o(.text) referenced from system_rtl8762c.o(.constdata)
 <LI><a href="#[15]">app_client_callback</a> from main_app.o(.text) referenced from main.o(.text)
 <LI><a href="#[203]">app_dlps_check_cb</a> from main.o(.text) referenced from main.o(.text)
 <LI><a href="#[200]">app_enter_dlps_config</a> from main.o(.text) referenced from main.o(.text)
 <LI><a href="#[201]">app_exit_dlps_config</a> from main.o(.text) referenced from main.o(.text)
 <LI><a href="#[13]">app_gap_callback</a> from main_app.o(.text) referenced from main.o(.text)
 <LI><a href="#[1d7]">app_main_task</a> from app_task.o(.text) referenced from app_task.o(.text)
 <LI><a href="#[14]">app_profile_callback</a> from main_app.o(.text) referenced from main.o(.text)
 <LI><a href="#[1d6]">app_send_uart_msg</a> from app_task.o(.text) referenced from app_task.o(.text)
 <LI><a href="#[376]">attn_timeout_cb</a> from mesh_node.o(.text) referenced from mesh_node.o(.text)
 <LI><a href="#[1a]">beacon_timeout_cb</a> from mesh_beacon.o(.text) referenced from mesh_beacon.o(.text)
 <LI><a href="#[46f]">cfg_server_receive</a> from configuration_server.o(.text) referenced from configuration_server.o(.text)
 <LI><a href="#[19]">change_scan_param_timeout_cb</a> from light_swtimer.o(.text) referenced from light_swtimer.o(.text)
 <LI><a href="#[2]">common_main</a> from system_rtl8762c.o(.text) referenced from system_rtl8762c.o(.app.flash.text)
 <LI><a href="#[153]">delay_execution_handler</a> from delay_execution.o(.text) referenced from delay_execution.o(.text)
 <LI><a href="#[f]">delay_execution_timeout_handle</a> from delay_execution.o(.text) referenced from delay_execution.o(.text)
 <LI><a href="#[3ac]">device_prov_cb</a> from provision_device.o(.text) referenced 2 times from provision_device.o(.text)
 <LI><a href="#[2b]">dfu_attr_write_cb</a> from dfu_server.o(.text) referenced from dfu_server.o(.constdata)
 <LI><a href="#[2c]">dfu_cccd_update_cb</a> from dfu_server.o(.text) referenced from dfu_server.o(.constdata)
 <LI><a href="#[2e]">dfu_client_disc_result_cb</a> from dfu_client.o(.text) referenced from dfu_client.o(.constdata)
 <LI><a href="#[2d]">dfu_client_disc_state_cb</a> from dfu_client.o(.text) referenced from dfu_client.o(.constdata)
 <LI><a href="#[ee]">dfu_client_handle_msg</a> from dfu_client.o(.text) referenced from dfu_client.o(.text)
 <LI><a href="#[31]">dfu_client_notify_indicate_cb</a> from dfu_client.o(.text) referenced from dfu_client.o(.constdata)
 <LI><a href="#[2f]">dfu_client_read_result_cb</a> from dfu_client.o(.text) referenced from dfu_client.o(.constdata)
 <LI><a href="#[30]">dfu_client_write_result_cb</a> from dfu_client.o(.text) referenced from dfu_client.o(.constdata)
 <LI><a href="#[6]">dfu_server_timeout_cb</a> from dfu_server.o(.text) referenced from dfu_server.o(.text)
 <LI><a href="#[37]">dis_attr_read_cb</a> from dis.o(.text) referenced from dis.o(.constdata)
 <LI><a href="#[12]">fn_cb</a> from main_app.o(.text) referenced from main.o(.text)
 <LI><a href="#[1d]">fn_timeout_cb</a> from friendship_fn.o(.text) referenced 2 times from friendship_fn.o(.text)
 <LI><a href="#[427]">frnd_poll_cb</a> from friendship_lpn.o(.text) referenced 2 times from friendship_lpn.o(.text)
 <LI><a href="#[162]">fw_update_server_data_cb</a> from dfu_updater_app.o(.text) referenced from dfu_updater_app.o(.text)
 <LI><a href="#[12e]">fw_update_server_receive</a> from firmware_update_server.o(.text) referenced from firmware_update_server.o(.text)
 <LI><a href="#[26d]">gap_lib_handle_btif_msg</a> from gap_lib.o(.text) referenced from gap_lib.o(.text)
 <LI><a href="#[2bd]">gap_sched_timer_cb</a> from gap_scheduler.o(.text) referenced from gap_scheduler.o(.text)
 <LI><a href="#[b]">generic_on_off_delay_execution</a> from generic_on_off_server.o(.text) referenced from generic_on_off_server.o(.text)
 <LI><a href="#[16]">generic_on_off_server_data</a> from strip_app.o(.text) referenced from strip_app.o(.text)
 <LI><a href="#[d]">generic_on_off_server_publish</a> from generic_on_off_server.o(.text) referenced from generic_on_off_server.o(.text)
 <LI><a href="#[c]">generic_on_off_server_receive</a> from generic_on_off_server.o(.text) referenced from generic_on_off_server.o(.text)
 <LI><a href="#[a]">generic_on_off_trans_step_change</a> from generic_on_off_server.o(.text) referenced from generic_on_off_server.o(.text)
 <LI><a href="#[43a]">hb_timer_cb</a> from heartbeat.o(.text) referenced from heartbeat.o(.text)
 <LI><a href="#[9]">health_server_publish</a> from health_server.o(.text) referenced from health_server.o(.text)
 <LI><a href="#[8]">health_server_receive</a> from health_server.o(.text) referenced from health_server.o(.text)
 <LI><a href="#[373]">iv_index_timeout_cb</a> from mesh_node.o(.text) referenced from mesh_node.o(.text)
 <LI><a href="#[17]">light_ctl_timeout_handle</a> from light_controller_app.o(.text) referenced from light_controller_app.o(.text)
 <LI><a href="#[10]">light_power_on_timeout_cb</a> from dimmable_light.o(.text) referenced from dimmable_light.o(.text)
 <LI><a href="#[189]">light_prov_complete_cb</a> from light_effect_app.o(.text) referenced from light_effect_app.o(.text)
 <LI><a href="#[3]">log_direct</a> from ROM.lib(ABSOLUTE) referenced from startup_rtl8762c.o(.text)
 <LI><a href="#[26]">lpn_timeout_cb</a> from friendship_lpn.o(.text) referenced from friendship_lpn.o(.text)
 <LI><a href="#[35f]">mesh_model_pub_timeout_cb</a> from mesh_node.o(.text) referenced from mesh_node.o(.text)
 <LI><a href="#[322]">mesh_reboot_timer_cb</a> from mesh_common.o(.text) referenced from mesh_common.o(.text)
 <LI><a href="#[1c]">mesh_service_timeout_cb</a> from mesh_service.o(.text) referenced 2 times from mesh_service.o(.text)
 <LI><a href="#[38]">mp_cmd_update_ali_data</a> from mp_cmd.o(.text) referenced from mp_cmd.o(.constdata)
 <LI><a href="#[23]">msg_ack_done</a> from provision_adv.o(.text) referenced from provision_adv.o(.text)
 <LI><a href="#[413]">net_relay_cb</a> from mesh_network.o(.text) referenced from mesh_network.o(.text)
 <LI><a href="#[164]">obj_transfer_server_data_cb</a> from dfu_updater_app.o(.text) referenced from dfu_updater_app.o(.text)
 <LI><a href="#[13d]">obj_transfer_server_receive</a> from object_transfer_server.o(.text) referenced from object_transfer_server.o(.text)
 <LI><a href="#[32]">ota_attr_read_cb</a> from ota_server.o(.text) referenced from ota_server.o(.constdata)
 <LI><a href="#[33]">ota_attr_write_cb</a> from ota_server.o(.text) referenced from ota_server.o(.constdata)
 <LI><a href="#[24]">pb_adv_timeout_cb</a> from provision_adv.o(.text) referenced 2 times from provision_adv.o(.text)
 <LI><a href="#[8e]">pre_main</a> from system_rtl8762c.o(.app.flash.text) referenced from system_rtl8762c.o(.app.flash.text)
 <LI><a href="#[11]">prov_cb</a> from main_app.o(.text) referenced from main.o(.text)
 <LI><a href="#[3a]">prov_server_cccd_update_cb</a> from provision_server.o(.text) referenced from provision_server.o(.constdata)
 <LI><a href="#[1f]">prov_server_handle_disconnect</a> from provision_server.o(.text) referenced from provision_server.o(.text)
 <LI><a href="#[3df]">prov_server_notify</a> from provision_server.o(.text) referenced from provision_server.o(.text)
 <LI><a href="#[39]">prov_server_write_cb</a> from provision_server.o(.text) referenced from provision_server.o(.constdata)
 <LI><a href="#[1e]">prov_service_receive</a> from provision_service.o(.text) referenced from provision_server.o(.text)
 <LI><a href="#[332]">prov_timeout_cb</a> from mesh_provision.o(.text) referenced from mesh_provision.o(.text)
 <LI><a href="#[25]">proxy_rx_timeout_cb</a> from proxy_protocol.o(.text) referenced from proxy_protocol.o(.text)
 <LI><a href="#[3c]">proxy_server_cccd_update_cb</a> from proxy_server.o(.text) referenced from proxy_server.o(.constdata)
 <LI><a href="#[21]">proxy_server_handle_disconnect</a> from proxy_server.o(.text) referenced from proxy_server.o(.text)
 <LI><a href="#[3e5]">proxy_server_notify</a> from proxy_server.o(.text) referenced from proxy_server.o(.text)
 <LI><a href="#[3b]">proxy_server_write_cb</a> from proxy_server.o(.text) referenced from proxy_server.o(.constdata)
 <LI><a href="#[20]">proxy_service_receive</a> from proxy_service.o(.text) referenced from proxy_server.o(.text)
 <LI><a href="#[1b]">tick_timer_cb</a> from mesh_common.o(.text) referenced from mesh_common.o(.text)
 <LI><a href="#[3f5]">trans_send_seg</a> from mesh_transport.o(.text) referenced from mesh_transport.o(.text)
 <LI><a href="#[e]">trans_time_timeout_handle</a> from generic_transition_time.o(.text) referenced from generic_transition_time.o(.text)
 <LI><a href="#[22]">trans_timeout_cb</a> from mesh_transport.o(.text) referenced from mesh_transport.o(.text)
 <LI><a href="#[18]">unprov_timeout_cb</a> from light_swtimer.o(.text) referenced from light_swtimer.o(.text)
 <LI><a href="#[221]">vTimerReportCallback</a> from strip_timer.o(.text) referenced from strip_timer.o(.text)
 <LI><a href="#[220]">vTimerUpdateCallback</a> from strip_timer.o(.text) referenced from strip_timer.o(.text)
</UL>
<P>
<H3>
Global Symbols
</H3>
<P><STRONG><a name="[252]"></a>get_active_ota_bank_addr</STRONG> (Thumb, 0 bytes, Stack size 0 bytes, ROM.lib(ABSOLUTE))
<BR><BR>[Called By]<UL><LI><a href="#[24e]">&gt;&gt;</a>&nbsp;&nbsp;&nbsp;get_temp_ota_bank_size_by_img_id
</UL>

<P><STRONG><a name="[10e]"></a>SHA256_Init</STRONG> (Thumb, 0 bytes, Stack size 0 bytes, ROM.lib(ABSOLUTE))
<BR><BR>[Called By]<UL><LI><a href="#[107]">&gt;&gt;</a>&nbsp;&nbsp;&nbsp;ais_server_handle_msg
<LI><a href="#[11]">&gt;&gt;</a>&nbsp;&nbsp;&nbsp;prov_cb
</UL>

<P><STRONG><a name="[10f]"></a>SHA256_Update</STRONG> (Thumb, 0 bytes, Stack size 0 bytes, ROM.lib(ABSOLUTE))
<BR><BR>[Called By]<UL><LI><a href="#[107]">&gt;&gt;</a>&nbsp;&nbsp;&nbsp;ais_server_handle_msg
<LI><a href="#[11]">&gt;&gt;</a>&nbsp;&nbsp;&nbsp;prov_cb
</UL>

<P><STRONG><a name="[110]"></a>SHA256_Final</STRONG> (Thumb, 0 bytes, Stack size 0 bytes, ROM.lib(ABSOLUTE))
<BR><BR>[Called By]<UL><LI><a href="#[107]">&gt;&gt;</a>&nbsp;&nbsp;&nbsp;ais_server_handle_msg
<LI><a href="#[11]">&gt;&gt;</a>&nbsp;&nbsp;&nbsp;prov_cb
</UL>

<P><STRONG><a name="[49f]"></a>RamVectorTableInit</STRONG> (Thumb, 0 bytes, Stack size 0 bytes, ROM.lib(ABSOLUTE))
<BR><BR>[Called By]<UL><LI><a href="#[93]">&gt;&gt;</a>&nbsp;&nbsp;&nbsp;AppUpdateVectorTable
</UL>

<P><STRONG><a name="[9b]"></a>SystemCall</STRONG> (Thumb, 0 bytes, Stack size 0 bytes, ROM.lib(ABSOLUTE))
<BR><BR>[Called By]<UL><LI><a href="#[9a]">&gt;&gt;</a>&nbsp;&nbsp;&nbsp;WDG_SystemReset
</UL>

<P><STRONG><a name="[87]"></a>btxfcs</STRONG> (Thumb, 0 bytes, Stack size 0 bytes, ROM.lib(ABSOLUTE))
<BR><BR>[Called By]<UL><LI><a href="#[86]">&gt;&gt;</a>&nbsp;&nbsp;&nbsp;random_seed_init
<LI><a href="#[186]">&gt;&gt;</a>&nbsp;&nbsp;&nbsp;mp_cmd_parse
<LI><a href="#[184]">&gt;&gt;</a>&nbsp;&nbsp;&nbsp;mp_cmd_response
</UL>

<P><STRONG><a name="[88]"></a>platform_random</STRONG> (Thumb, 0 bytes, Stack size 0 bytes, ROM.lib(ABSOLUTE))
<BR><BR>[Called By]<UL><LI><a href="#[86]">&gt;&gt;</a>&nbsp;&nbsp;&nbsp;random_seed_init
<LI><a href="#[1e5]">&gt;&gt;</a>&nbsp;&nbsp;&nbsp;mesh_stack_init
</UL>

<P><STRONG><a name="[3]"></a>log_direct</STRONG> (Thumb, 0 bytes, Stack size 0 bytes, ROM.lib(ABSOLUTE))
<BR><BR>[Called By]<UL><LI><a href="#[2]">&gt;&gt;</a>&nbsp;&nbsp;&nbsp;common_main
<LI><a href="#[107]">&gt;&gt;</a>&nbsp;&nbsp;&nbsp;ais_server_handle_msg
<LI><a href="#[c4]">&gt;&gt;</a>&nbsp;&nbsp;&nbsp;dfu_server_handle_cp
<LI><a href="#[200]">&gt;&gt;</a>&nbsp;&nbsp;&nbsp;app_enter_dlps_config
<LI><a href="#[1e1]">&gt;&gt;</a>&nbsp;&nbsp;&nbsp;app_handle_io_msg
<LI><a href="#[162]">&gt;&gt;</a>&nbsp;&nbsp;&nbsp;fw_update_server_data_cb
<LI><a href="#[22d]">&gt;&gt;</a>&nbsp;&nbsp;&nbsp;timer_sort
<LI><a href="#[223]">&gt;&gt;</a>&nbsp;&nbsp;&nbsp;check_timer_valid
<LI><a href="#[21b]">&gt;&gt;</a>&nbsp;&nbsp;&nbsp;UpdateMAC
<LI><a href="#[20e]">&gt;&gt;</a>&nbsp;&nbsp;&nbsp;is_in_list
<LI><a href="#[218]">&gt;&gt;</a>&nbsp;&nbsp;&nbsp;handle_pub_evt
<LI><a href="#[20f]">&gt;&gt;</a>&nbsp;&nbsp;&nbsp;ali_server_receive
<LI><a href="#[20d]">&gt;&gt;</a>&nbsp;&nbsp;&nbsp;dcd_tim_set
<LI><a href="#[20c]">&gt;&gt;</a>&nbsp;&nbsp;&nbsp;dcd_prd_set
<LI><a href="#[47f]">&gt;&gt;</a>&nbsp;&nbsp;&nbsp;cfg_add_item
<LI><a href="#[323]">&gt;&gt;</a>&nbsp;&nbsp;&nbsp;mesh_version_check
<LI><a href="#[484]">&gt;&gt;</a>&nbsp;&nbsp;&nbsp;cfg_find_item
<LI><a href="#[483]">&gt;&gt;</a>&nbsp;&nbsp;&nbsp;_cfg_write_to_flash
<LI><a href="#[482]">&gt;&gt;</a>&nbsp;&nbsp;&nbsp;_cfg_check_header_valid
</UL>
<BR>[Address Reference Count : 1]<UL><LI> startup_rtl8762c.o(.text)
</UL>
<P><STRONG><a name="[8c]"></a>log_buffer</STRONG> (Thumb, 0 bytes, Stack size 0 bytes, ROM.lib(ABSOLUTE))
<BR><BR>[Called By]<UL><LI><a href="#[8e]">&gt;&gt;</a>&nbsp;&nbsp;&nbsp;pre_main
<LI><a href="#[8b]">&gt;&gt;</a>&nbsp;&nbsp;&nbsp;print_reset_reason
<LI><a href="#[93]">&gt;&gt;</a>&nbsp;&nbsp;&nbsp;AppUpdateVectorTable
<LI><a href="#[111]">&gt;&gt;</a>&nbsp;&nbsp;&nbsp;ais_server_add
<LI><a href="#[36]">&gt;&gt;</a>&nbsp;&nbsp;&nbsp;ais_server_cccd_update_cb
<LI><a href="#[35]">&gt;&gt;</a>&nbsp;&nbsp;&nbsp;ais_server_write_cb
<LI><a href="#[107]">&gt;&gt;</a>&nbsp;&nbsp;&nbsp;ais_server_handle_msg
<LI><a href="#[104]">&gt;&gt;</a>&nbsp;&nbsp;&nbsp;ais_server_notify
<LI><a href="#[ff]">&gt;&gt;</a>&nbsp;&nbsp;&nbsp;ais_server_indicate
<LI><a href="#[fc]">&gt;&gt;</a>&nbsp;&nbsp;&nbsp;ais_server_send
<LI><a href="#[fb]">&gt;&gt;</a>&nbsp;&nbsp;&nbsp;ais_server_adv
<LI><a href="#[f9]">&gt;&gt;</a>&nbsp;&nbsp;&nbsp;ais_server_timer_start
<LI><a href="#[f8]">&gt;&gt;</a>&nbsp;&nbsp;&nbsp;ota_server_add
<LI><a href="#[32]">&gt;&gt;</a>&nbsp;&nbsp;&nbsp;ota_attr_read_cb
<LI><a href="#[33]">&gt;&gt;</a>&nbsp;&nbsp;&nbsp;ota_attr_write_cb
<LI><a href="#[f5]">&gt;&gt;</a>&nbsp;&nbsp;&nbsp;dfu_client_add
<LI><a href="#[f2]">&gt;&gt;</a>&nbsp;&nbsp;&nbsp;dfu_client_handle_adv_pkt
<LI><a href="#[ee]">&gt;&gt;</a>&nbsp;&nbsp;&nbsp;dfu_client_handle_msg
<LI><a href="#[ed]">&gt;&gt;</a>&nbsp;&nbsp;&nbsp;dfu_client_handle_cp_msg
<LI><a href="#[eb]">&gt;&gt;</a>&nbsp;&nbsp;&nbsp;dfu_client_push_image
<LI><a href="#[e1]">&gt;&gt;</a>&nbsp;&nbsp;&nbsp;dfu_client_data_write
<LI><a href="#[df]">&gt;&gt;</a>&nbsp;&nbsp;&nbsp;dfu_client_cp_write
<LI><a href="#[dd]">&gt;&gt;</a>&nbsp;&nbsp;&nbsp;dfu_client_cp_cccd_set
<LI><a href="#[db]">&gt;&gt;</a>&nbsp;&nbsp;&nbsp;dfu_client_read_by_uuid
<LI><a href="#[d9]">&gt;&gt;</a>&nbsp;&nbsp;&nbsp;dfu_client_read_by_handle
<LI><a href="#[d7]">&gt;&gt;</a>&nbsp;&nbsp;&nbsp;dfu_client_start_discovery
<LI><a href="#[2f]">&gt;&gt;</a>&nbsp;&nbsp;&nbsp;dfu_client_read_result_cb
<LI><a href="#[2e]">&gt;&gt;</a>&nbsp;&nbsp;&nbsp;dfu_client_disc_result_cb
<LI><a href="#[2d]">&gt;&gt;</a>&nbsp;&nbsp;&nbsp;dfu_client_disc_state_cb
<LI><a href="#[bb]">&gt;&gt;</a>&nbsp;&nbsp;&nbsp;unlock_flash_all
<LI><a href="#[bc]">&gt;&gt;</a>&nbsp;&nbsp;&nbsp;sil_dfu_update
<LI><a href="#[bd]">&gt;&gt;</a>&nbsp;&nbsp;&nbsp;sil_dfu_flash_erase
<LI><a href="#[cf]">&gt;&gt;</a>&nbsp;&nbsp;&nbsp;mesh_reboot
<LI><a href="#[b0]">&gt;&gt;</a>&nbsp;&nbsp;&nbsp;gap_sched_task_get
<LI><a href="#[c6]">&gt;&gt;</a>&nbsp;&nbsp;&nbsp;gap_sched_scan
<LI><a href="#[d5]">&gt;&gt;</a>&nbsp;&nbsp;&nbsp;dfu_server_add
<LI><a href="#[2c]">&gt;&gt;</a>&nbsp;&nbsp;&nbsp;dfu_cccd_update_cb
<LI><a href="#[2b]">&gt;&gt;</a>&nbsp;&nbsp;&nbsp;dfu_attr_write_cb
<LI><a href="#[d3]">&gt;&gt;</a>&nbsp;&nbsp;&nbsp;dfu_server_handle_data
<LI><a href="#[c4]">&gt;&gt;</a>&nbsp;&nbsp;&nbsp;dfu_server_handle_cp
<LI><a href="#[b9]">&gt;&gt;</a>&nbsp;&nbsp;&nbsp;dfu_server_buffer_check
<LI><a href="#[b4]">&gt;&gt;</a>&nbsp;&nbsp;&nbsp;dfu_server_timer_start
<LI><a href="#[ae]">&gt;&gt;</a>&nbsp;&nbsp;&nbsp;dfu_server_adv_send
<LI><a href="#[5]">&gt;&gt;</a>&nbsp;&nbsp;&nbsp;DLPS_IO_ExitDlpsCb
<LI><a href="#[152]">&gt;&gt;</a>&nbsp;&nbsp;&nbsp;mesh_tick_timer_start
<LI><a href="#[e]">&gt;&gt;</a>&nbsp;&nbsp;&nbsp;trans_time_timeout_handle
<LI><a href="#[14f]">&gt;&gt;</a>&nbsp;&nbsp;&nbsp;trans_time_insert
<LI><a href="#[14b]">&gt;&gt;</a>&nbsp;&nbsp;&nbsp;delay_execution_timer_start
<LI><a href="#[14c]">&gt;&gt;</a>&nbsp;&nbsp;&nbsp;generic_on_off_server_reg
<LI><a href="#[141]">&gt;&gt;</a>&nbsp;&nbsp;&nbsp;obj_transfer_server_load
<LI><a href="#[13d]">&gt;&gt;</a>&nbsp;&nbsp;&nbsp;obj_transfer_server_receive
<LI><a href="#[138]">&gt;&gt;</a>&nbsp;&nbsp;&nbsp;obj_transfer_server_handle_obj_chunk_transfer
<LI><a href="#[137]">&gt;&gt;</a>&nbsp;&nbsp;&nbsp;obj_transfer_server_handle_obj_block_transfer_start
<LI><a href="#[12e]">&gt;&gt;</a>&nbsp;&nbsp;&nbsp;fw_update_server_receive
<LI><a href="#[12a]">&gt;&gt;</a>&nbsp;&nbsp;&nbsp;fw_update_server_handle_fw_update_prepare
<LI><a href="#[125]">&gt;&gt;</a>&nbsp;&nbsp;&nbsp;mesh_model_reg
<LI><a href="#[118]">&gt;&gt;</a>&nbsp;&nbsp;&nbsp;access_send
<LI><a href="#[117]">&gt;&gt;</a>&nbsp;&nbsp;&nbsp;access_cfg
<LI><a href="#[123]">&gt;&gt;</a>&nbsp;&nbsp;&nbsp;health_server_reg
<LI><a href="#[113]">&gt;&gt;</a>&nbsp;&nbsp;&nbsp;dis_add_service
<LI><a href="#[37]">&gt;&gt;</a>&nbsp;&nbsp;&nbsp;dis_attr_read_cb
<LI><a href="#[112]">&gt;&gt;</a>&nbsp;&nbsp;&nbsp;dis_set_parameter
<LI><a href="#[13]">&gt;&gt;</a>&nbsp;&nbsp;&nbsp;app_gap_callback
<LI><a href="#[15]">&gt;&gt;</a>&nbsp;&nbsp;&nbsp;app_client_callback
<LI><a href="#[205]">&gt;&gt;</a>&nbsp;&nbsp;&nbsp;pwr_mgr_init
<LI><a href="#[1dd]">&gt;&gt;</a>&nbsp;&nbsp;&nbsp;swTimerInit
<LI><a href="#[1e2]">&gt;&gt;</a>&nbsp;&nbsp;&nbsp;mesh_inner_msg_handle
<LI><a href="#[1d5]">&gt;&gt;</a>&nbsp;&nbsp;&nbsp;app_send_msg_to_apptask
<LI><a href="#[187]">&gt;&gt;</a>&nbsp;&nbsp;&nbsp;mp_cmd_init
<LI><a href="#[186]">&gt;&gt;</a>&nbsp;&nbsp;&nbsp;mp_cmd_parse
<LI><a href="#[181]">&gt;&gt;</a>&nbsp;&nbsp;&nbsp;light_flash_read
<LI><a href="#[180]">&gt;&gt;</a>&nbsp;&nbsp;&nbsp;light_flash_write
<LI><a href="#[164]">&gt;&gt;</a>&nbsp;&nbsp;&nbsp;obj_transfer_server_data_cb
<LI><a href="#[162]">&gt;&gt;</a>&nbsp;&nbsp;&nbsp;fw_update_server_data_cb
<LI><a href="#[15e]">&gt;&gt;</a>&nbsp;&nbsp;&nbsp;dfu_updater_nvm_load
<LI><a href="#[154]">&gt;&gt;</a>&nbsp;&nbsp;&nbsp;mesh_inner_msg_send
<LI><a href="#[f]">&gt;&gt;</a>&nbsp;&nbsp;&nbsp;delay_execution_timeout_handle
<LI><a href="#[269]">&gt;&gt;</a>&nbsp;&nbsp;&nbsp;change_scan_param_timer_start
<LI><a href="#[268]">&gt;&gt;</a>&nbsp;&nbsp;&nbsp;unprov_timer_stop
<LI><a href="#[264]">&gt;&gt;</a>&nbsp;&nbsp;&nbsp;unprov_timer_start
<LI><a href="#[261]">&gt;&gt;</a>&nbsp;&nbsp;&nbsp;light_controller_init
<LI><a href="#[25a]">&gt;&gt;</a>&nbsp;&nbsp;&nbsp;dfu_flash_check_appdefine_blank
<LI><a href="#[254]">&gt;&gt;</a>&nbsp;&nbsp;&nbsp;check_dfu_update_image_length
<LI><a href="#[24c]">&gt;&gt;</a>&nbsp;&nbsp;&nbsp;flash_erase_sector
<LI><a href="#[239]">&gt;&gt;</a>&nbsp;&nbsp;&nbsp;gap_sched_handle_bt_status_msg
<LI><a href="#[238]">&gt;&gt;</a>&nbsp;&nbsp;&nbsp;app_handle_gap_msg
<LI><a href="#[237]">&gt;&gt;</a>&nbsp;&nbsp;&nbsp;app_handle_dev_state_evt
<LI><a href="#[233]">&gt;&gt;</a>&nbsp;&nbsp;&nbsp;app_handle_conn_state_evt
<LI><a href="#[232]">&gt;&gt;</a>&nbsp;&nbsp;&nbsp;app_handle_conn_mtu_info_evt
<LI><a href="#[231]">&gt;&gt;</a>&nbsp;&nbsp;&nbsp;app_handle_conn_param_update_evt
<LI><a href="#[230]">&gt;&gt;</a>&nbsp;&nbsp;&nbsp;app_handle_authen_state_evt
<LI><a href="#[38]">&gt;&gt;</a>&nbsp;&nbsp;&nbsp;mp_cmd_update_ali_data
<LI><a href="#[214]">&gt;&gt;</a>&nbsp;&nbsp;&nbsp;mesh_model_sub
<LI><a href="#[11]">&gt;&gt;</a>&nbsp;&nbsp;&nbsp;prov_cb
<LI><a href="#[1e9]">&gt;&gt;</a>&nbsp;&nbsp;&nbsp;plt_srand
<LI><a href="#[1ee]">&gt;&gt;</a>&nbsp;&nbsp;&nbsp;mesh_element_create
<LI><a href="#[20b]">&gt;&gt;</a>&nbsp;&nbsp;&nbsp;gap_lib_init
<LI><a href="#[1f3]">&gt;&gt;</a>&nbsp;&nbsp;&nbsp;fn_init
<LI><a href="#[1f1]">&gt;&gt;</a>&nbsp;&nbsp;&nbsp;compo_data_page0_gen
<LI><a href="#[14]">&gt;&gt;</a>&nbsp;&nbsp;&nbsp;app_profile_callback
<LI><a href="#[2cd]">&gt;&gt;</a>&nbsp;&nbsp;&nbsp;gap_sched_quit
<LI><a href="#[2cb]">&gt;&gt;</a>&nbsp;&nbsp;&nbsp;gap_sched_try
<LI><a href="#[2c8]">&gt;&gt;</a>&nbsp;&nbsp;&nbsp;gap_sched_run
<LI><a href="#[2bb]">&gt;&gt;</a>&nbsp;&nbsp;&nbsp;gap_sched_task_free
<LI><a href="#[2ba]">&gt;&gt;</a>&nbsp;&nbsp;&nbsp;gap_sched_task_available
<LI><a href="#[52]">&gt;&gt;</a>&nbsp;&nbsp;&nbsp;UART0_Handler
<LI><a href="#[28f]">&gt;&gt;</a>&nbsp;&nbsp;&nbsp;le_set_dev_bond_info
<LI><a href="#[287]">&gt;&gt;</a>&nbsp;&nbsp;&nbsp;le_key_entry_init
<LI><a href="#[285]">&gt;&gt;</a>&nbsp;&nbsp;&nbsp;le_get_dev_bond_info
<LI><a href="#[283]">&gt;&gt;</a>&nbsp;&nbsp;&nbsp;le_bond_get_sec_level
<LI><a href="#[27e]">&gt;&gt;</a>&nbsp;&nbsp;&nbsp;patch_le_link_disconnected
<LI><a href="#[27c]">&gt;&gt;</a>&nbsp;&nbsp;&nbsp;le_gen_rand_addr
<LI><a href="#[279]">&gt;&gt;</a>&nbsp;&nbsp;&nbsp;le_check_privacy_bond
<LI><a href="#[272]">&gt;&gt;</a>&nbsp;&nbsp;&nbsp;patch_le_link_handle_disconnect_rsp
<LI><a href="#[397]">&gt;&gt;</a>&nbsp;&nbsp;&nbsp;fn_handle_frnd_poll
<LI><a href="#[384]">&gt;&gt;</a>&nbsp;&nbsp;&nbsp;frnd_clear
<LI><a href="#[340]">&gt;&gt;</a>&nbsp;&nbsp;&nbsp;vir_addr_gen
<LI><a href="#[37a]">&gt;&gt;</a>&nbsp;&nbsp;&nbsp;rpl_init
<LI><a href="#[352]">&gt;&gt;</a>&nbsp;&nbsp;&nbsp;mesh_k4
<LI><a href="#[349]">&gt;&gt;</a>&nbsp;&nbsp;&nbsp;mesh_k3
<LI><a href="#[348]">&gt;&gt;</a>&nbsp;&nbsp;&nbsp;mesh_k2
<LI><a href="#[342]">&gt;&gt;</a>&nbsp;&nbsp;&nbsp;mesh_flash_store
<LI><a href="#[34a]">&gt;&gt;</a>&nbsp;&nbsp;&nbsp;identity_key_gen
<LI><a href="#[34b]">&gt;&gt;</a>&nbsp;&nbsp;&nbsp;beacon_key_gen
<LI><a href="#[373]">&gt;&gt;</a>&nbsp;&nbsp;&nbsp;iv_index_timeout_cb
<LI><a href="#[36b]">&gt;&gt;</a>&nbsp;&nbsp;&nbsp;iv_index_update
<LI><a href="#[351]">&gt;&gt;</a>&nbsp;&nbsp;&nbsp;app_key_update
<LI><a href="#[34f]">&gt;&gt;</a>&nbsp;&nbsp;&nbsp;frnd_key_update
<LI><a href="#[347]">&gt;&gt;</a>&nbsp;&nbsp;&nbsp;net_key_update
<LI><a href="#[33d]">&gt;&gt;</a>&nbsp;&nbsp;&nbsp;proxy_server_add
<LI><a href="#[33c]">&gt;&gt;</a>&nbsp;&nbsp;&nbsp;prov_server_add
<LI><a href="#[33a]">&gt;&gt;</a>&nbsp;&nbsp;&nbsp;identity_hash_gen
<LI><a href="#[339]">&gt;&gt;</a>&nbsp;&nbsp;&nbsp;mesh_service_identity_adv_send
<LI><a href="#[1c]">&gt;&gt;</a>&nbsp;&nbsp;&nbsp;mesh_service_timeout_cb
<LI><a href="#[333]">&gt;&gt;</a>&nbsp;&nbsp;&nbsp;prov_disconnect
<LI><a href="#[338]">&gt;&gt;</a>&nbsp;&nbsp;&nbsp;prov_allocate
<LI><a href="#[332]">&gt;&gt;</a>&nbsp;&nbsp;&nbsp;prov_timeout_cb
<LI><a href="#[32f]">&gt;&gt;</a>&nbsp;&nbsp;&nbsp;prov_data_crypto
<LI><a href="#[32e]">&gt;&gt;</a>&nbsp;&nbsp;&nbsp;prov_data_keys_gen
<LI><a href="#[32d]">&gt;&gt;</a>&nbsp;&nbsp;&nbsp;prov_confirmation_gen
<LI><a href="#[32a]">&gt;&gt;</a>&nbsp;&nbsp;&nbsp;prov_conf_keys_gen
<LI><a href="#[328]">&gt;&gt;</a>&nbsp;&nbsp;&nbsp;prov_ecdh_secret_gen
<LI><a href="#[326]">&gt;&gt;</a>&nbsp;&nbsp;&nbsp;prov_ecc_key_validate
<LI><a href="#[324]">&gt;&gt;</a>&nbsp;&nbsp;&nbsp;prov_ecc_key_gen
<LI><a href="#[307]">&gt;&gt;</a>&nbsp;&nbsp;&nbsp;trans_handle_timeout
<LI><a href="#[30b]">&gt;&gt;</a>&nbsp;&nbsp;&nbsp;proxy_handle_timeout
<LI><a href="#[306]">&gt;&gt;</a>&nbsp;&nbsp;&nbsp;pb_adv_handle_timeout
<LI><a href="#[31f]">&gt;&gt;</a>&nbsp;&nbsp;&nbsp;mesh_service_identity_adv_start
<LI><a href="#[31e]">&gt;&gt;</a>&nbsp;&nbsp;&nbsp;mesh_service_adv_start
<LI><a href="#[302]">&gt;&gt;</a>&nbsp;&nbsp;&nbsp;mesh_service_adv_send
<LI><a href="#[321]">&gt;&gt;</a>&nbsp;&nbsp;&nbsp;mesh_model_pub_start
<LI><a href="#[30e]">&gt;&gt;</a>&nbsp;&nbsp;&nbsp;mesh_flash_restore
<LI><a href="#[309]">&gt;&gt;</a>&nbsp;&nbsp;&nbsp;lpn_handle_timeout
<LI><a href="#[301]">&gt;&gt;</a>&nbsp;&nbsp;&nbsp;iv_index_handle_timeout
<LI><a href="#[308]">&gt;&gt;</a>&nbsp;&nbsp;&nbsp;fn_handle_timeout
<LI><a href="#[1b]">&gt;&gt;</a>&nbsp;&nbsp;&nbsp;tick_timer_cb
<LI><a href="#[2fe]">&gt;&gt;</a>&nbsp;&nbsp;&nbsp;mesh_key_refresh
<LI><a href="#[2fd]">&gt;&gt;</a>&nbsp;&nbsp;&nbsp;iv_index_update_try
<LI><a href="#[2f9]">&gt;&gt;</a>&nbsp;&nbsp;&nbsp;beacon_handle_snb
<LI><a href="#[2f8]">&gt;&gt;</a>&nbsp;&nbsp;&nbsp;beacon_start
<LI><a href="#[2f6]">&gt;&gt;</a>&nbsp;&nbsp;&nbsp;beacon_snb_send_via_proxy
<LI><a href="#[2f4]">&gt;&gt;</a>&nbsp;&nbsp;&nbsp;beacon_snb_send
<LI><a href="#[2ed]">&gt;&gt;</a>&nbsp;&nbsp;&nbsp;beacon_udb_send
<LI><a href="#[2e9]">&gt;&gt;</a>&nbsp;&nbsp;&nbsp;pb_adv_receive
<LI><a href="#[2e6]">&gt;&gt;</a>&nbsp;&nbsp;&nbsp;net_receive
<LI><a href="#[2e2]">&gt;&gt;</a>&nbsp;&nbsp;&nbsp;bearer_send_mesh_msg
<LI><a href="#[2dc]">&gt;&gt;</a>&nbsp;&nbsp;&nbsp;trans_send
<LI><a href="#[2dd]">&gt;&gt;</a>&nbsp;&nbsp;&nbsp;access_dispatch
<LI><a href="#[40f]">&gt;&gt;</a>&nbsp;&nbsp;&nbsp;privacy_counter_gen
<LI><a href="#[410]">&gt;&gt;</a>&nbsp;&nbsp;&nbsp;net_obfuscate
<LI><a href="#[40d]">&gt;&gt;</a>&nbsp;&nbsp;&nbsp;net_nonce_gen
<LI><a href="#[40e]">&gt;&gt;</a>&nbsp;&nbsp;&nbsp;net_encrypt
<LI><a href="#[411]">&gt;&gt;</a>&nbsp;&nbsp;&nbsp;net_decrypt
<LI><a href="#[40b]">&gt;&gt;</a>&nbsp;&nbsp;&nbsp;nmc_check
<LI><a href="#[403]">&gt;&gt;</a>&nbsp;&nbsp;&nbsp;trans_handle_ping_pong_msg
<LI><a href="#[3fc]">&gt;&gt;</a>&nbsp;&nbsp;&nbsp;rpl_check
<LI><a href="#[404]">&gt;&gt;</a>&nbsp;&nbsp;&nbsp;lpn_handle_msg
<LI><a href="#[408]">&gt;&gt;</a>&nbsp;&nbsp;&nbsp;lpn_handle_cache_pkt
<LI><a href="#[3f7]">&gt;&gt;</a>&nbsp;&nbsp;&nbsp;app_nonce_gen
<LI><a href="#[3f9]">&gt;&gt;</a>&nbsp;&nbsp;&nbsp;app_encrypt
<LI><a href="#[3fb]">&gt;&gt;</a>&nbsp;&nbsp;&nbsp;app_decrypt
<LI><a href="#[405]">&gt;&gt;</a>&nbsp;&nbsp;&nbsp;trans_receive
<LI><a href="#[400]">&gt;&gt;</a>&nbsp;&nbsp;&nbsp;trans_retransmit
<LI><a href="#[3ff]">&gt;&gt;</a>&nbsp;&nbsp;&nbsp;trans_need_retransmit
<LI><a href="#[3fd]">&gt;&gt;</a>&nbsp;&nbsp;&nbsp;trans_tx_queue_pop
<LI><a href="#[3fa]">&gt;&gt;</a>&nbsp;&nbsp;&nbsp;trans_access_decrypt
<LI><a href="#[3f6]">&gt;&gt;</a>&nbsp;&nbsp;&nbsp;trans_access_encrypt
<LI><a href="#[3f5]">&gt;&gt;</a>&nbsp;&nbsp;&nbsp;trans_send_seg
<LI><a href="#[3f2]">&gt;&gt;</a>&nbsp;&nbsp;&nbsp;trans_seg_ack
<LI><a href="#[3f1]">&gt;&gt;</a>&nbsp;&nbsp;&nbsp;trans_rx_ctx_find1
<LI><a href="#[3ef]">&gt;&gt;</a>&nbsp;&nbsp;&nbsp;trans_rx_incomplete_timer_start
<LI><a href="#[3ed]">&gt;&gt;</a>&nbsp;&nbsp;&nbsp;trans_rx_timer_start
<LI><a href="#[3ea]">&gt;&gt;</a>&nbsp;&nbsp;&nbsp;trans_tx_timer_start
<LI><a href="#[3e7]">&gt;&gt;</a>&nbsp;&nbsp;&nbsp;proxy_filter
<LI><a href="#[3e8]">&gt;&gt;</a>&nbsp;&nbsp;&nbsp;proxy_cfg_receive
<LI><a href="#[3e9]">&gt;&gt;</a>&nbsp;&nbsp;&nbsp;proxy_cfg_handle_msg
<LI><a href="#[3e5]">&gt;&gt;</a>&nbsp;&nbsp;&nbsp;proxy_server_notify
<LI><a href="#[3c]">&gt;&gt;</a>&nbsp;&nbsp;&nbsp;proxy_server_cccd_update_cb
<LI><a href="#[3b]">&gt;&gt;</a>&nbsp;&nbsp;&nbsp;proxy_server_write_cb
<LI><a href="#[3e3]">&gt;&gt;</a>&nbsp;&nbsp;&nbsp;proxy_send
<LI><a href="#[3de]">&gt;&gt;</a>&nbsp;&nbsp;&nbsp;proxy_receive
<LI><a href="#[3e2]">&gt;&gt;</a>&nbsp;&nbsp;&nbsp;proxy_ctx_allocate
<LI><a href="#[1e]">&gt;&gt;</a>&nbsp;&nbsp;&nbsp;prov_service_receive
<LI><a href="#[3a]">&gt;&gt;</a>&nbsp;&nbsp;&nbsp;prov_server_cccd_update_cb
<LI><a href="#[3df]">&gt;&gt;</a>&nbsp;&nbsp;&nbsp;prov_server_notify
<LI><a href="#[39]">&gt;&gt;</a>&nbsp;&nbsp;&nbsp;prov_server_write_cb
<LI><a href="#[3b0]">&gt;&gt;</a>&nbsp;&nbsp;&nbsp;mesh_flash_init
<LI><a href="#[3a1]">&gt;&gt;</a>&nbsp;&nbsp;&nbsp;pb_adv_send
<LI><a href="#[3a2]">&gt;&gt;</a>&nbsp;&nbsp;&nbsp;pb_adv_link_close
<LI><a href="#[3a7]">&gt;&gt;</a>&nbsp;&nbsp;&nbsp;device_receive
<LI><a href="#[3aa]">&gt;&gt;</a>&nbsp;&nbsp;&nbsp;prov_handle_confirmation
<LI><a href="#[3a8]">&gt;&gt;</a>&nbsp;&nbsp;&nbsp;prov_handle_start
<LI><a href="#[3a5]">&gt;&gt;</a>&nbsp;&nbsp;&nbsp;prov_handle_data
<LI><a href="#[3a3]">&gt;&gt;</a>&nbsp;&nbsp;&nbsp;prov_handle_invite
<LI><a href="#[39f]">&gt;&gt;</a>&nbsp;&nbsp;&nbsp;prov_send
<LI><a href="#[383]">&gt;&gt;</a>&nbsp;&nbsp;&nbsp;net_send
<LI><a href="#[39d]">&gt;&gt;</a>&nbsp;&nbsp;&nbsp;fn_clear
<LI><a href="#[39c]">&gt;&gt;</a>&nbsp;&nbsp;&nbsp;fn_cache
<LI><a href="#[396]">&gt;&gt;</a>&nbsp;&nbsp;&nbsp;fn_handle_frnd_clear_conf
<LI><a href="#[395]">&gt;&gt;</a>&nbsp;&nbsp;&nbsp;fn_handle_frnd_clear
<LI><a href="#[391]">&gt;&gt;</a>&nbsp;&nbsp;&nbsp;fn_handle_frnd_req
<LI><a href="#[38d]">&gt;&gt;</a>&nbsp;&nbsp;&nbsp;fn_lpn_sub_remove
<LI><a href="#[38c]">&gt;&gt;</a>&nbsp;&nbsp;&nbsp;fn_lpn_sub_add
<LI><a href="#[389]">&gt;&gt;</a>&nbsp;&nbsp;&nbsp;fn_frnd_queue_add
<LI><a href="#[388]">&gt;&gt;</a>&nbsp;&nbsp;&nbsp;fn_frnd_queue_delete
<LI><a href="#[387]">&gt;&gt;</a>&nbsp;&nbsp;&nbsp;frnd_update
<LI><a href="#[46f]">&gt;&gt;</a>&nbsp;&nbsp;&nbsp;cfg_server_receive
<LI><a href="#[43c]">&gt;&gt;</a>&nbsp;&nbsp;&nbsp;hb_timer_stop
<LI><a href="#[43b]">&gt;&gt;</a>&nbsp;&nbsp;&nbsp;hb_timer_start
<LI><a href="#[43a]">&gt;&gt;</a>&nbsp;&nbsp;&nbsp;hb_timer_cb
<LI><a href="#[431]">&gt;&gt;</a>&nbsp;&nbsp;&nbsp;hb_msg_send
<LI><a href="#[436]">&gt;&gt;</a>&nbsp;&nbsp;&nbsp;lpn_init
<LI><a href="#[434]">&gt;&gt;</a>&nbsp;&nbsp;&nbsp;lpn_req
<LI><a href="#[430]">&gt;&gt;</a>&nbsp;&nbsp;&nbsp;lpn_handle_frnd_upd
<LI><a href="#[42f]">&gt;&gt;</a>&nbsp;&nbsp;&nbsp;lpn_handle_frnd_offer
<LI><a href="#[42a]">&gt;&gt;</a>&nbsp;&nbsp;&nbsp;frnd_poll
<LI><a href="#[428]">&gt;&gt;</a>&nbsp;&nbsp;&nbsp;frnd_req
<LI><a href="#[427]">&gt;&gt;</a>&nbsp;&nbsp;&nbsp;frnd_poll_cb
<LI><a href="#[42c]">&gt;&gt;</a>&nbsp;&nbsp;&nbsp;frnd_clear
<LI><a href="#[41f]">&gt;&gt;</a>&nbsp;&nbsp;&nbsp;pb_adv_link_open
<LI><a href="#[41a]">&gt;&gt;</a>&nbsp;&nbsp;&nbsp;msg_ack
<LI><a href="#[418]">&gt;&gt;</a>&nbsp;&nbsp;&nbsp;msg_send
<LI><a href="#[417]">&gt;&gt;</a>&nbsp;&nbsp;&nbsp;link_close
<LI><a href="#[416]">&gt;&gt;</a>&nbsp;&nbsp;&nbsp;link_ack
<LI><a href="#[415]">&gt;&gt;</a>&nbsp;&nbsp;&nbsp;link_open
<LI><a href="#[414]">&gt;&gt;</a>&nbsp;&nbsp;&nbsp;proxy_nonce_gen
</UL>

<P><STRONG><a name="[234]"></a>trace_bdaddr</STRONG> (Thumb, 0 bytes, Stack size 0 bytes, ROM.lib(ABSOLUTE))
<BR><BR>[Called By]<UL><LI><a href="#[13]">&gt;&gt;</a>&nbsp;&nbsp;&nbsp;app_gap_callback
<LI><a href="#[233]">&gt;&gt;</a>&nbsp;&nbsp;&nbsp;app_handle_conn_state_evt
<LI><a href="#[287]">&gt;&gt;</a>&nbsp;&nbsp;&nbsp;le_key_entry_init
<LI><a href="#[27c]">&gt;&gt;</a>&nbsp;&nbsp;&nbsp;le_gen_rand_addr
</UL>

<P><STRONG><a name="[92]"></a>trace_string</STRONG> (Thumb, 0 bytes, Stack size 0 bytes, ROM.lib(ABSOLUTE))
<BR><BR>[Called By]<UL><LI><a href="#[8e]">&gt;&gt;</a>&nbsp;&nbsp;&nbsp;pre_main
<LI><a href="#[93]">&gt;&gt;</a>&nbsp;&nbsp;&nbsp;AppUpdateVectorTable
<LI><a href="#[11]">&gt;&gt;</a>&nbsp;&nbsp;&nbsp;prov_cb
</UL>

<P><STRONG><a name="[e0]"></a>trace_binary</STRONG> (Thumb, 0 bytes, Stack size 0 bytes, ROM.lib(ABSOLUTE))
<BR><BR>[Called By]<UL><LI><a href="#[107]">&gt;&gt;</a>&nbsp;&nbsp;&nbsp;ais_server_handle_msg
<LI><a href="#[104]">&gt;&gt;</a>&nbsp;&nbsp;&nbsp;ais_server_notify
<LI><a href="#[ff]">&gt;&gt;</a>&nbsp;&nbsp;&nbsp;ais_server_indicate
<LI><a href="#[fc]">&gt;&gt;</a>&nbsp;&nbsp;&nbsp;ais_server_send
<LI><a href="#[df]">&gt;&gt;</a>&nbsp;&nbsp;&nbsp;dfu_client_cp_write
<LI><a href="#[13d]">&gt;&gt;</a>&nbsp;&nbsp;&nbsp;obj_transfer_server_receive
<LI><a href="#[137]">&gt;&gt;</a>&nbsp;&nbsp;&nbsp;obj_transfer_server_handle_obj_block_transfer_start
<LI><a href="#[162]">&gt;&gt;</a>&nbsp;&nbsp;&nbsp;fw_update_server_data_cb
<LI><a href="#[11]">&gt;&gt;</a>&nbsp;&nbsp;&nbsp;prov_cb
<LI><a href="#[1f1]">&gt;&gt;</a>&nbsp;&nbsp;&nbsp;compo_data_page0_gen
<LI><a href="#[340]">&gt;&gt;</a>&nbsp;&nbsp;&nbsp;vir_addr_gen
<LI><a href="#[352]">&gt;&gt;</a>&nbsp;&nbsp;&nbsp;mesh_k4
<LI><a href="#[349]">&gt;&gt;</a>&nbsp;&nbsp;&nbsp;mesh_k3
<LI><a href="#[348]">&gt;&gt;</a>&nbsp;&nbsp;&nbsp;mesh_k2
<LI><a href="#[34a]">&gt;&gt;</a>&nbsp;&nbsp;&nbsp;identity_key_gen
<LI><a href="#[34b]">&gt;&gt;</a>&nbsp;&nbsp;&nbsp;beacon_key_gen
<LI><a href="#[33a]">&gt;&gt;</a>&nbsp;&nbsp;&nbsp;identity_hash_gen
<LI><a href="#[32f]">&gt;&gt;</a>&nbsp;&nbsp;&nbsp;prov_data_crypto
<LI><a href="#[32e]">&gt;&gt;</a>&nbsp;&nbsp;&nbsp;prov_data_keys_gen
<LI><a href="#[32d]">&gt;&gt;</a>&nbsp;&nbsp;&nbsp;prov_confirmation_gen
<LI><a href="#[32a]">&gt;&gt;</a>&nbsp;&nbsp;&nbsp;prov_conf_keys_gen
<LI><a href="#[328]">&gt;&gt;</a>&nbsp;&nbsp;&nbsp;prov_ecdh_secret_gen
<LI><a href="#[324]">&gt;&gt;</a>&nbsp;&nbsp;&nbsp;prov_ecc_key_gen
<LI><a href="#[2f9]">&gt;&gt;</a>&nbsp;&nbsp;&nbsp;beacon_handle_snb
<LI><a href="#[2f6]">&gt;&gt;</a>&nbsp;&nbsp;&nbsp;beacon_snb_send_via_proxy
<LI><a href="#[2f4]">&gt;&gt;</a>&nbsp;&nbsp;&nbsp;beacon_snb_send
<LI><a href="#[2ed]">&gt;&gt;</a>&nbsp;&nbsp;&nbsp;beacon_udb_send
<LI><a href="#[2dd]">&gt;&gt;</a>&nbsp;&nbsp;&nbsp;access_dispatch
<LI><a href="#[40f]">&gt;&gt;</a>&nbsp;&nbsp;&nbsp;privacy_counter_gen
<LI><a href="#[410]">&gt;&gt;</a>&nbsp;&nbsp;&nbsp;net_obfuscate
<LI><a href="#[40d]">&gt;&gt;</a>&nbsp;&nbsp;&nbsp;net_nonce_gen
<LI><a href="#[40e]">&gt;&gt;</a>&nbsp;&nbsp;&nbsp;net_encrypt
<LI><a href="#[411]">&gt;&gt;</a>&nbsp;&nbsp;&nbsp;net_decrypt
<LI><a href="#[3f7]">&gt;&gt;</a>&nbsp;&nbsp;&nbsp;app_nonce_gen
<LI><a href="#[3f9]">&gt;&gt;</a>&nbsp;&nbsp;&nbsp;app_encrypt
<LI><a href="#[3fb]">&gt;&gt;</a>&nbsp;&nbsp;&nbsp;app_decrypt
<LI><a href="#[3f6]">&gt;&gt;</a>&nbsp;&nbsp;&nbsp;trans_access_encrypt
<LI><a href="#[3e9]">&gt;&gt;</a>&nbsp;&nbsp;&nbsp;proxy_cfg_handle_msg
<LI><a href="#[3de]">&gt;&gt;</a>&nbsp;&nbsp;&nbsp;proxy_receive
<LI><a href="#[3a7]">&gt;&gt;</a>&nbsp;&nbsp;&nbsp;device_receive
<LI><a href="#[39f]">&gt;&gt;</a>&nbsp;&nbsp;&nbsp;prov_send
<LI><a href="#[383]">&gt;&gt;</a>&nbsp;&nbsp;&nbsp;net_send
<LI><a href="#[414]">&gt;&gt;</a>&nbsp;&nbsp;&nbsp;proxy_nonce_gen
</UL>

<P><STRONG><a name="[99]"></a>log_module_trace_init</STRONG> (Thumb, 0 bytes, Stack size 0 bytes, ROM.lib(ABSOLUTE))
<BR><BR>[Called By]<UL><LI><a href="#[2]">&gt;&gt;</a>&nbsp;&nbsp;&nbsp;common_main
</UL>

<P><STRONG><a name="[1e7]"></a>log_module_trace_set</STRONG> (Thumb, 0 bytes, Stack size 0 bytes, ROM.lib(ABSOLUTE))
<BR><BR>[Called By]<UL><LI><a href="#[1e5]">&gt;&gt;</a>&nbsp;&nbsp;&nbsp;mesh_stack_init
</UL>

<P><STRONG><a name="[1e6]"></a>log_module_bitmap_trace_set</STRONG> (Thumb, 0 bytes, Stack size 0 bytes, ROM.lib(ABSOLUTE))
<BR><BR>[Called By]<UL><LI><a href="#[1e5]">&gt;&gt;</a>&nbsp;&nbsp;&nbsp;mesh_stack_init
</UL>

<P><STRONG><a name="[206]"></a>dlps_check_cb_reg</STRONG> (Thumb, 0 bytes, Stack size 0 bytes, ROM.lib(ABSOLUTE))
<BR><BR>[Called By]<UL><LI><a href="#[205]">&gt;&gt;</a>&nbsp;&nbsp;&nbsp;pwr_mgr_init
</UL>

<P><STRONG><a name="[a6]"></a>dlps_hw_control_cb_reg</STRONG> (Thumb, 0 bytes, Stack size 0 bytes, ROM.lib(ABSOLUTE))
<BR><BR>[Called By]<UL><LI><a href="#[a5]">&gt;&gt;</a>&nbsp;&nbsp;&nbsp;DLPS_IORegister
</UL>

<P><STRONG><a name="[207]"></a>lps_mode_set</STRONG> (Thumb, 0 bytes, Stack size 0 bytes, ROM.lib(ABSOLUTE))
<BR><BR>[Called By]<UL><LI><a href="#[205]">&gt;&gt;</a>&nbsp;&nbsp;&nbsp;pwr_mgr_init
</UL>

<P><STRONG><a name="[3bc]"></a>aes128_ecb_encrypt</STRONG> (Thumb, 0 bytes, Stack size 0 bytes, ROM.lib(ABSOLUTE))
<BR><BR>[Called By]<UL><LI><a href="#[33a]">&gt;&gt;</a>&nbsp;&nbsp;&nbsp;identity_hash_gen
<LI><a href="#[2f0]">&gt;&gt;</a>&nbsp;&nbsp;&nbsp;AES_CMAC
<LI><a href="#[410]">&gt;&gt;</a>&nbsp;&nbsp;&nbsp;net_obfuscate
<LI><a href="#[3c0]">&gt;&gt;</a>&nbsp;&nbsp;&nbsp;ccm_auth_crypt
<LI><a href="#[3bb]">&gt;&gt;</a>&nbsp;&nbsp;&nbsp;generate_subkey
</UL>

<P><STRONG><a name="[ea]"></a>aes256_ecb_encrypt_msb2lsb</STRONG> (Thumb, 0 bytes, Stack size 0 bytes, ROM.lib(ABSOLUTE))
<BR><BR>[Called By]<UL><LI><a href="#[e9]">&gt;&gt;</a>&nbsp;&nbsp;&nbsp;dfu_encrypt
</UL>

<P><STRONG><a name="[ad]"></a>aes256_ecb_decrypt_msb2lsb</STRONG> (Thumb, 0 bytes, Stack size 0 bytes, ROM.lib(ABSOLUTE))
<BR><BR>[Called By]<UL><LI><a href="#[ab]">&gt;&gt;</a>&nbsp;&nbsp;&nbsp;dfu_decrypt
</UL>

<P><STRONG><a name="[ca]"></a>flash_lock</STRONG> (Thumb, 0 bytes, Stack size 0 bytes, ROM.lib(ABSOLUTE))
<BR><BR>[Called By]<UL><LI><a href="#[107]">&gt;&gt;</a>&nbsp;&nbsp;&nbsp;ais_server_handle_msg
<LI><a href="#[c4]">&gt;&gt;</a>&nbsp;&nbsp;&nbsp;dfu_server_handle_cp
<LI><a href="#[162]">&gt;&gt;</a>&nbsp;&nbsp;&nbsp;fw_update_server_data_cb
<LI><a href="#[258]">&gt;&gt;</a>&nbsp;&nbsp;&nbsp;silent_dfu_check_checksum
</UL>

<P><STRONG><a name="[cc]"></a>flash_unlock</STRONG> (Thumb, 0 bytes, Stack size 0 bytes, ROM.lib(ABSOLUTE))
<BR><BR>[Called By]<UL><LI><a href="#[107]">&gt;&gt;</a>&nbsp;&nbsp;&nbsp;ais_server_handle_msg
<LI><a href="#[c4]">&gt;&gt;</a>&nbsp;&nbsp;&nbsp;dfu_server_handle_cp
<LI><a href="#[162]">&gt;&gt;</a>&nbsp;&nbsp;&nbsp;fw_update_server_data_cb
<LI><a href="#[258]">&gt;&gt;</a>&nbsp;&nbsp;&nbsp;silent_dfu_check_checksum
</UL>

<P><STRONG><a name="[48b]"></a>flash_get_block_protect</STRONG> (Thumb, 0 bytes, Stack size 0 bytes, ROM.lib(ABSOLUTE))
<BR><BR>[Called By]<UL><LI><a href="#[489]">&gt;&gt;</a>&nbsp;&nbsp;&nbsp;flash_sw_protect_unlock_by_addr_new
</UL>

<P><STRONG><a name="[487]"></a>flash_set_block_protect</STRONG> (Thumb, 0 bytes, Stack size 0 bytes, ROM.lib(ABSOLUTE))
<BR><BR>[Called By]<UL><LI><a href="#[24b]">&gt;&gt;</a>&nbsp;&nbsp;&nbsp;flash_set_block_protect_locked
<LI><a href="#[489]">&gt;&gt;</a>&nbsp;&nbsp;&nbsp;flash_sw_protect_unlock_by_addr_new
</UL>

<P><STRONG><a name="[15f]"></a>ftl_load</STRONG> (Thumb, 0 bytes, Stack size 0 bytes, ROM.lib(ABSOLUTE))
<BR><BR>[Called By]<UL><LI><a href="#[181]">&gt;&gt;</a>&nbsp;&nbsp;&nbsp;light_flash_read
<LI><a href="#[166]">&gt;&gt;</a>&nbsp;&nbsp;&nbsp;mesh_flash_restore_node_state
<LI><a href="#[160]">&gt;&gt;</a>&nbsp;&nbsp;&nbsp;dfu_updater_nvm_clear
<LI><a href="#[15e]">&gt;&gt;</a>&nbsp;&nbsp;&nbsp;dfu_updater_nvm_load
<LI><a href="#[342]">&gt;&gt;</a>&nbsp;&nbsp;&nbsp;mesh_flash_store
<LI><a href="#[37c]">&gt;&gt;</a>&nbsp;&nbsp;&nbsp;mesh_flash_clear
<LI><a href="#[30e]">&gt;&gt;</a>&nbsp;&nbsp;&nbsp;mesh_flash_restore
<LI><a href="#[3b0]">&gt;&gt;</a>&nbsp;&nbsp;&nbsp;mesh_flash_init
</UL>

<P><STRONG><a name="[161]"></a>ftl_save</STRONG> (Thumb, 0 bytes, Stack size 0 bytes, ROM.lib(ABSOLUTE))
<BR><BR>[Called By]<UL><LI><a href="#[180]">&gt;&gt;</a>&nbsp;&nbsp;&nbsp;light_flash_write
<LI><a href="#[164]">&gt;&gt;</a>&nbsp;&nbsp;&nbsp;obj_transfer_server_data_cb
<LI><a href="#[160]">&gt;&gt;</a>&nbsp;&nbsp;&nbsp;dfu_updater_nvm_clear
<LI><a href="#[342]">&gt;&gt;</a>&nbsp;&nbsp;&nbsp;mesh_flash_store
<LI><a href="#[37c]">&gt;&gt;</a>&nbsp;&nbsp;&nbsp;mesh_flash_clear
<LI><a href="#[3b0]">&gt;&gt;</a>&nbsp;&nbsp;&nbsp;mesh_flash_init
</UL>

<P><STRONG><a name="[48a]"></a>flash_get_flash_exist</STRONG> (Thumb, 0 bytes, Stack size 0 bytes, ROM.lib(ABSOLUTE))
<BR><BR>[Called By]<UL><LI><a href="#[489]">&gt;&gt;</a>&nbsp;&nbsp;&nbsp;flash_sw_protect_unlock_by_addr_new
</UL>

<P><STRONG><a name="[251]"></a>flash_get_bank_addr</STRONG> (Thumb, 0 bytes, Stack size 0 bytes, ROM.lib(ABSOLUTE))
<BR><BR>[Called By]<UL><LI><a href="#[24e]">&gt;&gt;</a>&nbsp;&nbsp;&nbsp;get_temp_ota_bank_size_by_img_id
</UL>

<P><STRONG><a name="[250]"></a>flash_get_bank_size</STRONG> (Thumb, 0 bytes, Stack size 0 bytes, ROM.lib(ABSOLUTE))
<BR><BR>[Called By]<UL><LI><a href="#[24e]">&gt;&gt;</a>&nbsp;&nbsp;&nbsp;get_temp_ota_bank_size_by_img_id
</UL>

<P><STRONG><a name="[21e]"></a>flash_erase_locked</STRONG> (Thumb, 0 bytes, Stack size 0 bytes, ROM.lib(ABSOLUTE))
<BR><BR>[Called By]<UL><LI><a href="#[24c]">&gt;&gt;</a>&nbsp;&nbsp;&nbsp;flash_erase_sector
<LI><a href="#[22d]">&gt;&gt;</a>&nbsp;&nbsp;&nbsp;timer_sort
<LI><a href="#[223]">&gt;&gt;</a>&nbsp;&nbsp;&nbsp;check_timer_valid
<LI><a href="#[21c]">&gt;&gt;</a>&nbsp;&nbsp;&nbsp;user_data_write_ali_data
<LI><a href="#[20e]">&gt;&gt;</a>&nbsp;&nbsp;&nbsp;is_in_list
<LI><a href="#[483]">&gt;&gt;</a>&nbsp;&nbsp;&nbsp;_cfg_write_to_flash
</UL>

<P><STRONG><a name="[8d]"></a>flash_ioctl</STRONG> (Thumb, 0 bytes, Stack size 0 bytes, ROM.lib(ABSOLUTE))
<BR><BR>[Called By]<UL><LI><a href="#[9c]">&gt;&gt;</a>&nbsp;&nbsp;&nbsp;flash_try_high_speed
<LI><a href="#[8b]">&gt;&gt;</a>&nbsp;&nbsp;&nbsp;print_reset_reason
</UL>

<P><STRONG><a name="[21f]"></a>flash_write_locked</STRONG> (Thumb, 0 bytes, Stack size 0 bytes, ROM.lib(ABSOLUTE))
<BR><BR>[Called By]<UL><LI><a href="#[258]">&gt;&gt;</a>&nbsp;&nbsp;&nbsp;silent_dfu_check_checksum
<LI><a href="#[21c]">&gt;&gt;</a>&nbsp;&nbsp;&nbsp;user_data_write_ali_data
<LI><a href="#[483]">&gt;&gt;</a>&nbsp;&nbsp;&nbsp;_cfg_write_to_flash
</UL>

<P><STRONG><a name="[255]"></a>flash_auto_write_locked</STRONG> (Thumb, 0 bytes, Stack size 0 bytes, ROM.lib(ABSOLUTE))
<BR><BR>[Called By]<UL><LI><a href="#[bc]">&gt;&gt;</a>&nbsp;&nbsp;&nbsp;sil_dfu_update
</UL>

<P><STRONG><a name="[224]"></a>flash_auto_write_buffer_locked</STRONG> (Thumb, 0 bytes, Stack size 0 bytes, ROM.lib(ABSOLUTE))
<BR><BR>[Called By]<UL><LI><a href="#[22d]">&gt;&gt;</a>&nbsp;&nbsp;&nbsp;timer_sort
<LI><a href="#[223]">&gt;&gt;</a>&nbsp;&nbsp;&nbsp;check_timer_valid
<LI><a href="#[20e]">&gt;&gt;</a>&nbsp;&nbsp;&nbsp;is_in_list
</UL>

<P><STRONG><a name="[21d]"></a>flash_read_locked</STRONG> (Thumb, 0 bytes, Stack size 0 bytes, ROM.lib(ABSOLUTE))
<BR><BR>[Called By]<UL><LI><a href="#[10a]">&gt;&gt;</a>&nbsp;&nbsp;&nbsp;user_data_read_ali_secret_key
<LI><a href="#[10b]">&gt;&gt;</a>&nbsp;&nbsp;&nbsp;user_data_read_ali_product_id
<LI><a href="#[109]">&gt;&gt;</a>&nbsp;&nbsp;&nbsp;user_data_contains_ali_data
<LI><a href="#[258]">&gt;&gt;</a>&nbsp;&nbsp;&nbsp;silent_dfu_check_checksum
<LI><a href="#[213]">&gt;&gt;</a>&nbsp;&nbsp;&nbsp;timer_list_init
</UL>

<P><STRONG><a name="[256]"></a>flash_auto_read_locked</STRONG> (Thumb, 0 bytes, Stack size 0 bytes, ROM.lib(ABSOLUTE))
<BR><BR>[Called By]<UL><LI><a href="#[bc]">&gt;&gt;</a>&nbsp;&nbsp;&nbsp;sil_dfu_update
<LI><a href="#[25a]">&gt;&gt;</a>&nbsp;&nbsp;&nbsp;dfu_flash_check_appdefine_blank
</UL>

<P><STRONG><a name="[94]"></a>check_hci_mode_flag</STRONG> (Thumb, 0 bytes, Stack size 0 bytes, ROM.lib(ABSOLUTE))
<BR><BR>[Called By]<UL><LI><a href="#[1]">&gt;&gt;</a>&nbsp;&nbsp;&nbsp;SystemInit
</UL>

<P><STRONG><a name="[259]"></a>check_image_chksum</STRONG> (Thumb, 0 bytes, Stack size 0 bytes, ROM.lib(ABSOLUTE), UNUSED)
<BR><BR>[Called By]<UL><LI><a href="#[258]">&gt;&gt;</a>&nbsp;&nbsp;&nbsp;silent_dfu_check_checksum
</UL>

<P><STRONG><a name="[253]"></a>check_header_valid</STRONG> (Thumb, 0 bytes, Stack size 0 bytes, ROM.lib(ABSOLUTE))
<BR><BR>[Called By]<UL><LI><a href="#[24e]">&gt;&gt;</a>&nbsp;&nbsp;&nbsp;get_temp_ota_bank_size_by_img_id
</UL>

<P><STRONG><a name="[b1]"></a>get_header_addr_by_img_id</STRONG> (Thumb, 0 bytes, Stack size 0 bytes, ROM.lib(ABSOLUTE))
<BR><BR>[Called By]<UL><LI><a href="#[106]">&gt;&gt;</a>&nbsp;&nbsp;&nbsp;ais_server_get_image_ver
<LI><a href="#[32]">&gt;&gt;</a>&nbsp;&nbsp;&nbsp;ota_attr_read_cb
<LI><a href="#[ed]">&gt;&gt;</a>&nbsp;&nbsp;&nbsp;dfu_client_handle_cp_msg
<LI><a href="#[eb]">&gt;&gt;</a>&nbsp;&nbsp;&nbsp;dfu_client_push_image
<LI><a href="#[e7]">&gt;&gt;</a>&nbsp;&nbsp;&nbsp;dfu_client_init
<LI><a href="#[c4]">&gt;&gt;</a>&nbsp;&nbsp;&nbsp;dfu_server_handle_cp
<LI><a href="#[ae]">&gt;&gt;</a>&nbsp;&nbsp;&nbsp;dfu_server_adv_send
</UL>

<P><STRONG><a name="[24f]"></a>is_ota_support_bank_switch</STRONG> (Thumb, 0 bytes, Stack size 0 bytes, ROM.lib(ABSOLUTE))
<BR><BR>[Called By]<UL><LI><a href="#[24e]">&gt;&gt;</a>&nbsp;&nbsp;&nbsp;get_temp_ota_bank_size_by_img_id
</UL>

<P><STRONG><a name="[24d]"></a>get_temp_ota_bank_addr_by_img_id</STRONG> (Thumb, 0 bytes, Stack size 0 bytes, ROM.lib(ABSOLUTE))
<BR><BR>[Called By]<UL><LI><a href="#[bc]">&gt;&gt;</a>&nbsp;&nbsp;&nbsp;sil_dfu_update
<LI><a href="#[bd]">&gt;&gt;</a>&nbsp;&nbsp;&nbsp;sil_dfu_flash_erase
</UL>

<P><STRONG><a name="[229]"></a>NVIC_Init</STRONG> (Thumb, 0 bytes, Stack size 0 bytes, ROM.lib(ABSOLUTE))
<BR><BR>[Called By]<UL><LI><a href="#[5]">&gt;&gt;</a>&nbsp;&nbsp;&nbsp;DLPS_IO_ExitDlpsCb
<LI><a href="#[1dc]">&gt;&gt;</a>&nbsp;&nbsp;&nbsp;data_uart_init
<LI><a href="#[1de]">&gt;&gt;</a>&nbsp;&nbsp;&nbsp;RTC_init
</UL>

<P><STRONG><a name="[175]"></a>Pinmux_Config</STRONG> (Thumb, 0 bytes, Stack size 0 bytes, ROM.lib(ABSOLUTE))
<BR><BR>[Called By]<UL><LI><a href="#[1dc]">&gt;&gt;</a>&nbsp;&nbsp;&nbsp;data_uart_init
<LI><a href="#[1b2]">&gt;&gt;</a>&nbsp;&nbsp;&nbsp;board_plug_io_init
<LI><a href="#[173]">&gt;&gt;</a>&nbsp;&nbsp;&nbsp;light_pin_config
</UL>

<P><STRONG><a name="[174]"></a>Pad_Config</STRONG> (Thumb, 0 bytes, Stack size 0 bytes, ROM.lib(ABSOLUTE))
<BR><BR>[Called By]<UL><LI><a href="#[5]">&gt;&gt;</a>&nbsp;&nbsp;&nbsp;DLPS_IO_ExitDlpsCb
<LI><a href="#[4]">&gt;&gt;</a>&nbsp;&nbsp;&nbsp;DLPS_IO_EnterDlpsCb
<LI><a href="#[1dc]">&gt;&gt;</a>&nbsp;&nbsp;&nbsp;data_uart_init
<LI><a href="#[1b9]">&gt;&gt;</a>&nbsp;&nbsp;&nbsp;plug_io_on_off_pin_exit_dlps_config
<LI><a href="#[1b8]">&gt;&gt;</a>&nbsp;&nbsp;&nbsp;plug_io_on_off_pin_enter_dlps_config
<LI><a href="#[1b2]">&gt;&gt;</a>&nbsp;&nbsp;&nbsp;board_plug_io_init
<LI><a href="#[17f]">&gt;&gt;</a>&nbsp;&nbsp;&nbsp;plug_light_enter_dlps_config
<LI><a href="#[17d]">&gt;&gt;</a>&nbsp;&nbsp;&nbsp;light_pin_dlps_config
<LI><a href="#[173]">&gt;&gt;</a>&nbsp;&nbsp;&nbsp;light_pin_config
</UL>

<P><STRONG><a name="[22f]"></a>RTC_WriteReg</STRONG> (Thumb, 0 bytes, Stack size 0 bytes, ROM.lib(ABSOLUTE))
<BR><BR>[Called By]<UL><LI><a href="#[53]">&gt;&gt;</a>&nbsp;&nbsp;&nbsp;RTC_Handler
<LI><a href="#[22b]">&gt;&gt;</a>&nbsp;&nbsp;&nbsp;RTC_ResetCounter
</UL>

<P><STRONG><a name="[225]"></a>RTC_SetPrescaler</STRONG> (Thumb, 0 bytes, Stack size 0 bytes, ROM.lib(ABSOLUTE))
<BR><BR>[Called By]<UL><LI><a href="#[1de]">&gt;&gt;</a>&nbsp;&nbsp;&nbsp;RTC_init
</UL>

<P><STRONG><a name="[226]"></a>RTC_SetComp</STRONG> (Thumb, 0 bytes, Stack size 0 bytes, ROM.lib(ABSOLUTE))
<BR><BR>[Called By]<UL><LI><a href="#[1de]">&gt;&gt;</a>&nbsp;&nbsp;&nbsp;RTC_init
<LI><a href="#[53]">&gt;&gt;</a>&nbsp;&nbsp;&nbsp;RTC_Handler
</UL>

<P><STRONG><a name="[22a]"></a>RTC_RunCmd</STRONG> (Thumb, 0 bytes, Stack size 0 bytes, ROM.lib(ABSOLUTE))
<BR><BR>[Called By]<UL><LI><a href="#[210]">&gt;&gt;</a>&nbsp;&nbsp;&nbsp;unix2UTC
</UL>

<P><STRONG><a name="[227]"></a>RTC_MaskINTConfig</STRONG> (Thumb, 0 bytes, Stack size 0 bytes, ROM.lib(ABSOLUTE))
<BR><BR>[Called By]<UL><LI><a href="#[1de]">&gt;&gt;</a>&nbsp;&nbsp;&nbsp;RTC_init
</UL>

<P><STRONG><a name="[228]"></a>RTC_CompINTConfig</STRONG> (Thumb, 0 bytes, Stack size 0 bytes, ROM.lib(ABSOLUTE))
<BR><BR>[Called By]<UL><LI><a href="#[1de]">&gt;&gt;</a>&nbsp;&nbsp;&nbsp;RTC_init
</UL>

<P><STRONG><a name="[22e]"></a>RTC_GetINTStatus</STRONG> (Thumb, 0 bytes, Stack size 0 bytes, ROM.lib(ABSOLUTE))
<BR><BR>[Called By]<UL><LI><a href="#[53]">&gt;&gt;</a>&nbsp;&nbsp;&nbsp;RTC_Handler
</UL>

<P><STRONG><a name="[97]"></a>WDG_Disable</STRONG> (Thumb, 0 bytes, Stack size 0 bytes, ROM.lib(ABSOLUTE))
<BR><BR>[Called By]<UL><LI><a href="#[2]">&gt;&gt;</a>&nbsp;&nbsp;&nbsp;common_main
</UL>

<P><STRONG><a name="[3b6]"></a>btif_vendor_cmd_req</STRONG> (Thumb, 0 bytes, Stack size 0 bytes, ROM.lib(ABSOLUTE))
<BR><BR>[Called By]<UL><LI><a href="#[2d8]">&gt;&gt;</a>&nbsp;&nbsp;&nbsp;le_vendor_modify_bt_le_fw_policy
<LI><a href="#[3ba]">&gt;&gt;</a>&nbsp;&nbsp;&nbsp;le_vendor_measure_master_clk_freq_mode
<LI><a href="#[3b8]">&gt;&gt;</a>&nbsp;&nbsp;&nbsp;le_vendor_set_priority
<LI><a href="#[3b7]">&gt;&gt;</a>&nbsp;&nbsp;&nbsp;gap_vendor_cmd_req
<LI><a href="#[3b5]">&gt;&gt;</a>&nbsp;&nbsp;&nbsp;gap_set_lps_bootup_active_time
</UL>

<P><STRONG><a name="[27b]"></a>btif_just_work_req_cfm</STRONG> (Thumb, 0 bytes, Stack size 0 bytes, ROM.lib(ABSOLUTE))
<BR><BR>[Called By]<UL><LI><a href="#[23a]">&gt;&gt;</a>&nbsp;&nbsp;&nbsp;le_bond_just_work_confirm
</UL>

<P><STRONG><a name="[277]"></a>btif_sw_reset_req</STRONG> (Thumb, 0 bytes, Stack size 0 bytes, ROM.lib(ABSOLUTE), UNUSED)
<BR><BR>[Called By]<UL><LI><a href="#[275]">&gt;&gt;</a>&nbsp;&nbsp;&nbsp;gap_sw_reset_req
</UL>

<P><STRONG><a name="[282]"></a>btif_le_disconn_cfm</STRONG> (Thumb, 0 bytes, Stack size 0 bytes, ROM.lib(ABSOLUTE))
<BR><BR>[Called By]<UL><LI><a href="#[273]">&gt;&gt;</a>&nbsp;&nbsp;&nbsp;patch_le_link_handle_disconnect_ind
</UL>

<P><STRONG><a name="[27d]"></a>btif_le_gen_rand_addr</STRONG> (Thumb, 0 bytes, Stack size 0 bytes, ROM.lib(ABSOLUTE), UNUSED)
<BR><BR>[Called By]<UL><LI><a href="#[27c]">&gt;&gt;</a>&nbsp;&nbsp;&nbsp;le_gen_rand_addr
</UL>

<P><STRONG><a name="[9e]"></a>os_mem_alloc_intern</STRONG> (Thumb, 0 bytes, Stack size 0 bytes, ROM.lib(ABSOLUTE))
<BR><BR>[Called By]<UL><LI><a href="#[a1]">&gt;&gt;</a>&nbsp;&nbsp;&nbsp;realloc
<LI><a href="#[9d]">&gt;&gt;</a>&nbsp;&nbsp;&nbsp;malloc
<LI><a href="#[fc]">&gt;&gt;</a>&nbsp;&nbsp;&nbsp;ais_server_send
<LI><a href="#[eb]">&gt;&gt;</a>&nbsp;&nbsp;&nbsp;dfu_client_push_image
<LI><a href="#[2c]">&gt;&gt;</a>&nbsp;&nbsp;&nbsp;dfu_cccd_update_cb
<LI><a href="#[14f]">&gt;&gt;</a>&nbsp;&nbsp;&nbsp;trans_time_insert
<LI><a href="#[14b]">&gt;&gt;</a>&nbsp;&nbsp;&nbsp;delay_execution_timer_start
<LI><a href="#[14c]">&gt;&gt;</a>&nbsp;&nbsp;&nbsp;generic_on_off_server_reg
<LI><a href="#[141]">&gt;&gt;</a>&nbsp;&nbsp;&nbsp;obj_transfer_server_load
<LI><a href="#[13d]">&gt;&gt;</a>&nbsp;&nbsp;&nbsp;obj_transfer_server_receive
<LI><a href="#[13c]">&gt;&gt;</a>&nbsp;&nbsp;&nbsp;obj_transfer_server_handle_obj_block_get
<LI><a href="#[135]">&gt;&gt;</a>&nbsp;&nbsp;&nbsp;obj_block_stat
<LI><a href="#[12a]">&gt;&gt;</a>&nbsp;&nbsp;&nbsp;fw_update_server_handle_fw_update_prepare
<LI><a href="#[126]">&gt;&gt;</a>&nbsp;&nbsp;&nbsp;fw_info_stat
<LI><a href="#[125]">&gt;&gt;</a>&nbsp;&nbsp;&nbsp;mesh_model_reg
<LI><a href="#[123]">&gt;&gt;</a>&nbsp;&nbsp;&nbsp;health_server_reg
<LI><a href="#[119]">&gt;&gt;</a>&nbsp;&nbsp;&nbsp;health_fault_stat
<LI><a href="#[114]">&gt;&gt;</a>&nbsp;&nbsp;&nbsp;health_curt_stat
<LI><a href="#[187]">&gt;&gt;</a>&nbsp;&nbsp;&nbsp;mp_cmd_init
<LI><a href="#[15b]">&gt;&gt;</a>&nbsp;&nbsp;&nbsp;ali_transparent_msg
<LI><a href="#[15a]">&gt;&gt;</a>&nbsp;&nbsp;&nbsp;ali_attr_msg
<LI><a href="#[159]">&gt;&gt;</a>&nbsp;&nbsp;&nbsp;ali_attr_msg_raw
<LI><a href="#[157]">&gt;&gt;</a>&nbsp;&nbsp;&nbsp;ali_attr_get
<LI><a href="#[214]">&gt;&gt;</a>&nbsp;&nbsp;&nbsp;mesh_model_sub
<LI><a href="#[20f]">&gt;&gt;</a>&nbsp;&nbsp;&nbsp;ali_server_receive
<LI><a href="#[1ed]">&gt;&gt;</a>&nbsp;&nbsp;&nbsp;mesh_node_cfg
<LI><a href="#[1ee]">&gt;&gt;</a>&nbsp;&nbsp;&nbsp;mesh_element_create
<LI><a href="#[1f3]">&gt;&gt;</a>&nbsp;&nbsp;&nbsp;fn_init
<LI><a href="#[1f1]">&gt;&gt;</a>&nbsp;&nbsp;&nbsp;compo_data_page0_gen
<LI><a href="#[2d7]">&gt;&gt;</a>&nbsp;&nbsp;&nbsp;gap_sched_init
<LI><a href="#[2ce]">&gt;&gt;</a>&nbsp;&nbsp;&nbsp;gap_sched_disc_cb_reg
<LI><a href="#[37a]">&gt;&gt;</a>&nbsp;&nbsp;&nbsp;rpl_init
<LI><a href="#[379]">&gt;&gt;</a>&nbsp;&nbsp;&nbsp;proxy_ctx_init
<LI><a href="#[37b]">&gt;&gt;</a>&nbsp;&nbsp;&nbsp;nmc_init
<LI><a href="#[342]">&gt;&gt;</a>&nbsp;&nbsp;&nbsp;mesh_flash_store
<LI><a href="#[37c]">&gt;&gt;</a>&nbsp;&nbsp;&nbsp;mesh_flash_clear
<LI><a href="#[351]">&gt;&gt;</a>&nbsp;&nbsp;&nbsp;app_key_update
<LI><a href="#[34f]">&gt;&gt;</a>&nbsp;&nbsp;&nbsp;frnd_key_update
<LI><a href="#[347]">&gt;&gt;</a>&nbsp;&nbsp;&nbsp;net_key_update
<LI><a href="#[338]">&gt;&gt;</a>&nbsp;&nbsp;&nbsp;prov_allocate
<LI><a href="#[310]">&gt;&gt;</a>&nbsp;&nbsp;&nbsp;trans_init
<LI><a href="#[30e]">&gt;&gt;</a>&nbsp;&nbsp;&nbsp;mesh_flash_restore
<LI><a href="#[2e9]">&gt;&gt;</a>&nbsp;&nbsp;&nbsp;pb_adv_receive
<LI><a href="#[2e2]">&gt;&gt;</a>&nbsp;&nbsp;&nbsp;bearer_send_mesh_msg
<LI><a href="#[2dc]">&gt;&gt;</a>&nbsp;&nbsp;&nbsp;trans_send
<LI><a href="#[405]">&gt;&gt;</a>&nbsp;&nbsp;&nbsp;trans_receive
<LI><a href="#[3fa]">&gt;&gt;</a>&nbsp;&nbsp;&nbsp;trans_access_decrypt
<LI><a href="#[3e3]">&gt;&gt;</a>&nbsp;&nbsp;&nbsp;proxy_send
<LI><a href="#[3e2]">&gt;&gt;</a>&nbsp;&nbsp;&nbsp;proxy_ctx_allocate
<LI><a href="#[3a1]">&gt;&gt;</a>&nbsp;&nbsp;&nbsp;pb_adv_send
<LI><a href="#[38c]">&gt;&gt;</a>&nbsp;&nbsp;&nbsp;fn_lpn_sub_add
<LI><a href="#[46c]">&gt;&gt;</a>&nbsp;&nbsp;&nbsp;cfg_server_handle_model_app_get
<LI><a href="#[468]">&gt;&gt;</a>&nbsp;&nbsp;&nbsp;cfg_server_handle_app_key_get
<LI><a href="#[462]">&gt;&gt;</a>&nbsp;&nbsp;&nbsp;cfg_server_handle_net_key_get
<LI><a href="#[45d]">&gt;&gt;</a>&nbsp;&nbsp;&nbsp;cfg_server_handle_model_sub_get
<LI><a href="#[44e]">&gt;&gt;</a>&nbsp;&nbsp;&nbsp;cfg_model_app_list
<LI><a href="#[44b]">&gt;&gt;</a>&nbsp;&nbsp;&nbsp;cfg_app_key_list
<LI><a href="#[449]">&gt;&gt;</a>&nbsp;&nbsp;&nbsp;cfg_net_key_list
<LI><a href="#[447]">&gt;&gt;</a>&nbsp;&nbsp;&nbsp;cfg_model_sub_list
<LI><a href="#[43f]">&gt;&gt;</a>&nbsp;&nbsp;&nbsp;cfg_compo_data_stat
<LI><a href="#[436]">&gt;&gt;</a>&nbsp;&nbsp;&nbsp;lpn_init
<LI><a href="#[424]">&gt;&gt;</a>&nbsp;&nbsp;&nbsp;proxy_cfg_add_remove_addr
<LI><a href="#[420]">&gt;&gt;</a>&nbsp;&nbsp;&nbsp;proxy_filter_add_addr
</UL>

<P><STRONG><a name="[a0]"></a>os_mem_zalloc_intern</STRONG> (Thumb, 0 bytes, Stack size 0 bytes, ROM.lib(ABSOLUTE))
<BR><BR>[Called By]<UL><LI><a href="#[9f]">&gt;&gt;</a>&nbsp;&nbsp;&nbsp;calloc
<LI><a href="#[47f]">&gt;&gt;</a>&nbsp;&nbsp;&nbsp;cfg_add_item
<LI><a href="#[483]">&gt;&gt;</a>&nbsp;&nbsp;&nbsp;_cfg_write_to_flash
</UL>

<P><STRONG><a name="[a2]"></a>os_mem_free</STRONG> (Thumb, 0 bytes, Stack size 0 bytes, ROM.lib(ABSOLUTE))
<BR><BR>[Called By]<UL><LI><a href="#[a3]">&gt;&gt;</a>&nbsp;&nbsp;&nbsp;free
<LI><a href="#[a1]">&gt;&gt;</a>&nbsp;&nbsp;&nbsp;realloc
<LI><a href="#[fc]">&gt;&gt;</a>&nbsp;&nbsp;&nbsp;ais_server_send
<LI><a href="#[eb]">&gt;&gt;</a>&nbsp;&nbsp;&nbsp;dfu_client_push_image
<LI><a href="#[d4]">&gt;&gt;</a>&nbsp;&nbsp;&nbsp;dfu_server_disconnect_cb
<LI><a href="#[e]">&gt;&gt;</a>&nbsp;&nbsp;&nbsp;trans_time_timeout_handle
<LI><a href="#[14b]">&gt;&gt;</a>&nbsp;&nbsp;&nbsp;delay_execution_timer_start
<LI><a href="#[142]">&gt;&gt;</a>&nbsp;&nbsp;&nbsp;obj_transfer_server_clear
<LI><a href="#[13d]">&gt;&gt;</a>&nbsp;&nbsp;&nbsp;obj_transfer_server_receive
<LI><a href="#[13c]">&gt;&gt;</a>&nbsp;&nbsp;&nbsp;obj_transfer_server_handle_obj_block_get
<LI><a href="#[138]">&gt;&gt;</a>&nbsp;&nbsp;&nbsp;obj_transfer_server_handle_obj_chunk_transfer
<LI><a href="#[135]">&gt;&gt;</a>&nbsp;&nbsp;&nbsp;obj_block_stat
<LI><a href="#[12c]">&gt;&gt;</a>&nbsp;&nbsp;&nbsp;fw_update_server_handle_fw_update_abort
<LI><a href="#[12a]">&gt;&gt;</a>&nbsp;&nbsp;&nbsp;fw_update_server_handle_fw_update_prepare
<LI><a href="#[126]">&gt;&gt;</a>&nbsp;&nbsp;&nbsp;fw_info_stat
<LI><a href="#[129]">&gt;&gt;</a>&nbsp;&nbsp;&nbsp;fw_update_server_apply
<LI><a href="#[125]">&gt;&gt;</a>&nbsp;&nbsp;&nbsp;mesh_model_reg
<LI><a href="#[119]">&gt;&gt;</a>&nbsp;&nbsp;&nbsp;health_fault_stat
<LI><a href="#[114]">&gt;&gt;</a>&nbsp;&nbsp;&nbsp;health_curt_stat
<LI><a href="#[15b]">&gt;&gt;</a>&nbsp;&nbsp;&nbsp;ali_transparent_msg
<LI><a href="#[15a]">&gt;&gt;</a>&nbsp;&nbsp;&nbsp;ali_attr_msg
<LI><a href="#[159]">&gt;&gt;</a>&nbsp;&nbsp;&nbsp;ali_attr_msg_raw
<LI><a href="#[157]">&gt;&gt;</a>&nbsp;&nbsp;&nbsp;ali_attr_get
<LI><a href="#[155]">&gt;&gt;</a>&nbsp;&nbsp;&nbsp;delay_execution_timer_stop
<LI><a href="#[153]">&gt;&gt;</a>&nbsp;&nbsp;&nbsp;delay_execution_handler
<LI><a href="#[20f]">&gt;&gt;</a>&nbsp;&nbsp;&nbsp;ali_server_receive
<LI><a href="#[2d9]">&gt;&gt;</a>&nbsp;&nbsp;&nbsp;gap_sched_deinit
<LI><a href="#[2cf]">&gt;&gt;</a>&nbsp;&nbsp;&nbsp;gap_sched_disc_cb_free
<LI><a href="#[27e]">&gt;&gt;</a>&nbsp;&nbsp;&nbsp;patch_le_link_disconnected
<LI><a href="#[47f]">&gt;&gt;</a>&nbsp;&nbsp;&nbsp;cfg_add_item
<LI><a href="#[342]">&gt;&gt;</a>&nbsp;&nbsp;&nbsp;mesh_flash_store
<LI><a href="#[37c]">&gt;&gt;</a>&nbsp;&nbsp;&nbsp;mesh_flash_clear
<LI><a href="#[365]">&gt;&gt;</a>&nbsp;&nbsp;&nbsp;mesh_model_sub_clear
<LI><a href="#[361]">&gt;&gt;</a>&nbsp;&nbsp;&nbsp;mesh_model_unsub
<LI><a href="#[355]">&gt;&gt;</a>&nbsp;&nbsp;&nbsp;app_key_delete
<LI><a href="#[353]">&gt;&gt;</a>&nbsp;&nbsp;&nbsp;app_key_refresh
<LI><a href="#[34e]">&gt;&gt;</a>&nbsp;&nbsp;&nbsp;net_key_delete
<LI><a href="#[34c]">&gt;&gt;</a>&nbsp;&nbsp;&nbsp;net_key_refresh
<LI><a href="#[307]">&gt;&gt;</a>&nbsp;&nbsp;&nbsp;trans_handle_timeout
<LI><a href="#[31a]">&gt;&gt;</a>&nbsp;&nbsp;&nbsp;trans_deinit
<LI><a href="#[319]">&gt;&gt;</a>&nbsp;&nbsp;&nbsp;rpl_deinit
<LI><a href="#[317]">&gt;&gt;</a>&nbsp;&nbsp;&nbsp;proxy_ctx_deinit
<LI><a href="#[31c]">&gt;&gt;</a>&nbsp;&nbsp;&nbsp;prov_free
<LI><a href="#[318]">&gt;&gt;</a>&nbsp;&nbsp;&nbsp;nmc_deinit
<LI><a href="#[31d]">&gt;&gt;</a>&nbsp;&nbsp;&nbsp;mesh_node_deinit
<LI><a href="#[30e]">&gt;&gt;</a>&nbsp;&nbsp;&nbsp;mesh_flash_restore
<LI><a href="#[2e9]">&gt;&gt;</a>&nbsp;&nbsp;&nbsp;pb_adv_receive
<LI><a href="#[2e5]">&gt;&gt;</a>&nbsp;&nbsp;&nbsp;bearer_loopback_receive
<LI><a href="#[2e2]">&gt;&gt;</a>&nbsp;&nbsp;&nbsp;bearer_send_mesh_msg
<LI><a href="#[2dc]">&gt;&gt;</a>&nbsp;&nbsp;&nbsp;trans_send
<LI><a href="#[405]">&gt;&gt;</a>&nbsp;&nbsp;&nbsp;trans_receive
<LI><a href="#[400]">&gt;&gt;</a>&nbsp;&nbsp;&nbsp;trans_retransmit
<LI><a href="#[3fe]">&gt;&gt;</a>&nbsp;&nbsp;&nbsp;trans_tx_queue_free
<LI><a href="#[3fd]">&gt;&gt;</a>&nbsp;&nbsp;&nbsp;trans_tx_queue_pop
<LI><a href="#[3fa]">&gt;&gt;</a>&nbsp;&nbsp;&nbsp;trans_access_decrypt
<LI><a href="#[3e4]">&gt;&gt;</a>&nbsp;&nbsp;&nbsp;proxy_filter_free
<LI><a href="#[3e3]">&gt;&gt;</a>&nbsp;&nbsp;&nbsp;proxy_send
<LI><a href="#[483]">&gt;&gt;</a>&nbsp;&nbsp;&nbsp;_cfg_write_to_flash
<LI><a href="#[39e]">&gt;&gt;</a>&nbsp;&nbsp;&nbsp;fn_deinit
<LI><a href="#[38e]">&gt;&gt;</a>&nbsp;&nbsp;&nbsp;fn_lpn_sub_clear
<LI><a href="#[38d]">&gt;&gt;</a>&nbsp;&nbsp;&nbsp;fn_lpn_sub_remove
<LI><a href="#[46c]">&gt;&gt;</a>&nbsp;&nbsp;&nbsp;cfg_server_handle_model_app_get
<LI><a href="#[468]">&gt;&gt;</a>&nbsp;&nbsp;&nbsp;cfg_server_handle_app_key_get
<LI><a href="#[462]">&gt;&gt;</a>&nbsp;&nbsp;&nbsp;cfg_server_handle_net_key_get
<LI><a href="#[45d]">&gt;&gt;</a>&nbsp;&nbsp;&nbsp;cfg_server_handle_model_sub_get
<LI><a href="#[44e]">&gt;&gt;</a>&nbsp;&nbsp;&nbsp;cfg_model_app_list
<LI><a href="#[44b]">&gt;&gt;</a>&nbsp;&nbsp;&nbsp;cfg_app_key_list
<LI><a href="#[449]">&gt;&gt;</a>&nbsp;&nbsp;&nbsp;cfg_net_key_list
<LI><a href="#[447]">&gt;&gt;</a>&nbsp;&nbsp;&nbsp;cfg_model_sub_list
<LI><a href="#[43f]">&gt;&gt;</a>&nbsp;&nbsp;&nbsp;cfg_compo_data_stat
<LI><a href="#[437]">&gt;&gt;</a>&nbsp;&nbsp;&nbsp;lpn_deinit
<LI><a href="#[426]">&gt;&gt;</a>&nbsp;&nbsp;&nbsp;proxy_ctx_free
<LI><a href="#[424]">&gt;&gt;</a>&nbsp;&nbsp;&nbsp;proxy_cfg_add_remove_addr
<LI><a href="#[421]">&gt;&gt;</a>&nbsp;&nbsp;&nbsp;proxy_filter_remove_addr
<LI><a href="#[41c]">&gt;&gt;</a>&nbsp;&nbsp;&nbsp;pb_adv_receive_sar
<LI><a href="#[41b]">&gt;&gt;</a>&nbsp;&nbsp;&nbsp;pb_adv_clear
</UL>

<P><STRONG><a name="[1d8]"></a>os_msg_queue_create_intern</STRONG> (Thumb, 0 bytes, Stack size 0 bytes, ROM.lib(ABSOLUTE))
<BR><BR>[Called By]<UL><LI><a href="#[1d7]">&gt;&gt;</a>&nbsp;&nbsp;&nbsp;app_main_task
<LI><a href="#[296]">&gt;&gt;</a>&nbsp;&nbsp;&nbsp;plt_os_queue_create
</UL>

<P><STRONG><a name="[b3]"></a>os_msg_send_intern</STRONG> (Thumb, 0 bytes, Stack size 0 bytes, ROM.lib(ABSOLUTE))
<BR><BR>[Called By]<UL><LI><a href="#[7]">&gt;&gt;</a>&nbsp;&nbsp;&nbsp;ais_server_timeout_cb
<LI><a href="#[6]">&gt;&gt;</a>&nbsp;&nbsp;&nbsp;dfu_server_timeout_cb
<LI><a href="#[1d6]">&gt;&gt;</a>&nbsp;&nbsp;&nbsp;app_send_uart_msg
<LI><a href="#[1d5]">&gt;&gt;</a>&nbsp;&nbsp;&nbsp;app_send_msg_to_apptask
<LI><a href="#[154]">&gt;&gt;</a>&nbsp;&nbsp;&nbsp;mesh_inner_msg_send
</UL>

<P><STRONG><a name="[1df]"></a>os_msg_recv_intern</STRONG> (Thumb, 0 bytes, Stack size 0 bytes, ROM.lib(ABSOLUTE))
<BR><BR>[Called By]<UL><LI><a href="#[1e2]">&gt;&gt;</a>&nbsp;&nbsp;&nbsp;mesh_inner_msg_handle
<LI><a href="#[1d7]">&gt;&gt;</a>&nbsp;&nbsp;&nbsp;app_main_task
</UL>

<P><STRONG><a name="[cd]"></a>os_delay</STRONG> (Thumb, 0 bytes, Stack size 0 bytes, ROM.lib(ABSOLUTE))
<BR><BR>[Called By]<UL><LI><a href="#[c4]">&gt;&gt;</a>&nbsp;&nbsp;&nbsp;dfu_server_handle_cp
</UL>

<P><STRONG><a name="[98]"></a>os_sched_start</STRONG> (Thumb, 0 bytes, Stack size 0 bytes, ROM.lib(ABSOLUTE))
<BR><BR>[Called By]<UL><LI><a href="#[2]">&gt;&gt;</a>&nbsp;&nbsp;&nbsp;common_main
<LI><a href="#[81]">&gt;&gt;</a>&nbsp;&nbsp;&nbsp;main
</UL>

<P><STRONG><a name="[be]"></a>os_lock</STRONG> (Thumb, 0 bytes, Stack size 0 bytes, ROM.lib(ABSOLUTE))
<BR><BR>[Called By]<UL><LI><a href="#[b9]">&gt;&gt;</a>&nbsp;&nbsp;&nbsp;dfu_server_buffer_check
<LI><a href="#[2bf]">&gt;&gt;</a>&nbsp;&nbsp;&nbsp;gap_sched_timer_stop
</UL>

<P><STRONG><a name="[c0]"></a>os_unlock</STRONG> (Thumb, 0 bytes, Stack size 0 bytes, ROM.lib(ABSOLUTE))
<BR><BR>[Called By]<UL><LI><a href="#[b9]">&gt;&gt;</a>&nbsp;&nbsp;&nbsp;dfu_server_buffer_check
<LI><a href="#[2bf]">&gt;&gt;</a>&nbsp;&nbsp;&nbsp;gap_sched_timer_stop
</UL>

<P><STRONG><a name="[486]"></a>os_sem_take</STRONG> (Thumb, 0 bytes, Stack size 0 bytes, ROM.lib(ABSOLUTE))
<BR><BR>[Called By]<UL><LI><a href="#[485]">&gt;&gt;</a>&nbsp;&nbsp;&nbsp;flash_lock_new
</UL>

<P><STRONG><a name="[48c]"></a>os_sem_give</STRONG> (Thumb, 0 bytes, Stack size 0 bytes, ROM.lib(ABSOLUTE))
<BR><BR>[Called By]<UL><LI><a href="#[488]">&gt;&gt;</a>&nbsp;&nbsp;&nbsp;flash_unlock_new
</UL>

<P><STRONG><a name="[298]"></a>os_mutex_create</STRONG> (Thumb, 0 bytes, Stack size 0 bytes, ROM.lib(ABSOLUTE), UNUSED)
<BR><BR>[Called By]<UL><LI><a href="#[297]">&gt;&gt;</a>&nbsp;&nbsp;&nbsp;plt_mutex_create
</UL>

<P><STRONG><a name="[1e4]"></a>os_task_create</STRONG> (Thumb, 0 bytes, Stack size 0 bytes, ROM.lib(ABSOLUTE))
<BR><BR>[Called By]<UL><LI><a href="#[1e3]">&gt;&gt;</a>&nbsp;&nbsp;&nbsp;app_task_init
</UL>

<P><STRONG><a name="[29a]"></a>os_timer_id_get</STRONG> (Thumb, 0 bytes, Stack size 0 bytes, ROM.lib(ABSOLUTE))
<BR><BR>[Called By]<UL><LI><a href="#[299]">&gt;&gt;</a>&nbsp;&nbsp;&nbsp;plt_timer_get_id
</UL>

<P><STRONG><a name="[222]"></a>os_timer_create</STRONG> (Thumb, 0 bytes, Stack size 0 bytes, ROM.lib(ABSOLUTE))
<BR><BR>[Called By]<UL><LI><a href="#[b5]">&gt;&gt;</a>&nbsp;&nbsp;&nbsp;plt_timer_create
<LI><a href="#[1dd]">&gt;&gt;</a>&nbsp;&nbsp;&nbsp;swTimerInit
</UL>

<P><STRONG><a name="[b6]"></a>os_timer_start</STRONG> (Thumb, 0 bytes, Stack size 0 bytes, ROM.lib(ABSOLUTE))
<BR><BR>[Called By]<UL><LI><a href="#[f9]">&gt;&gt;</a>&nbsp;&nbsp;&nbsp;ais_server_timer_start
<LI><a href="#[cf]">&gt;&gt;</a>&nbsp;&nbsp;&nbsp;mesh_reboot
<LI><a href="#[b4]">&gt;&gt;</a>&nbsp;&nbsp;&nbsp;dfu_server_timer_start
<LI><a href="#[152]">&gt;&gt;</a>&nbsp;&nbsp;&nbsp;mesh_tick_timer_start
<LI><a href="#[14b]">&gt;&gt;</a>&nbsp;&nbsp;&nbsp;delay_execution_timer_start
<LI><a href="#[11f]">&gt;&gt;</a>&nbsp;&nbsp;&nbsp;attn_timer_start
<LI><a href="#[1dd]">&gt;&gt;</a>&nbsp;&nbsp;&nbsp;swTimerInit
<LI><a href="#[182]">&gt;&gt;</a>&nbsp;&nbsp;&nbsp;light_power_on_count_check
<LI><a href="#[269]">&gt;&gt;</a>&nbsp;&nbsp;&nbsp;change_scan_param_timer_start
<LI><a href="#[264]">&gt;&gt;</a>&nbsp;&nbsp;&nbsp;unprov_timer_start
<LI><a href="#[261]">&gt;&gt;</a>&nbsp;&nbsp;&nbsp;light_controller_init
<LI><a href="#[25f]">&gt;&gt;</a>&nbsp;&nbsp;&nbsp;light_controller_timer_start
<LI><a href="#[397]">&gt;&gt;</a>&nbsp;&nbsp;&nbsp;fn_handle_frnd_poll
<LI><a href="#[374]">&gt;&gt;</a>&nbsp;&nbsp;&nbsp;iv_index_timer_start
<LI><a href="#[336]">&gt;&gt;</a>&nbsp;&nbsp;&nbsp;prov_timer_restart
<LI><a href="#[306]">&gt;&gt;</a>&nbsp;&nbsp;&nbsp;pb_adv_handle_timeout
<LI><a href="#[31f]">&gt;&gt;</a>&nbsp;&nbsp;&nbsp;mesh_service_identity_adv_start
<LI><a href="#[31e]">&gt;&gt;</a>&nbsp;&nbsp;&nbsp;mesh_service_adv_start
<LI><a href="#[321]">&gt;&gt;</a>&nbsp;&nbsp;&nbsp;mesh_model_pub_start
<LI><a href="#[2f8]">&gt;&gt;</a>&nbsp;&nbsp;&nbsp;beacon_start
<LI><a href="#[2e9]">&gt;&gt;</a>&nbsp;&nbsp;&nbsp;pb_adv_receive
<LI><a href="#[408]">&gt;&gt;</a>&nbsp;&nbsp;&nbsp;lpn_handle_cache_pkt
<LI><a href="#[3ef]">&gt;&gt;</a>&nbsp;&nbsp;&nbsp;trans_rx_incomplete_timer_start
<LI><a href="#[3ed]">&gt;&gt;</a>&nbsp;&nbsp;&nbsp;trans_rx_timer_start
<LI><a href="#[3ea]">&gt;&gt;</a>&nbsp;&nbsp;&nbsp;trans_tx_timer_start
<LI><a href="#[3de]">&gt;&gt;</a>&nbsp;&nbsp;&nbsp;proxy_receive
<LI><a href="#[398]">&gt;&gt;</a>&nbsp;&nbsp;&nbsp;fn_handle_msg
<LI><a href="#[391]">&gt;&gt;</a>&nbsp;&nbsp;&nbsp;fn_handle_frnd_req
<LI><a href="#[43b]">&gt;&gt;</a>&nbsp;&nbsp;&nbsp;hb_timer_start
<LI><a href="#[434]">&gt;&gt;</a>&nbsp;&nbsp;&nbsp;lpn_req
<LI><a href="#[430]">&gt;&gt;</a>&nbsp;&nbsp;&nbsp;lpn_handle_frnd_upd
<LI><a href="#[41f]">&gt;&gt;</a>&nbsp;&nbsp;&nbsp;pb_adv_link_open
<LI><a href="#[41c]">&gt;&gt;</a>&nbsp;&nbsp;&nbsp;pb_adv_receive_sar
</UL>

<P><STRONG><a name="[11e]"></a>os_timer_restart</STRONG> (Thumb, 0 bytes, Stack size 0 bytes, ROM.lib(ABSOLUTE))
<BR><BR>[Called By]<UL><LI><a href="#[14b]">&gt;&gt;</a>&nbsp;&nbsp;&nbsp;delay_execution_timer_start
<LI><a href="#[11d]">&gt;&gt;</a>&nbsp;&nbsp;&nbsp;health_server_fault_register
<LI><a href="#[2be]">&gt;&gt;</a>&nbsp;&nbsp;&nbsp;gap_sched_timer_start
<LI><a href="#[397]">&gt;&gt;</a>&nbsp;&nbsp;&nbsp;fn_handle_frnd_poll
<LI><a href="#[31e]">&gt;&gt;</a>&nbsp;&nbsp;&nbsp;mesh_service_adv_start
<LI><a href="#[321]">&gt;&gt;</a>&nbsp;&nbsp;&nbsp;mesh_model_pub_start
<LI><a href="#[30d]">&gt;&gt;</a>&nbsp;&nbsp;&nbsp;mesh_model_handle_pub_timeout
<LI><a href="#[309]">&gt;&gt;</a>&nbsp;&nbsp;&nbsp;lpn_handle_timeout
<LI><a href="#[308]">&gt;&gt;</a>&nbsp;&nbsp;&nbsp;fn_handle_timeout
<LI><a href="#[2f8]">&gt;&gt;</a>&nbsp;&nbsp;&nbsp;beacon_start
<LI><a href="#[1a]">&gt;&gt;</a>&nbsp;&nbsp;&nbsp;beacon_timeout_cb
<LI><a href="#[2e9]">&gt;&gt;</a>&nbsp;&nbsp;&nbsp;pb_adv_receive
<LI><a href="#[3ea]">&gt;&gt;</a>&nbsp;&nbsp;&nbsp;trans_tx_timer_start
<LI><a href="#[3a1]">&gt;&gt;</a>&nbsp;&nbsp;&nbsp;pb_adv_send
<LI><a href="#[391]">&gt;&gt;</a>&nbsp;&nbsp;&nbsp;fn_handle_frnd_req
<LI><a href="#[43b]">&gt;&gt;</a>&nbsp;&nbsp;&nbsp;hb_timer_start
<LI><a href="#[434]">&gt;&gt;</a>&nbsp;&nbsp;&nbsp;lpn_req
<LI><a href="#[430]">&gt;&gt;</a>&nbsp;&nbsp;&nbsp;lpn_handle_frnd_upd
<LI><a href="#[42f]">&gt;&gt;</a>&nbsp;&nbsp;&nbsp;lpn_handle_frnd_offer
</UL>

<P><STRONG><a name="[25c]"></a>os_timer_stop</STRONG> (Thumb, 0 bytes, Stack size 0 bytes, ROM.lib(ABSOLUTE))
<BR><BR>[Called By]<UL><LI><a href="#[268]">&gt;&gt;</a>&nbsp;&nbsp;&nbsp;unprov_timer_stop
<LI><a href="#[17]">&gt;&gt;</a>&nbsp;&nbsp;&nbsp;light_ctl_timeout_handle
<LI><a href="#[2bf]">&gt;&gt;</a>&nbsp;&nbsp;&nbsp;gap_sched_timer_stop
<LI><a href="#[334]">&gt;&gt;</a>&nbsp;&nbsp;&nbsp;prov_timer_stop
<LI><a href="#[3de]">&gt;&gt;</a>&nbsp;&nbsp;&nbsp;proxy_receive
</UL>

<P><STRONG><a name="[b8]"></a>os_timer_delete</STRONG> (Thumb, 0 bytes, Stack size 0 bytes, ROM.lib(ABSOLUTE))
<BR><BR>[Called By]<UL><LI><a href="#[fa]">&gt;&gt;</a>&nbsp;&nbsp;&nbsp;ais_server_timer_stop
<LI><a href="#[b7]">&gt;&gt;</a>&nbsp;&nbsp;&nbsp;dfu_server_timer_stop
<LI><a href="#[150]">&gt;&gt;</a>&nbsp;&nbsp;&nbsp;mesh_tick_timer_stop
<LI><a href="#[10]">&gt;&gt;</a>&nbsp;&nbsp;&nbsp;light_power_on_timeout_cb
<LI><a href="#[155]">&gt;&gt;</a>&nbsp;&nbsp;&nbsp;delay_execution_timer_stop
<LI><a href="#[153]">&gt;&gt;</a>&nbsp;&nbsp;&nbsp;delay_execution_handler
<LI><a href="#[26c]">&gt;&gt;</a>&nbsp;&nbsp;&nbsp;mesh_service_adv_stop
<LI><a href="#[26b]">&gt;&gt;</a>&nbsp;&nbsp;&nbsp;beacon_stop
<LI><a href="#[262]">&gt;&gt;</a>&nbsp;&nbsp;&nbsp;light_controller_deinit
<LI><a href="#[2d9]">&gt;&gt;</a>&nbsp;&nbsp;&nbsp;gap_sched_deinit
<LI><a href="#[377]">&gt;&gt;</a>&nbsp;&nbsp;&nbsp;attn_timer_stop
<LI><a href="#[375]">&gt;&gt;</a>&nbsp;&nbsp;&nbsp;iv_index_timer_stop
<LI><a href="#[31a]">&gt;&gt;</a>&nbsp;&nbsp;&nbsp;trans_deinit
<LI><a href="#[31c]">&gt;&gt;</a>&nbsp;&nbsp;&nbsp;prov_free
<LI><a href="#[303]">&gt;&gt;</a>&nbsp;&nbsp;&nbsp;mesh_service_identity_adv_rr
<LI><a href="#[316]">&gt;&gt;</a>&nbsp;&nbsp;&nbsp;mesh_service_deinit
<LI><a href="#[31d]">&gt;&gt;</a>&nbsp;&nbsp;&nbsp;mesh_node_deinit
<LI><a href="#[321]">&gt;&gt;</a>&nbsp;&nbsp;&nbsp;mesh_model_pub_start
<LI><a href="#[30d]">&gt;&gt;</a>&nbsp;&nbsp;&nbsp;mesh_model_handle_pub_timeout
<LI><a href="#[309]">&gt;&gt;</a>&nbsp;&nbsp;&nbsp;lpn_handle_timeout
<LI><a href="#[31b]">&gt;&gt;</a>&nbsp;&nbsp;&nbsp;hb_deinit
<LI><a href="#[308]">&gt;&gt;</a>&nbsp;&nbsp;&nbsp;fn_handle_timeout
<LI><a href="#[3f0]">&gt;&gt;</a>&nbsp;&nbsp;&nbsp;trans_rx_incomplete_timer_stop
<LI><a href="#[3ee]">&gt;&gt;</a>&nbsp;&nbsp;&nbsp;trans_rx_timer_stop
<LI><a href="#[3ec]">&gt;&gt;</a>&nbsp;&nbsp;&nbsp;trans_tx_timer_stop
<LI><a href="#[39e]">&gt;&gt;</a>&nbsp;&nbsp;&nbsp;fn_deinit
<LI><a href="#[396]">&gt;&gt;</a>&nbsp;&nbsp;&nbsp;fn_handle_frnd_clear_conf
<LI><a href="#[394]">&gt;&gt;</a>&nbsp;&nbsp;&nbsp;fn_ctx_clear
<LI><a href="#[43c]">&gt;&gt;</a>&nbsp;&nbsp;&nbsp;hb_timer_stop
<LI><a href="#[437]">&gt;&gt;</a>&nbsp;&nbsp;&nbsp;lpn_deinit
<LI><a href="#[433]">&gt;&gt;</a>&nbsp;&nbsp;&nbsp;lpn_ctx_clear
<LI><a href="#[426]">&gt;&gt;</a>&nbsp;&nbsp;&nbsp;proxy_ctx_free
<LI><a href="#[41b]">&gt;&gt;</a>&nbsp;&nbsp;&nbsp;pb_adv_clear
</UL>

<P><STRONG><a name="[267]"></a>os_timer_state_get</STRONG> (Thumb, 0 bytes, Stack size 0 bytes, ROM.lib(ABSOLUTE))
<BR><BR>[Called By]<UL><LI><a href="#[266]">&gt;&gt;</a>&nbsp;&nbsp;&nbsp;unprov_timer_get_status
<LI><a href="#[263]">&gt;&gt;</a>&nbsp;&nbsp;&nbsp;plt_timer_is_active
</UL>

<P><STRONG><a name="[d2]"></a>dfu_report_target_ic_type</STRONG> (Thumb, 0 bytes, Stack size 0 bytes, ROM.lib(ABSOLUTE))
<BR><BR>[Called By]<UL><LI><a href="#[c4]">&gt;&gt;</a>&nbsp;&nbsp;&nbsp;dfu_server_handle_cp
</UL>

<P><STRONG><a name="[c2]"></a>dfu_flash_erase</STRONG> (Thumb, 0 bytes, Stack size 0 bytes, ROM.lib(ABSOLUTE))
<BR><BR>[Called By]<UL><LI><a href="#[b9]">&gt;&gt;</a>&nbsp;&nbsp;&nbsp;dfu_server_buffer_check
</UL>

<P><STRONG><a name="[c8]"></a>dfu_reset</STRONG> (Thumb, 0 bytes, Stack size 0 bytes, ROM.lib(ABSOLUTE))
<BR><BR>[Called By]<UL><LI><a href="#[d3]">&gt;&gt;</a>&nbsp;&nbsp;&nbsp;dfu_server_handle_data
<LI><a href="#[c4]">&gt;&gt;</a>&nbsp;&nbsp;&nbsp;dfu_server_handle_cp
<LI><a href="#[257]">&gt;&gt;</a>&nbsp;&nbsp;&nbsp;silent_dfu_reset
</UL>

<P><STRONG><a name="[c9]"></a>dfu_fw_active_reset</STRONG> (Thumb, 0 bytes, Stack size 0 bytes, ROM.lib(ABSOLUTE))
<BR><BR>[Called By]<UL><LI><a href="#[d3]">&gt;&gt;</a>&nbsp;&nbsp;&nbsp;dfu_server_handle_data
<LI><a href="#[c4]">&gt;&gt;</a>&nbsp;&nbsp;&nbsp;dfu_server_handle_cp
</UL>

<P><STRONG><a name="[ba]"></a>dfu_checkbufcrc</STRONG> (Thumb, 0 bytes, Stack size 0 bytes, ROM.lib(ABSOLUTE))
<BR><BR>[Called By]<UL><LI><a href="#[b9]">&gt;&gt;</a>&nbsp;&nbsp;&nbsp;dfu_server_buffer_check
</UL>

<P><STRONG><a name="[bf]"></a>dfu_flash_check_blank</STRONG> (Thumb, 0 bytes, Stack size 0 bytes, ROM.lib(ABSOLUTE))
<BR><BR>[Called By]<UL><LI><a href="#[b9]">&gt;&gt;</a>&nbsp;&nbsp;&nbsp;dfu_server_buffer_check
</UL>

<P><STRONG><a name="[cb]"></a>dfu_check_checksum</STRONG> (Thumb, 0 bytes, Stack size 0 bytes, ROM.lib(ABSOLUTE))
<BR><BR>[Called By]<UL><LI><a href="#[107]">&gt;&gt;</a>&nbsp;&nbsp;&nbsp;ais_server_handle_msg
<LI><a href="#[c4]">&gt;&gt;</a>&nbsp;&nbsp;&nbsp;dfu_server_handle_cp
<LI><a href="#[162]">&gt;&gt;</a>&nbsp;&nbsp;&nbsp;fw_update_server_data_cb
<LI><a href="#[258]">&gt;&gt;</a>&nbsp;&nbsp;&nbsp;silent_dfu_check_checksum
</UL>

[...]
</UL>
<BR>[Called By]<UL><LI><a href="#[3d9]">&gt;&gt;</a>&nbsp;&nbsp;&nbsp;ecc_point_mult
</UL>

<P><STRONG><a name="[3d8]"></a>xycz_add_c</STRONG> (Thumb, 238 bytes, Stack size 120 bytes, ecc.o(.text))
<BR><BR>[Stack]<UL><LI>Max Depth = 328<LI>Call Chain = xycz_add_c &rArr; vli_mod_square_fast &rArr; vli_square &rArr; mul_64_64
</UL>
<BR>[Calls]<UL><LI><a href="#[3d2]">&gt;&gt;</a>&nbsp;&nbsp;&nbsp;vli_mod_square_fast
<LI><a href="#[3d3]">&gt;&gt;</a>&nbsp;&nbsp;&nbsp;vli_mod_mult_fast
<LI><a href="#[3d4]">&gt;&gt;</a>&nbsp;&nbsp;&nbsp;vli_mod_sub
<LI><a href="#[3cc]">&gt;&gt;</a>&nbsp;&nbsp;&nbsp;vli_set
<LI><a href="#[3c7]">&gt;&gt;</a>&nbsp;&nbsp;&nbsp;vli_mod_add
</UL>
<BR>[Called By]<UL><LI><a href="#[3d9]">&gt;&gt;</a>&nbsp;&nbsp;&nbsp;ecc_point_mult
</UL>

<P><STRONG><a name="[3d9]"></a>ecc_point_mult</STRONG> (Thumb, 354 bytes, Stack size 248 bytes, ecc.o(.text))
<BR><BR>[Stack]<UL><LI>Max Depth = 576<LI>Call Chain = ecc_point_mult &rArr; xycz_add_c &rArr; vli_mod_square_fast &rArr; vli_square &rArr; mul_64_64
</UL>
<BR>[Calls]<UL><LI><a href="#[3d3]">&gt;&gt;</a>&nbsp;&nbsp;&nbsp;vli_mod_mult_fast
<LI><a href="#[3d4]">&gt;&gt;</a>&nbsp;&nbsp;&nbsp;vli_mod_sub
<LI><a href="#[3cc]">&gt;&gt;</a>&nbsp;&nbsp;&nbsp;vli_set
<LI><a href="#[3d5]">&gt;&gt;</a>&nbsp;&nbsp;&nbsp;vli_test_bit
<LI><a href="#[3cf]">&gt;&gt;</a>&nbsp;&nbsp;&nbsp;vli_clear
<LI><a href="#[3d8]">&gt;&gt;</a>&nbsp;&nbsp;&nbsp;xycz_add_c
<LI><a href="#[3d7]">&gt;&gt;</a>&nbsp;&nbsp;&nbsp;xycz_add
<LI><a href="#[3d6]">&gt;&gt;</a>&nbsp;&nbsp;&nbsp;apply_z
<LI><a href="#[3d1]">&gt;&gt;</a>&nbsp;&nbsp;&nbsp;ecc_point_double_jacobian
<LI><a href="#[3cd]">&gt;&gt;</a>&nbsp;&nbsp;&nbsp;vli_mod_inv
</UL>
<BR>[Called By]<UL><LI><a href="#[329]">&gt;&gt;</a>&nbsp;&nbsp;&nbsp;ecdh_shared_secret
</UL>

<P><STRONG><a name="[3da]"></a>ecc_bytes2native</STRONG> (Thumb, 80 bytes, Stack size 20 bytes, ecc.o(.text))
<BR><BR>[Stack]<UL><LI>Max Depth = 20<LI>Call Chain = ecc_bytes2native
</UL>
<BR>[Called By]<UL><LI><a href="#[329]">&gt;&gt;</a>&nbsp;&nbsp;&nbsp;ecdh_shared_secret
<LI><a href="#[327]">&gt;&gt;</a>&nbsp;&nbsp;&nbsp;ecc_validate_key
</UL>

<P><STRONG><a name="[3cf]"></a>vli_clear</STRONG> (Thumb, 22 bytes, Stack size 8 bytes, ecc.o(.text))
<BR><BR>[Stack]<UL><LI>Max Depth = 8<LI>Call Chain = vli_clear
</UL>
<BR>[Called By]<UL><LI><a href="#[3d9]">&gt;&gt;</a>&nbsp;&nbsp;&nbsp;ecc_point_mult
<LI><a href="#[3cd]">&gt;&gt;</a>&nbsp;&nbsp;&nbsp;vli_mod_inv
</UL>

<P><STRONG><a name="[3ce]"></a>vli_is_zero</STRONG> (Thumb, 28 bytes, Stack size 0 bytes, ecc.o(.text))
<BR><BR>[Called By]<UL><LI><a href="#[329]">&gt;&gt;</a>&nbsp;&nbsp;&nbsp;ecdh_shared_secret
<LI><a href="#[3d1]">&gt;&gt;</a>&nbsp;&nbsp;&nbsp;ecc_point_double_jacobian
<LI><a href="#[3cd]">&gt;&gt;</a>&nbsp;&nbsp;&nbsp;vli_mod_inv
</UL>

<P><STRONG><a name="[3db]"></a>vli_is_zero_xy</STRONG> (Thumb, 28 bytes, Stack size 0 bytes, ecc.o(.text))
<BR><BR>[Called By]<UL><LI><a href="#[327]">&gt;&gt;</a>&nbsp;&nbsp;&nbsp;ecc_validate_key
</UL>

<P><STRONG><a name="[3d5]"></a>vli_test_bit</STRONG> (Thumb, 30 bytes, Stack size 16 bytes, ecc.o(.text))
<BR><BR>[Stack]<UL><LI>Max Depth = 16<LI>Call Chain = vli_test_bit
</UL>
<BR>[Calls]<UL><LI><a href="#[3c2]">&gt;&gt;</a>&nbsp;&nbsp;&nbsp;__aeabi_llsl
</UL>
<BR>[Called By]<UL><LI><a href="#[3d9]">&gt;&gt;</a>&nbsp;&nbsp;&nbsp;ecc_point_mult
<LI><a href="#[3d1]">&gt;&gt;</a>&nbsp;&nbsp;&nbsp;ecc_point_double_jacobian
</UL>

<P><STRONG><a name="[3cc]"></a>vli_set</STRONG> (Thumb, 28 bytes, Stack size 12 bytes, ecc.o(.text))
<BR><BR>[Stack]<UL><LI>Max Depth = 12<LI>Call Chain = vli_set
</UL>
<BR>[Called By]<UL><LI><a href="#[3d9]">&gt;&gt;</a>&nbsp;&nbsp;&nbsp;ecc_point_mult
<LI><a href="#[3d8]">&gt;&gt;</a>&nbsp;&nbsp;&nbsp;xycz_add_c
<LI><a href="#[3d7]">&gt;&gt;</a>&nbsp;&nbsp;&nbsp;xycz_add
<LI><a href="#[3d1]">&gt;&gt;</a>&nbsp;&nbsp;&nbsp;ecc_point_double_jacobian
<LI><a href="#[3cd]">&gt;&gt;</a>&nbsp;&nbsp;&nbsp;vli_mod_inv
<LI><a href="#[3cb]">&gt;&gt;</a>&nbsp;&nbsp;&nbsp;vli_mmod_fast
</UL>

<P><STRONG><a name="[3d4]"></a>vli_mod_sub</STRONG> (Thumb, 36 bytes, Stack size 16 bytes, ecc.o(.text))
<BR><BR>[Stack]<UL><LI>Max Depth = 48<LI>Call Chain = vli_mod_sub &rArr; vli_sub
</UL>
<BR>[Calls]<UL><LI><a href="#[3ca]">&gt;&gt;</a>&nbsp;&nbsp;&nbsp;vli_sub
<LI><a href="#[3c8]">&gt;&gt;</a>&nbsp;&nbsp;&nbsp;vli_add
</UL>
<BR>[Called By]<UL><LI><a href="#[3d9]">&gt;&gt;</a>&nbsp;&nbsp;&nbsp;ecc_point_mult
<LI><a href="#[3d8]">&gt;&gt;</a>&nbsp;&nbsp;&nbsp;xycz_add_c
<LI><a href="#[3d7]">&gt;&gt;</a>&nbsp;&nbsp;&nbsp;xycz_add
<LI><a href="#[3d1]">&gt;&gt;</a>&nbsp;&nbsp;&nbsp;ecc_point_double_jacobian
</UL>

<P><STRONG><a name="[3d3]"></a>vli_mod_mult_fast</STRONG> (Thumb, 24 bytes, Stack size 72 bytes, ecc.o(.text))
<BR><BR>[Stack]<UL><LI>Max Depth = 200<LI>Call Chain = vli_mod_mult_fast &rArr; vli_mult &rArr; mul_64_64
</UL>
<BR>[Calls]<UL><LI><a href="#[3dd]">&gt;&gt;</a>&nbsp;&nbsp;&nbsp;vli_mult
<LI><a href="#[3cb]">&gt;&gt;</a>&nbsp;&nbsp;&nbsp;vli_mmod_fast
</UL>
<BR>[Called By]<UL><LI><a href="#[327]">&gt;&gt;</a>&nbsp;&nbsp;&nbsp;ecc_validate_key
<LI><a href="#[3d9]">&gt;&gt;</a>&nbsp;&nbsp;&nbsp;ecc_point_mult
<LI><a href="#[3d8]">&gt;&gt;</a>&nbsp;&nbsp;&nbsp;xycz_add_c
<LI><a href="#[3d7]">&gt;&gt;</a>&nbsp;&nbsp;&nbsp;xycz_add
<LI><a href="#[3d6]">&gt;&gt;</a>&nbsp;&nbsp;&nbsp;apply_z
<LI><a href="#[3d1]">&gt;&gt;</a>&nbsp;&nbsp;&nbsp;ecc_point_double_jacobian
</UL>

<P><STRONG><a name="[3d2]"></a>vli_mod_square_fast</STRONG> (Thumb, 22 bytes, Stack size 72 bytes, ecc.o(.text))
<BR><BR>[Stack]<UL><LI>Max Depth = 208<LI>Call Chain = vli_mod_square_fast &rArr; vli_square &rArr; mul_64_64
</UL>
<BR>[Calls]<UL><LI><a href="#[3cb]">&gt;&gt;</a>&nbsp;&nbsp;&nbsp;vli_mmod_fast
<LI><a href="#[3c4]">&gt;&gt;</a>&nbsp;&nbsp;&nbsp;vli_square
</UL>
<BR>[Called By]<UL><LI><a href="#[327]">&gt;&gt;</a>&nbsp;&nbsp;&nbsp;ecc_validate_key
<LI><a href="#[3d8]">&gt;&gt;</a>&nbsp;&nbsp;&nbsp;xycz_add_c
<LI><a href="#[3d7]">&gt;&gt;</a>&nbsp;&nbsp;&nbsp;xycz_add
<LI><a href="#[3d6]">&gt;&gt;</a>&nbsp;&nbsp;&nbsp;apply_z
<LI><a href="#[3d1]">&gt;&gt;</a>&nbsp;&nbsp;&nbsp;ecc_point_double_jacobian
</UL>

<P><STRONG><a name="[3dc]"></a>ecc_native2bytes</STRONG> (Thumb, 88 bytes, Stack size 20 bytes, ecc.o(.text))
<BR><BR>[Stack]<UL><LI>Max Depth = 20<LI>Call Chain = ecc_native2bytes
</UL>
<BR>[Called By]<UL><LI><a href="#[329]">&gt;&gt;</a>&nbsp;&nbsp;&nbsp;ecdh_shared_secret
</UL>

<P><STRONG><a name="[3dd]"></a>vli_mult</STRONG> (Thumb, 180 bytes, Stack size 96 bytes, ecc.o(.text))
<BR><BR>[Stack]<UL><LI>Max Depth = 128<LI>Call Chain = vli_mult &rArr; mul_64_64
</UL>
<BR>[Calls]<UL><LI><a href="#[3c6]">&gt;&gt;</a>&nbsp;&nbsp;&nbsp;add_128_128
<LI><a href="#[3c5]">&gt;&gt;</a>&nbsp;&nbsp;&nbsp;mul_64_64
</UL>
<BR>[Called By]<UL><LI><a href="#[3d3]">&gt;&gt;</a>&nbsp;&nbsp;&nbsp;vli_mod_mult_fast
</UL>

<P><STRONG><a name="[1f]"></a>prov_server_handle_disconnect</STRONG> (Thumb, 34 bytes, Stack size 8 bytes, provision_server.o(.text))
<BR><BR>[Stack]<UL><LI>Max Depth = 120<LI>Call Chain = prov_server_handle_disconnect &rArr; prov_service_handle_disc &rArr; prov_handle_disconnect &rArr; prov_ecc_key_gen &rArr; plt_rand
</UL>
<BR>[Calls]<UL><LI><a href="#[2e4]">&gt;&gt;</a>&nbsp;&nbsp;&nbsp;proxy_ctx_get_link
<LI><a href="#[3e1]">&gt;&gt;</a>&nbsp;&nbsp;&nbsp;prov_service_handle_disc
</UL>
<BR>[Address Reference Count : 1]<UL><LI> provision_server.o(.text)
</UL>
<P><STRONG><a name="[21]"></a>proxy_server_handle_disconnect</STRONG> (Thumb, 34 bytes, Stack size 8 bytes, proxy_server.o(.text))
<BR><BR>[Stack]<UL><LI>Max Depth = 24<LI>Call Chain = proxy_server_handle_disconnect &rArr; proxy_service_handle_disc
</UL>
<BR>[Calls]<UL><LI><a href="#[2e4]">&gt;&gt;</a>&nbsp;&nbsp;&nbsp;proxy_ctx_get_link
<LI><a href="#[3e6]">&gt;&gt;</a>&nbsp;&nbsp;&nbsp;proxy_service_handle_disc
</UL>
<BR>[Address Reference Count : 1]<UL><LI> proxy_server.o(.text)
</UL>
<P><STRONG><a name="[22]"></a>trans_timeout_cb</STRONG> (Thumb, 30 bytes, Stack size 16 bytes, mesh_transport.o(.text))
<BR><BR>[Stack]<UL><LI>Max Depth = 40<LI>Call Chain = trans_timeout_cb &rArr; mesh_inner_msg_send
</UL>
<BR>[Calls]<UL><LI><a href="#[154]">&gt;&gt;</a>&nbsp;&nbsp;&nbsp;mesh_inner_msg_send
<LI><a href="#[299]">&gt;&gt;</a>&nbsp;&nbsp;&nbsp;plt_timer_get_id
</UL>
<BR>[Address Reference Count : 1]<UL><LI> mesh_transport.o(.text)
</UL>
<P><STRONG><a name="[3f4]"></a>iv_index_get_tx_value</STRONG> (Thumb, 16 bytes, Stack size 0 bytes, mesh_transport.o(.text))
<BR><BR>[Called By]<UL><LI><a href="#[3ff]">&gt;&gt;</a>&nbsp;&nbsp;&nbsp;trans_need_retransmit
<LI><a href="#[3fd]">&gt;&gt;</a>&nbsp;&nbsp;&nbsp;trans_tx_queue_pop
<LI><a href="#[3f5]">&gt;&gt;</a>&nbsp;&nbsp;&nbsp;trans_send_seg
<LI><a href="#[3f2]">&gt;&gt;</a>&nbsp;&nbsp;&nbsp;trans_seg_ack
</UL>

<P><STRONG><a name="[24]"></a>pb_adv_timeout_cb</STRONG> (Thumb, 22 bytes, Stack size 16 bytes, provision_adv.o(.text))
<BR><BR>[Stack]<UL><LI>Max Depth = 40<LI>Call Chain = pb_adv_timeout_cb &rArr; mesh_inner_msg_send
</UL>
<BR>[Calls]<UL><LI><a href="#[154]">&gt;&gt;</a>&nbsp;&nbsp;&nbsp;mesh_inner_msg_send
</UL>
<BR>[Address Reference Count : 1]<UL><LI> provision_adv.o(.text)
</UL>
<P><STRONG><a name="[415]"></a>link_open</STRONG> (Thumb, 110 bytes, Stack size 16 bytes, provision_adv.o(.text))
<BR><BR>[Stack]<UL><LI>Max Depth = 200<LI>Call Chain = link_open &rArr; bearer_send &rArr; gap_sched_try &rArr; gap_sched_run &rArr; gap_sched_adv &rArr; gap_sched_timer_cb &rArr; mesh_inner_msg_send
</UL>
<BR>[Calls]<UL><LI><a href="#[84]">&gt;&gt;</a>&nbsp;&nbsp;&nbsp;__aeabi_memcpy
<LI><a href="#[8c]">&gt;&gt;</a>&nbsp;&nbsp;&nbsp;log_buffer
<LI><a href="#[b0]">&gt;&gt;</a>&nbsp;&nbsp;&nbsp;gap_sched_task_get
<LI><a href="#[b2]">&gt;&gt;</a>&nbsp;&nbsp;&nbsp;bearer_send
</UL>
<BR>[Called By]<UL><LI><a href="#[306]">&gt;&gt;</a>&nbsp;&nbsp;&nbsp;pb_adv_handle_timeout
<LI><a href="#[41f]">&gt;&gt;</a>&nbsp;&nbsp;&nbsp;pb_adv_link_open
</UL>

<P><STRONG><a name="[416]"></a>link_ack</STRONG> (Thumb, 90 bytes, Stack size 16 bytes, provision_adv.o(.text))
<BR><BR>[Stack]<UL><LI>Max Depth = 200<LI>Call Chain = link_ack &rArr; bearer_send &rArr; gap_sched_try &rArr; gap_sched_run &rArr; gap_sched_adv &rArr; gap_sched_timer_cb &rArr; mesh_inner_msg_send
</UL>
<BR>[Calls]<UL><LI><a href="#[8c]">&gt;&gt;</a>&nbsp;&nbsp;&nbsp;log_buffer
<LI><a href="#[b0]">&gt;&gt;</a>&nbsp;&nbsp;&nbsp;gap_sched_task_get
<LI><a href="#[b2]">&gt;&gt;</a>&nbsp;&nbsp;&nbsp;bearer_send
</UL>
<BR>[Called By]<UL><LI><a href="#[2e9]">&gt;&gt;</a>&nbsp;&nbsp;&nbsp;pb_adv_receive
</UL>

<P><STRONG><a name="[417]"></a>link_close</STRONG> (Thumb, 106 bytes, Stack size 24 bytes, provision_adv.o(.text))
<BR><BR>[Stack]<UL><LI>Max Depth = 208<LI>Call Chain = link_close &rArr; bearer_send &rArr; gap_sched_try &rArr; gap_sched_run &rArr; gap_sched_adv &rArr; gap_sched_timer_cb &rArr; mesh_inner_msg_send
</UL>
<BR>[Calls]<UL><LI><a href="#[8c]">&gt;&gt;</a>&nbsp;&nbsp;&nbsp;log_buffer
<LI><a href="#[b0]">&gt;&gt;</a>&nbsp;&nbsp;&nbsp;gap_sched_task_get
<LI><a href="#[b2]">&gt;&gt;</a>&nbsp;&nbsp;&nbsp;bearer_send
</UL>
<BR>[Called By]<UL><LI><a href="#[306]">&gt;&gt;</a>&nbsp;&nbsp;&nbsp;pb_adv_handle_timeout
<LI><a href="#[3a2]">&gt;&gt;</a>&nbsp;&nbsp;&nbsp;pb_adv_link_close
</UL>

<P><STRONG><a name="[418]"></a>msg_send</STRONG> (Thumb, 282 bytes, Stack size 48 bytes, provision_adv.o(.text))
<BR><BR>[Stack]<UL><LI>Max Depth = 232<LI>Call Chain = msg_send &rArr; bearer_send &rArr; gap_sched_try &rArr; gap_sched_run &rArr; gap_sched_adv &rArr; gap_sched_timer_cb &rArr; mesh_inner_msg_send
</UL>
<BR>[Calls]<UL><LI><a href="#[84]">&gt;&gt;</a>&nbsp;&nbsp;&nbsp;__aeabi_memcpy
<LI><a href="#[8c]">&gt;&gt;</a>&nbsp;&nbsp;&nbsp;log_buffer
<LI><a href="#[b0]">&gt;&gt;</a>&nbsp;&nbsp;&nbsp;gap_sched_task_get
<LI><a href="#[b2]">&gt;&gt;</a>&nbsp;&nbsp;&nbsp;bearer_send
<LI><a href="#[419]">&gt;&gt;</a>&nbsp;&nbsp;&nbsp;crc8EtsGen
</UL>
<BR>[Called By]<UL><LI><a href="#[306]">&gt;&gt;</a>&nbsp;&nbsp;&nbsp;pb_adv_handle_timeout
<LI><a href="#[3a1]">&gt;&gt;</a>&nbsp;&nbsp;&nbsp;pb_adv_send
</UL>

<P><STRONG><a name="[23]"></a>msg_ack_done</STRONG> (Thumb, 10 bytes, Stack size 0 bytes, provision_adv.o(.text))
<BR>[Address Reference Count : 1]<UL><LI> provision_adv.o(.text)
</UL>
<P><STRONG><a name="[41a]"></a>msg_ack</STRONG> (Thumb, 168 bytes, Stack size 40 bytes, provision_adv.o(.text))
<BR><BR>[Stack]<UL><LI>Max Depth = 224<LI>Call Chain = msg_ack &rArr; bearer_send &rArr; gap_sched_try &rArr; gap_sched_run &rArr; gap_sched_adv &rArr; gap_sched_timer_cb &rArr; mesh_inner_msg_send
</UL>
<BR>[Calls]<UL><LI><a href="#[8c]">&gt;&gt;</a>&nbsp;&nbsp;&nbsp;log_buffer
<LI><a href="#[b0]">&gt;&gt;</a>&nbsp;&nbsp;&nbsp;gap_sched_task_get
<LI><a href="#[b2]">&gt;&gt;</a>&nbsp;&nbsp;&nbsp;bearer_send
<LI><a href="#[29d]">&gt;&gt;</a>&nbsp;&nbsp;&nbsp;plt_rand
</UL>
<BR>[Called By]<UL><LI><a href="#[2e9]">&gt;&gt;</a>&nbsp;&nbsp;&nbsp;pb_adv_receive
<LI><a href="#[41c]">&gt;&gt;</a>&nbsp;&nbsp;&nbsp;pb_adv_receive_sar
</UL>

<P><STRONG><a name="[41b]"></a>pb_adv_clear</STRONG> (Thumb, 44 bytes, Stack size 16 bytes, provision_adv.o(.text))
<BR><BR>[Stack]<UL><LI>Max Depth = 16<LI>Call Chain = pb_adv_clear
</UL>
<BR>[Calls]<UL><LI><a href="#[b8]">&gt;&gt;</a>&nbsp;&nbsp;&nbsp;os_timer_delete
<LI><a href="#[a2]">&gt;&gt;</a>&nbsp;&nbsp;&nbsp;os_mem_free
</UL>
<BR>[Called By]<UL><LI><a href="#[306]">&gt;&gt;</a>&nbsp;&nbsp;&nbsp;pb_adv_handle_timeout
<LI><a href="#[315]">&gt;&gt;</a>&nbsp;&nbsp;&nbsp;pb_adv_deinit
<LI><a href="#[2e9]">&gt;&gt;</a>&nbsp;&nbsp;&nbsp;pb_adv_receive
<LI><a href="#[3a2]">&gt;&gt;</a>&nbsp;&nbsp;&nbsp;pb_adv_link_close
</UL>

<P><STRONG><a name="[25]"></a>proxy_rx_timeout_cb</STRONG> (Thumb, 24 bytes, Stack size 16 bytes, proxy_protocol.o(.text))
<BR><BR>[Stack]<UL><LI>Max Depth = 40<LI>Call Chain = proxy_rx_timeout_cb &rArr; mesh_inner_msg_send
</UL>
<BR>[Calls]<UL><LI><a href="#[154]">&gt;&gt;</a>&nbsp;&nbsp;&nbsp;mesh_inner_msg_send
<LI><a href="#[299]">&gt;&gt;</a>&nbsp;&nbsp;&nbsp;plt_timer_get_id
</UL>
<BR>[Address Reference Count : 1]<UL><LI> proxy_protocol.o(.text)
</UL>
<P><STRONG><a name="[42c]"></a>frnd_clear</STRONG> (Thumb, 208 bytes, Stack size 80 bytes, friendship_lpn.o(.text), UNUSED)
<BR><BR>[Calls]<UL><LI><a href="#[8c]">&gt;&gt;</a>&nbsp;&nbsp;&nbsp;log_buffer
<LI><a href="#[b0]">&gt;&gt;</a>&nbsp;&nbsp;&nbsp;gap_sched_task_get
<LI><a href="#[36f]">&gt;&gt;</a>&nbsp;&nbsp;&nbsp;mesh_seq_use
<LI><a href="#[2da]">&gt;&gt;</a>&nbsp;&nbsp;&nbsp;mesh_msg_cfg
<LI><a href="#[383]">&gt;&gt;</a>&nbsp;&nbsp;&nbsp;net_send
<LI><a href="#[429]">&gt;&gt;</a>&nbsp;&nbsp;&nbsp;iv_index_get_tx_value
</UL>
<BR>[Called By]<UL><LI><a href="#[435]">&gt;&gt;</a>&nbsp;&nbsp;&nbsp;lpn_clear
</UL>

<P><STRONG><a name="[26]"></a>lpn_timeout_cb</STRONG> (Thumb, 18 bytes, Stack size 16 bytes, friendship_lpn.o(.text))
<BR><BR>[Stack]<UL><LI>Max Depth = 40<LI>Call Chain = lpn_timeout_cb &rArr; mesh_inner_msg_send
</UL>
<BR>[Calls]<UL><LI><a href="#[154]">&gt;&gt;</a>&nbsp;&nbsp;&nbsp;mesh_inner_msg_send
</UL>
<BR>[Address Reference Count : 1]<UL><LI> friendship_lpn.o(.text)
</UL>
<P><STRONG><a name="[433]"></a>lpn_ctx_clear</STRONG> (Thumb, 54 bytes, Stack size 24 bytes, friendship_lpn.o(.text))
<BR><BR>[Stack]<UL><LI>Max Depth = 56<LI>Call Chain = lpn_ctx_clear &rArr; net_key_delete
</UL>
<BR>[Calls]<UL><LI><a href="#[b8]">&gt;&gt;</a>&nbsp;&nbsp;&nbsp;os_timer_delete
<LI><a href="#[34e]">&gt;&gt;</a>&nbsp;&nbsp;&nbsp;net_key_delete
</UL>
<BR>[Called By]<UL><LI><a href="#[309]">&gt;&gt;</a>&nbsp;&nbsp;&nbsp;lpn_handle_timeout
<LI><a href="#[435]">&gt;&gt;</a>&nbsp;&nbsp;&nbsp;lpn_clear
</UL>

<P><STRONG><a name="[429]"></a>iv_index_get_tx_value</STRONG> (Thumb, 16 bytes, Stack size 0 bytes, friendship_lpn.o(.text))
<BR><BR>[Called By]<UL><LI><a href="#[42b]">&gt;&gt;</a>&nbsp;&nbsp;&nbsp;frnd_sub_list_add_rm
<LI><a href="#[42a]">&gt;&gt;</a>&nbsp;&nbsp;&nbsp;frnd_poll
<LI><a href="#[428]">&gt;&gt;</a>&nbsp;&nbsp;&nbsp;frnd_req
<LI><a href="#[42c]">&gt;&gt;</a>&nbsp;&nbsp;&nbsp;frnd_clear
</UL>

<P><STRONG><a name="[43e]"></a>cfg_server_send</STRONG> (Thumb, 106 bytes, Stack size 72 bytes, configuration_server.o(.text))
<BR><BR>[Stack]<UL><LI>Max Depth = 556<LI>Call Chain = cfg_server_send &rArr; access_send &rArr; trans_send &rArr; trans_send_seg &rArr; mesh_seq_use &rArr; iv_index_update &rArr; rpl_clear &rArr; mesh_flash_store &rArr; mesh_flash_init &rArr; mesh_flash_clear &rArr;  mesh_flash_init (Cycle)
</UL>
<BR>[Calls]<UL><LI><a href="#[118]">&gt;&gt;</a>&nbsp;&nbsp;&nbsp;access_send
<LI><a href="#[117]">&gt;&gt;</a>&nbsp;&nbsp;&nbsp;access_cfg
</UL>
<BR>[Called By]<UL><LI><a href="#[454]">&gt;&gt;</a>&nbsp;&nbsp;&nbsp;cfg_hb_sub_stat
<LI><a href="#[453]">&gt;&gt;</a>&nbsp;&nbsp;&nbsp;cfg_hb_pub_stat
<LI><a href="#[452]">&gt;&gt;</a>&nbsp;&nbsp;&nbsp;cfg_key_refresh_phase_stat
<LI><a href="#[451]">&gt;&gt;</a>&nbsp;&nbsp;&nbsp;cfg_lpn_poll_timeout_stat
<LI><a href="#[450]">&gt;&gt;</a>&nbsp;&nbsp;&nbsp;cfg_frnd_stat
<LI><a href="#[44f]">&gt;&gt;</a>&nbsp;&nbsp;&nbsp;cfg_node_reset_stat
<LI><a href="#[44e]">&gt;&gt;</a>&nbsp;&nbsp;&nbsp;cfg_model_app_list
<LI><a href="#[44d]">&gt;&gt;</a>&nbsp;&nbsp;&nbsp;cfg_model_app_stat
<LI><a href="#[44c]">&gt;&gt;</a>&nbsp;&nbsp;&nbsp;cfg_node_identity_stat
<LI><a href="#[44b]">&gt;&gt;</a>&nbsp;&nbsp;&nbsp;cfg_app_key_list
<LI><a href="#[44a]">&gt;&gt;</a>&nbsp;&nbsp;&nbsp;cfg_app_key_stat
<LI><a href="#[449]">&gt;&gt;</a>&nbsp;&nbsp;&nbsp;cfg_net_key_list
<LI><a href="#[448]">&gt;&gt;</a>&nbsp;&nbsp;&nbsp;cfg_net_key_stat
<LI><a href="#[447]">&gt;&gt;</a>&nbsp;&nbsp;&nbsp;cfg_model_sub_list
<LI><a href="#[446]">&gt;&gt;</a>&nbsp;&nbsp;&nbsp;cfg_model_sub_stat
<LI><a href="#[445]">&gt;&gt;</a>&nbsp;&nbsp;&nbsp;cfg_model_pub_stat
<LI><a href="#[444]">&gt;&gt;</a>&nbsp;&nbsp;&nbsp;cfg_net_transmit_stat
<LI><a href="#[443]">&gt;&gt;</a>&nbsp;&nbsp;&nbsp;cfg_relay_stat
<LI><a href="#[442]">&gt;&gt;</a>&nbsp;&nbsp;&nbsp;cfg_proxy_stat
<LI><a href="#[441]">&gt;&gt;</a>&nbsp;&nbsp;&nbsp;cfg_default_ttl_stat
<LI><a href="#[440]">&gt;&gt;</a>&nbsp;&nbsp;&nbsp;cfg_beacon_stat
<LI><a href="#[43f]">&gt;&gt;</a>&nbsp;&nbsp;&nbsp;cfg_compo_data_stat
</UL>

<P><STRONG><a name="[455]"></a>cfg_server_model_sync_by_app_key</STRONG> (Thumb, 52 bytes, Stack size 24 bytes, configuration_server.o(.text))
<BR><BR>[Stack]<UL><LI>Max Depth = 340<LI>Call Chain = cfg_server_model_sync_by_app_key &rArr; mesh_flash_store &rArr; mesh_flash_init &rArr; mesh_flash_clear &rArr;  mesh_flash_init (Cycle)
</UL>
<BR>[Calls]<UL><LI><a href="#[342]">&gt;&gt;</a>&nbsp;&nbsp;&nbsp;mesh_flash_store
</UL>
<BR>[Called By]<UL><LI><a href="#[467]">&gt;&gt;</a>&nbsp;&nbsp;&nbsp;cfg_server_handle_app_key_delete
<LI><a href="#[461]">&gt;&gt;</a>&nbsp;&nbsp;&nbsp;cfg_server_handle_net_key_delete
</UL>

<P><STRONG><a name="[476]"></a>iv_index_get_tx_value</STRONG> (Thumb, 16 bytes, Stack size 0 bytes, transport_ping.o(.text), UNUSED)
<BR><BR>[Called By]<UL><LI><a href="#[477]">&gt;&gt;</a>&nbsp;&nbsp;&nbsp;trans_pong
<LI><a href="#[475]">&gt;&gt;</a>&nbsp;&nbsp;&nbsp;trans_ping
</UL>

<P><STRONG><a name="[49b]"></a>_dadd1</STRONG> (Thumb, 0 bytes, Stack size unknown bytes, daddsub_clz.o(x$fpl$dadd), UNUSED)
<BR><BR>[Called By]<UL><LI><a href="#[49c]">&gt;&gt;</a>&nbsp;&nbsp;&nbsp;_dsub
<LI><a href="#[49a]">&gt;&gt;</a>&nbsp;&nbsp;&nbsp;_drsb
</UL>

<P><STRONG><a name="[491]"></a>_dsub1</STRONG> (Thumb, 0 bytes, Stack size unknown bytes, daddsub_clz.o(x$fpl$dsub), UNUSED)
<BR><BR>[Called By]<UL><LI><a href="#[49a]">&gt;&gt;</a>&nbsp;&nbsp;&nbsp;_drsb
<LI><a href="#[490]">&gt;&gt;</a>&nbsp;&nbsp;&nbsp;_dadd
</UL>

<P><STRONG><a name="[28]"></a>_printf_input_char</STRONG> (Thumb, 10 bytes, Stack size 0 bytes, _printf_char_common.o(.text))
<BR>[Address Reference Count : 1]<UL><LI> _printf_char_common.o(.text)
</UL><P>
<H3>
Undefined Global Symbols
</H3><HR></body></html>
