<html>
<body>
<pre>
<h1>µVision Build Log</h1>
<h2>Tool Versions:</h2>
IDE-Version: ¦ÌVision V5.24.2.0
Copyright (C) 2017 ARM Ltd and ARM Germany GmbH. All rights reserved.
License Information: 1 1, 1, LIC=IK12Z-J6XE4-M9NGG-V4N3Y-ZXPRG-ZNU77
 
Tool Versions:
Toolchain:       MDK-ARM Plus  Version: 5.24.1
Toolchain Path:  C:\Keil_v5\ARM\ARMCC\Bin
C Compiler:      Armcc.exe V5.06 update 5 (build 528)
Assembler:       Armasm.exe V5.06 update 5 (build 528)
Linker/Locator:  ArmLink.exe V5.06 update 5 (build 528)
Library Manager: ArmAr.exe V5.06 update 5 (build 528)
Hex Converter:   FromElf.exe V5.06 update 5 (build 528)
CPU DLL:         SARMCM3.DLL V5.24.1
Dialog DLL:      DCM.DLL V1.16.0.0
Target DLL:      Segger\JL2CM3.dll V2.74.0.0
Dialog DLL:      TCM.DLL V1.32.0.0
 
<h2>Project:</h2>
D:\Sun\Mesh_Power_Strip_Pro\board\evb\mesh_ali_power_strip\mesh_ali_power_strip.uvprojx
Project File Date:  12/10/2019

<h2>Output:</h2>
*** Using Compiler 'V5.06 update 5 (build 528)', folder: 'C:\Keil_v5\ARM\ARMCC\Bin'
Rebuild target 'mesh_ali_strip'
Before Build - User command #1: ..\..\..\tool\before_build_common.bat C:\Keil_v5\
before_build_common bat
Before Build - User command #2: before_build_special.bat
build_before_special bat
assembling startup_rtl8762c.s...
compiling rtl876x_gpio.c...
compiling rtl876x_tim.c...
compiling rtl876x_uart.c...
compiling rtl876x_rcc.c...
compiling rtl876x_io_dlps.c...
compiling system_rtl8762c.c...
compiling dis.c...
compiling dfu_server.c...
compiling ota_server.c...
compiling health_server.c...
compiling firmware_update_server.c...
compiling ais_server.c...
compiling dfu_client.c...
compiling object_transfer_server.c...
compiling generic_power_on_off_server.c...
compiling generic_on_off_server.c...
compiling generic_power_on_off_setup_server.c...
compiling generic_transition_time.c...
compiling generic_level_server.c...
compiling light_lightness_server.c...
compiling light_lightness_setup_server.c...
compiling light_ctl_temperature_server.c...
compiling light_ctl_server.c...
compiling light_hsl_server.c...
compiling light_hsl_hue_server.c...
compiling light_hsl_saturation_server.c...
compiling light_hsl_setup_server.c...
compiling light_cwrgb_server.c...
compiling generic_default_transition_time_server.c...
compiling scene_server.c...
compiling light_ctl_setup_server.c...
compiling scene_setup_server.c...
compiling delay_execution.c...
compiling ali_model.c...
compiling dfu_updater_app.c...
compiling overlay_mgr.c...
compiling reset_watch_dog_timer.c...
compiling mp_cmd_parse.c...
compiling light_effect_app.c...
compiling dimmable_light.c...
compiling light_cwrgb_app.c...
compiling mp_cmd.c...
compiling light_storage_app.c...
compiling user_data.c...
compiling app_task.c...
compiling main.c...
compiling silent_dfu_flash.c...
compiling strip_app.c...
compiling strip_timer.c...
compiling light_controller_app.c...
compiling delay_msg_rsp.c...
compiling main_app.c...
compiling light_dlps_ctrl.c...
compiling light_swtimer.c...
..\..\..\src\app\mesh\ali_strip\light_swtimer.c(128): warning:  #223-D: function "light_controller_deinit" declared implicitly
                  light_controller_deinit();
..\..\..\src\app\mesh\ali_strip\light_swtimer.c: 1 warning, 0 errors
linking...
Program Size: Code=117636 RO-data=46628 RW-data=352 ZI-data=2972  
FromELF: creating hex file...
After Build - User command #1: ..\..\..\tool\after_build_common.bat C:\Keil_v5\ARM\ARMCC\include D:\Sun\Mesh_Power_Strip_Pro\board\evb\mesh_ali_power_strip\objects\app.axf app
Plain text image.
Generating SHA256...
SHA256 = 90E338DB338B3361893C21CDCB52B6B81BEF9B4820F68730CD93A41A01260413
MP header appending start...
D:\Sun\Mesh_Power_Strip_Pro\board\evb\mesh_ali_power_strip\mp.ini
No BinDependence...
No Comment...
No Author...
No Date...
MP header appending OK!
go encrypt.
Output Image: bin\app-83c3b3edd14200fe3d31c511b315a30e.bin
Backup Disasm: bin\app-83c3b3edd14200fe3d31c511b315a30e.disasm
Output Image: bin\app_MP_sdk#####_1.0.0.22_ab12567c-7da95c2dee7f304322e8c5bf9488aeff.bin
After Build - User command #2: after_build_special.bat
build_after_special bat
".\objects\app.axf" - 0 Error(s), 1 Warning(s).

<h2>Software Packages used:</h2>

Package Vendor: ARM
                http://www.keil.com/pack/ARM.CMSIS.5.6.0.pack
                ARM.CMSIS.5.6.0
                CMSIS (Cortex Microcontroller Software Interface Standard)

<h2>Collection of Component include folders:</h2>
  .\RTE\_mesh_ali_strip
  C:\Keil_v5\ARM\PACK\ARM\CMSIS\5.6.0\Device\ARM\ARMCM4\Include

<h2>Collection of Component Files used:</h2>
Build Time Elapsed:  00:00:11
</pre>
</body>
</html>
