Component: ARM Compiler 5.06 update 5 (build 528) Tool: armlink [4d35e2]

==============================================================================

Section Cross References

    startup_rtl8762c.o(VECTOR) refers to startup_rtl8762c.o(RESET) for Reset_Handler
    startup_rtl8762c.o(VECTOR) refers to startup_rtl8762c.o(.text) for NMI_Handler
    startup_rtl8762c.o(VECTOR) refers to data_uart.o(.text) for UART0_Handler
    startup_rtl8762c.o(VECTOR) refers to strip_timer.o(.text) for RTC_Handler
    startup_rtl8762c.o(VECTOR) refers to system_rtl8762c.o(.ram.dataon.data) for GPIO_Group3_Handler
    startup_rtl8762c.o(RESET) refers to system_rtl8762c.o(.app.flash.text) for SystemInit
    system_rtl8762c.o(.app.flash.text) refers to rand.o(.text) for srand
    system_rtl8762c.o(.app.flash.text) refers to rand.o(.emb_text) for rand
    system_rtl8762c.o(.app.flash.text) refers to overlay_mgr.o(.text) for load_overlay
    system_rtl8762c.o(.app.flash.text) refers to system_rtl8762c.o(.text) for NVIC_DisableIRQ
    system_rtl8762c.o(.app.flash.text) refers to system_rtl8762c.o(.app.overlay_a) for AppUpdateVectorTable
    system_rtl8762c.o(.app.flash.text) refers to main.o(.app.flash.text) for bt_stack_config_init
    system_rtl8762c.o(.app.flash.text) refers to system_rtl8762c.o(.bss) for .bss
    system_rtl8762c.o(.app.flash.text) refers to system_rtl8762c.o(.data) for .data
    system_rtl8762c.o(.app.flash.text) refers to system_rtl8762c.o(.TRACE) for .TRACE
    system_rtl8762c.o(.app.overlay_a) refers to system_rtl8762c.o(.constdata) for .constdata
    system_rtl8762c.o(.app.overlay_a) refers to startup_rtl8762c.o(.text) for Default_Handler
    system_rtl8762c.o(.app.overlay_a) refers to system_rtl8762c.o(.TRACE) for .TRACE
    system_rtl8762c.o(.ram.dataon.data) refers to startup_rtl8762c.o(.text) for GPIO3_Handler
    system_rtl8762c.o(.ram.dataon.data) refers to strip_app.o(.text) for GPIO20_Handler
    system_rtl8762c.o(.text) refers to __main.o(!!!main) for __main
    system_rtl8762c.o(.text) refers to system_rtl8762c.o(.constdata) for .constdata
    system_rtl8762c.o(.text) refers to system_rtl8762c.o(.data) for .data
    system_rtl8762c.o(.text) refers to system_rtl8762c.o(.bss) for .bss
    system_rtl8762c.o(.app.flash.header) refers to system_rtl8762c.o(.constdata) for app_cb_table
    system_rtl8762c.o(.constdata) refers to system_rtl8762c.o(.text) for app_cb0_wdg_reset
    system_rtl8762c.o(.constdata) refers to system_rtl8762c.o(.conststring) for .conststring
    rtl876x_io_dlps.o(.ram.dataon.data) refers to rtl876x_io_dlps.o(.bss) for .bss
    rtl876x_io_dlps.o(.ram.dataon.data) refers to rtl876x_io_dlps.o(.TRACE) for .TRACE
    rtl876x_io_dlps.o(.text) refers to rtl876x_io_dlps.o(.ram.dataon.data) for DLPS_IO_EnterDlpsCb
    rtl876x_tim.o(.text) refers to rtl876x_rcc.o(.text) for RCC_PeriphClockCmd
    rtl876x_uart.o(.text) refers to rtl876x_rcc.o(.text) for RCC_PeriphClockCmd
    rtl876x_gpio.o(.text) refers to rtl876x_rcc.o(.text) for RCC_PeriphClockCmd
    dfu_server.o(.text) refers to platform_misc.o(.text) for plt_swap2
    dfu_server.o(.text) refers to gap_scheduler.o(.text) for gap_sched_link_check
    dfu_server.o(.text) refers to mesh_bearer.o(.text) for bearer_send
    dfu_server.o(.text) refers to platform_os.o(.text) for plt_timer_create
    dfu_server.o(.text) refers to silent_dfu_flash.o(.text) for unlock_flash_all
    dfu_server.o(.text) refers to platform_diagnose.o(.data) for mesh_log_switch
    dfu_server.o(.text) refers to dfu_server.o(.TRACE) for .TRACE
    dfu_server.o(.text) refers to dfu_server.o(.constdata) for .constdata
    dfu_server.o(.text) refers to app_task.o(.bss) for io_queue_handle
    dfu_server.o(.text) refers to dfu_server.o(.bss) for .bss
    dfu_server.o(.text) refers to data_uart.o(.text) for data_uart_debug
    dfu_server.o(.text) refers to mesh_common.o(.text) for mesh_reboot
    dfu_server.o(.text) refers to system_rtl8762c.o(.text) for WDG_SystemReset
    dfu_server.o(.text) refers to dfu_server.o(.data) for .data
    dfu_server.o(.constdata) refers to dfu_server.o(.constdata) for dfu_service_uuid
    dfu_server.o(.constdata) refers to dfu_server.o(.text) for dfu_attr_write_cb
    dfu_client.o(.text) refers to dfu_client.o(.bss) for .bss
    dfu_client.o(.text) refers to platform_diagnose.o(.data) for mesh_log_switch
    dfu_client.o(.text) refers to dfu_client.o(.TRACE) for .TRACE
    dfu_client.o(.text) refers to dfu_server.o(.constdata) for dfu_service_uuid
    dfu_client.o(.text) refers to dfu_client.o(.data) for .data
    dfu_client.o(.text) refers to dfu_client.o(.constdata) for .constdata
    dfu_client.o(.text) refers to gap_scheduler.o(.text) for gap_sched_scan
    dfu_client.o(.text) refers to platform_misc.o(.text) for plt_swap2
    dfu_client.o(.text) refers to data_uart.o(.text) for data_uart_debug
    dfu_client.o(.text) refers to dfu_server.o(.bss) for dfu_ctx
[...]
    mesh_node_sub_check                      0x0081cb7f   Thumb Code    56  mesh_node.o(.text)
    mesh_node_cfg                            0x0081cbb7   Thumb Code   350  mesh_node.o(.text)
    mesh_node_init                           0x0081cd15   Thumb Code    24  mesh_node.o(.text)
    mesh_node_clear                          0x0081cd2d   Thumb Code     4  mesh_node.o(.text)
    mesh_node_clean                          0x0081cd31   Thumb Code   232  mesh_node.o(.text)
    mesh_node_reset                          0x0081ce19   Thumb Code    12  mesh_node.o(.text)
    mesh_node_restore                        0x0081ce25   Thumb Code    82  mesh_node.o(.text)
    mesh_node_deinit                         0x0081ce77   Thumb Code   186  mesh_node.o(.text)
    mesh_msg_cfg                             0x0081cf31   Thumb Code    18  mesh_node.o(.text)
    frnd_offer                               0x0081cf55   Thumb Code   164  friendship_fn.o(.text)
    frnd_clear_conf                          0x0081d0b1   Thumb Code   118  friendship_fn.o(.text)
    frnd_sub_list_conf                       0x0081d127   Thumb Code   136  friendship_fn.o(.text)
    frnd_update                              0x0081d1af   Thumb Code   220  friendship_fn.o(.text)
    fn_get_lpn                               0x0081d29d   Thumb Code    60  friendship_fn.o(.text)
    fn_get_lpn1                              0x0081d2d9   Thumb Code    78  friendship_fn.o(.text)
    fn_get_master_key                        0x0081d327   Thumb Code    92  friendship_fn.o(.text)
    fn_get_poll_to                           0x0081d383   Thumb Code    68  friendship_fn.o(.text)
    fn_frnd_queue_reset                      0x0081d3c7   Thumb Code   120  friendship_fn.o(.text)
    fn_frnd_queue_delete                     0x0081d43f   Thumb Code    98  friendship_fn.o(.text)
    fn_frnd_queue_add                        0x0081d4a1   Thumb Code   268  friendship_fn.o(.text)
    fn_frnd_queue_add_seg_ack                0x0081d5ad   Thumb Code   180  friendship_fn.o(.text)
    fn_frnd_queue_add_frnd_upd               0x0081d661   Thumb Code   144  friendship_fn.o(.text)
    fn_lpn_sub_check                         0x0081d6f1   Thumb Code    74  friendship_fn.o(.text)
    fn_lpn_sub_add                           0x0081d73b   Thumb Code   186  friendship_fn.o(.text)
    fn_lpn_sub_remove                        0x0081d7f5   Thumb Code   134  friendship_fn.o(.text)
    fn_lpn_sub_clear                         0x0081d87b   Thumb Code    48  friendship_fn.o(.text)
    fn_frnd_key_gen                          0x0081d8ab   Thumb Code   112  friendship_fn.o(.text)
    fn_frnd_key_upd                          0x0081d91b   Thumb Code    52  friendship_fn.o(.text)
    fn_frnd_key_refresh                      0x0081d94f   Thumb Code    60  friendship_fn.o(.text)
    fn_handle_frnd_req                       0x0081d98b   Thumb Code   816  friendship_fn.o(.text)
    fn_ctx_clear                             0x0081dcbb   Thumb Code   120  friendship_fn.o(.text)
    fn_handle_frnd_clear                     0x0081dd33   Thumb Code   160  friendship_fn.o(.text)
    fn_handle_frnd_clear_conf                0x0081ddd3   Thumb Code   160  friendship_fn.o(.text)
    fn_handle_iv_index_update                0x0081e173   Thumb Code    74  friendship_fn.o(.text)
    fn_handle_msg                            0x0081e1bd   Thumb Code   368  friendship_fn.o(.text)
    fn_handle_timeout                        0x0081e32d   Thumb Code   366  friendship_fn.o(.text)
    fn_cache_check                           0x0081e49b   Thumb Code   130  friendship_fn.o(.text)
    fn_cache                                 0x0081e51d   Thumb Code   548  friendship_fn.o(.text)
    fn_clear                                 0x0081e741   Thumb Code    88  friendship_fn.o(.text)
    fn_init                                  0x0081e799   Thumb Code   284  friendship_fn.o(.text)
    fn_deinit                                0x0081e8b5   Thumb Code    88  friendship_fn.o(.text)
    prov_disconnect                          0x0081e9ab   Thumb Code    86  provision_device.o(.text)
    device_receive                           0x0081ec95   Thumb Code   352  provision_device.o(.text)
    device_prov_cb                           0x0081edf5   Thumb Code   176  provision_device.o(.text)
    prov_auth_value_set                      0x0081eea5   Thumb Code   194  provision_device.o(.text)
    prov_init                                0x0081ef67   Thumb Code    38  provision_device.o(.text)
    mesh_flash_clear                         0x0081f1cd   Thumb Code  1048  mesh_flash.o(.text)
    mesh_flash_store                         0x0081f77f   Thumb Code  1138  mesh_flash.o(.text)
    mesh_flash_restore                       0x0081fbf1   Thumb Code  1098  mesh_flash.o(.text)
    mesh_flash_restore_node_state            0x0082003b   Thumb Code    42  mesh_flash.o(.text)
    gap_set_lps_bootup_active_time           0x0082006d   Thumb Code    52  gap_vendor_cmd.o(.text)
    lps_get_wakeup_time                      0x008200a1   Thumb Code    22  gap_vendor_cmd.o(.text)
    le_handle_vendor_cmd_rsp                 0x008200b7   Thumb Code   152  gap_vendor_cmd.o(.text)
    gap_vendor_cmd_req                       0x0082014f   Thumb Code    16  gap_vendor_cmd.o(.text)
    le_handle_vendor_evt_info                0x0082015f   Thumb Code    22  gap_vendor_cmd.o(.text)
    le_vendor_modify_bt_le_fw_policy         0x00820175   Thumb Code    74  gap_vendor_cmd.o(.text)
    le_vendor_check_priority_level           0x008201bf   Thumb Code    12  gap_vendor_cmd.o(.text)
    le_vendor_set_priority                   0x008201cb   Thumb Code   336  gap_vendor_cmd.o(.text)
    le_vendor_measure_master_clk_freq_mode   0x0082031b   Thumb Code    44  gap_vendor_cmd.o(.text)
    plt_list_push                            0x00820359   Thumb Code    26  platform_list.o(.text)
    plt_list_pop                             0x00820373   Thumb Code    26  platform_list.o(.text)
    plt_list_insert                          0x0082038d   Thumb Code    34  platform_list.o(.text)
    plt_list_delete                          0x008203af   Thumb Code    28  platform_list.o(.text)
    xor_128                                  0x008203cd   Thumb Code    20  aes_cmac.o(.text)
    leftshift_onebit                         0x008203e1   Thumb Code    24  aes_cmac.o(.text)
    generate_subkey                          0x008203f9   Thumb Code   108  aes_cmac.o(.text)
    padding                                  0x00820465   Thumb Code    36  aes_cmac.o(.text)
    AES_CMAC                                 0x00820489   Thumb Code   178  aes_cmac.o(.text)
    ccm_auth_encrypt                         0x008207f3   Thumb Code    50  ccm.o(.text)
    ccm_auth_decrypt                         0x00820825   Thumb Code    86  ccm.o(.text)
    ecc_validate_key                         0x008212f9   Thumb Code   194  ecc.o(.text)
    ecdh_shared_secret                       0x008213bb   Thumb Code   150  ecc.o(.text)
    prov_server_write_cb                     0x00821639   Thumb Code   102  provision_server.o(.text)
    prov_server_notify                       0x0082169f   Thumb Code    52  provision_server.o(.text)
    prov_server_cccd_update_cb               0x008216d3   Thumb Code    66  provision_server.o(.text)
    prov_server_add                          0x00821737   Thumb Code    90  provision_server.o(.text)
    prov_service_send                        0x008217b5   Thumb Code    30  provision_service.o(.text)
    prov_service_receive                     0x008217d3   Thumb Code    50  provision_service.o(.text)
    prov_service_handle_tx_done              0x00821805   Thumb Code    18  provision_service.o(.text)
    prov_service_handle_disc                 0x00821817   Thumb Code    34  provision_service.o(.text)
    proxy_server_write_cb                    0x0082184d   Thumb Code    90  proxy_server.o(.text)
    proxy_server_cccd_update_cb              0x008218a7   Thumb Code    86  proxy_server.o(.text)
    proxy_server_notify                      0x008218fd   Thumb Code    52  proxy_server.o(.text)
    proxy_server_add                         0x00821953   Thumb Code    90  proxy_server.o(.text)
    proxy_service_send                       0x008219d1   Thumb Code    44  proxy_service.o(.text)
    proxy_service_receive                    0x008219fd   Thumb Code    92  proxy_service.o(.text)
    proxy_service_handle_disc                0x00821a59   Thumb Code    30  proxy_service.o(.text)
    trans_send_check                         0x00821a7d   Thumb Code    12  mesh_transport.o(.text)
    trans_tx_timer_start                     0x00821aa7   Thumb Code   114  mesh_transport.o(.text)
    trans_tx_timer_stop                      0x00821b19   Thumb Code    24  mesh_transport.o(.text)
    trans_rx_timer_start                     0x00821b31   Thumb Code   120  mesh_transport.o(.text)
    trans_rx_timer_stop                      0x00821ba9   Thumb Code    24  mesh_transport.o(.text)
    trans_rx_incomplete_timer_start          0x00821bc1   Thumb Code    62  mesh_transport.o(.text)
    trans_rx_incomplete_timer_stop           0x00821bff   Thumb Code    24  mesh_transport.o(.text)
    trans_rx_ctx_find                        0x00821c17   Thumb Code    84  mesh_transport.o(.text)
    trans_rx_ctx_find1                       0x00821c6b   Thumb Code    76  mesh_transport.o(.text)
    trans_seg_ack                            0x00821cb7   Thumb Code   242  mesh_transport.o(.text)
    trans_send_seg                           0x00821da9   Thumb Code   486  mesh_transport.o(.text)
    trans_access_encrypt                     0x00821f8f   Thumb Code   568  mesh_transport.o(.text)
    trans_access_decrypt                     0x008221c7   Thumb Code   894  mesh_transport.o(.text)
    trans_tx_queue_pop                       0x00822545   Thumb Code   322  mesh_transport.o(.text)
    trans_tx_queue_free                      0x00822687   Thumb Code    32  mesh_transport.o(.text)
    trans_need_retransmit                    0x008226a7   Thumb Code   194  mesh_transport.o(.text)
    trans_retransmit                         0x00822769   Thumb Code   208  mesh_transport.o(.text)
    trans_send                               0x00822839   Thumb Code   632  mesh_transport.o(.text)
    trans_control_handler                    0x00822ab1   Thumb Code    70  mesh_transport.o(.text)
    trans_receive                            0x00822af7   Thumb Code  1406  mesh_transport.o(.text)
    trans_handle_timeout                     0x00823075   Thumb Code   164  mesh_transport.o(.text)
    trans_hb                                 0x00823119   Thumb Code   120  mesh_transport.o(.text)
    trans_init                               0x00823191   Thumb Code    76  mesh_transport.o(.text)
    trans_deinit                             0x008231dd   Thumb Code   158  mesh_transport.o(.text)
    nmc_init                                 0x00823295   Thumb Code   128  mesh_network.o(.text)
    nmc_clear                                0x00823315   Thumb Code    78  mesh_network.o(.text)
    nmc_deinit                               0x00823363   Thumb Code    40  mesh_network.o(.text)
    nmc_check                                0x0082338b   Thumb Code    84  mesh_network.o(.text)
    nmc_update                               0x008233df   Thumb Code    70  mesh_network.o(.text)
    net_send                                 0x00823425   Thumb Code   420  mesh_network.o(.text)
    net_relay_cb                             0x008235c9   Thumb Code    12  mesh_network.o(.text)
    net_receive                              0x008235d5   Thumb Code  1224  mesh_network.o(.text)
    mesh_s1                                  0x00823aad   Thumb Code    22  mesh_security.o(.text)
    mesh_k1                                  0x00823ac3   Thumb Code    36  mesh_security.o(.text)
    mesh_k2                                  0x00823ae7   Thumb Code   478  mesh_security.o(.text)
    mesh_k3                                  0x00823cc5   Thumb Code   270  mesh_security.o(.text)
    mesh_k4                                  0x00823dd3   Thumb Code   222  mesh_security.o(.text)
    vir_addr_gen                             0x00823eb1   Thumb Code   282  mesh_security.o(.text)
    identity_key_gen                         0x00823fcb   Thumb Code   206  mesh_security.o(.text)
    identity_hash_gen                        0x00824099   Thumb Code   168  mesh_security.o(.text)
    beacon_key_gen                           0x00824141   Thumb Code   204  mesh_security.o(.text)
    app_nonce_gen                            0x0082420d   Thumb Code   120  mesh_security.o(.text)
    net_nonce_gen                            0x00824285   Thumb Code   110  mesh_security.o(.text)
    proxy_nonce_gen                          0x008242f3   Thumb Code   148  mesh_security.o(.text)
    app_encrypt                              0x00824387   Thumb Code   316  mesh_security.o(.text)
    app_decrypt                              0x008244c3   Thumb Code   292  mesh_security.o(.text)
    net_encrypt                              0x008245e7   Thumb Code   260  mesh_security.o(.text)
    net_decrypt                              0x008246eb   Thumb Code   260  mesh_security.o(.text)
    privacy_counter_gen                      0x008247ef   Thumb Code    98  mesh_security.o(.text)
    net_obfuscate                            0x00824851   Thumb Code   192  mesh_security.o(.text)
    rpl_init                                 0x00824925   Thumb Code   104  mesh_rpl.o(.text)
    rpl_deinit                               0x0082498d   Thumb Code    34  mesh_rpl.o(.text)
    rpl_check                                0x008249af   Thumb Code   262  mesh_rpl.o(.text)
    rpl_clear                                0x00824ab5   Thumb Code    62  mesh_rpl.o(.text)
    rpl_reset                                0x00824af3   Thumb Code    58  mesh_rpl.o(.text)
    pb_adv_receive_filter                    0x00824e85   Thumb Code    28  provision_adv.o(.text)
    pb_adv_receive_sar                       0x00824ea1   Thumb Code   156  provision_adv.o(.text)
    pb_adv_receive                           0x00824f3d   Thumb Code  1416  provision_adv.o(.text)
    pb_adv_handle_timeout                    0x008254c5   Thumb Code   324  provision_adv.o(.text)
    pb_adv_link_open                         0x00825609   Thumb Code   146  provision_adv.o(.text)
    pb_adv_link_close                        0x0082569b   Thumb Code    56  provision_adv.o(.text)
    pb_adv_link_check                        0x008256d3   Thumb Code    12  provision_adv.o(.text)
    pb_adv_send                              0x008256df   Thumb Code   230  provision_adv.o(.text)
    pb_adv_init                              0x008257c5   Thumb Code    12  provision_adv.o(.text)
    pb_adv_deinit                            0x008257d1   Thumb Code     6  provision_adv.o(.text)
    proxy_send                               0x008257e1   Thumb Code   278  proxy_protocol.o(.text)
    proxy_receive                            0x008258f7   Thumb Code   330  proxy_protocol.o(.text)
    proxy_filter_add_addr                    0x00825a41   Thumb Code    88  proxy_protocol.o(.text)
    proxy_filter_remove_addr                 0x00825a99   Thumb Code    82  proxy_protocol.o(.text)
    proxy_filter_update                      0x00825aeb   Thumb Code    16  proxy_protocol.o(.text)
    proxy_filter_free                        0x00825afb   Thumb Code    46  proxy_protocol.o(.text)
    proxy_filter                             0x00825b29   Thumb Code    88  proxy_protocol.o(.text)
    proxy_cfg_send                           0x00825b81   Thumb Code   260  proxy_protocol.o(.text)
    proxy_cfg_set_filter_type                0x00825c85   Thumb Code    26  proxy_protocol.o(.text)
    proxy_cfg_add_remove_addr                0x00825c9f   Thumb Code   108  proxy_protocol.o(.text)
    proxy_cfg_filter_stat                    0x00825d0b   Thumb Code    36  proxy_protocol.o(.text)
    proxy_cfg_handle_msg                     0x00825d2f   Thumb Code   298  proxy_protocol.o(.text)
    proxy_cfg_receive                        0x00825e59   Thumb Code   514  proxy_protocol.o(.text)
    proxy_ctx_allocate                       0x00826073   Thumb Code   188  proxy_protocol.o(.text)
    proxy_ctx_set_cb                         0x0082612f   Thumb Code    32  proxy_protocol.o(.text)
    proxy_ctx_set_filter_type                0x0082614f   Thumb Code    28  proxy_protocol.o(.text)
    proxy_ctx_set_link                       0x0082616b   Thumb Code    28  proxy_protocol.o(.text)
    proxy_ctx_get_link                       0x00826187   Thumb Code    26  proxy_protocol.o(.text)
    proxy_ctx_free                           0x008261a1   Thumb Code    52  proxy_protocol.o(.text)
    proxy_ctx_init                           0x008261d5   Thumb Code    70  proxy_protocol.o(.text)
    proxy_ctx_deinit                         0x0082621b   Thumb Code    44  proxy_protocol.o(.text)
    proxy_handle_timeout                     0x00826247   Thumb Code    58  proxy_protocol.o(.text)
    frnd_poll_cb                             0x008262a5   Thumb Code    86  friendship_lpn.o(.text)
    frnd_req                                 0x008262fb   Thumb Code   296  friendship_lpn.o(.text)
    frnd_poll                                0x00826423   Thumb Code   232  friendship_lpn.o(.text)
    frnd_sub_list_add_rm                     0x0082650b   Thumb Code   244  friendship_lpn.o(.text)
    lpn_frnd_key_gen                         0x008266e1   Thumb Code   116  friendship_lpn.o(.text)
    lpn_frnd_key_upd                         0x00826755   Thumb Code    56  friendship_lpn.o(.text)
    lpn_frnd_key_refresh                     0x0082678d   Thumb Code    66  friendship_lpn.o(.text)
    lpn_handle_frnd_offer                    0x008267cf   Thumb Code   226  friendship_lpn.o(.text)
    lpn_handle_frnd_upd                      0x008268b1   Thumb Code   514  friendship_lpn.o(.text)
    lpn_handle_cache_pkt                     0x00826ab3   Thumb Code   222  friendship_lpn.o(.text)
    lpn_handle_msg                           0x00826b91   Thumb Code   260  friendship_lpn.o(.text)
    lpn_handle_timeout                       0x00826ccb   Thumb Code   528  friendship_lpn.o(.text)
    lpn_filter                               0x00826edb   Thumb Code     4  friendship_lpn.o(.text)
    lpn_req                                  0x00826edf   Thumb Code   346  friendship_lpn.o(.text)
    lpn_frnd_key_get                         0x00827039   Thumb Code    66  friendship_lpn.o(.text)
    lpn_frnd_exist_by_key                    0x0082707b   Thumb Code    22  friendship_lpn.o(.text)
    lpn_frnd_exist                           0x00827091   Thumb Code    40  friendship_lpn.o(.text)
    lpn_clear                                0x008270b9   Thumb Code    68  friendship_lpn.o(.text)
    lpn_init                                 0x008270fd   Thumb Code   148  friendship_lpn.o(.text)
    lpn_deinit                               0x00827191   Thumb Code    58  friendship_lpn.o(.text)
    hb_log2_greater                          0x008271fd   Thumb Code    42  heartbeat.o(.text)
    hb_exp2                                  0x00827227   Thumb Code    46  heartbeat.o(.text)
    hb_log2_less                             0x00827255   Thumb Code    30  heartbeat.o(.text)
    hb_init                                  0x00827273   Thumb Code     8  heartbeat.o(.text)
    hb_msg_send                              0x0082727b   Thumb Code   230  heartbeat.o(.text)
    hb_timer_cb                              0x00827361   Thumb Code    74  heartbeat.o(.text)
    hb_timer_start                           0x008273ab   Thumb Code   192  heartbeat.o(.text)
    hb_timer_stop                            0x0082746b   Thumb Code    82  heartbeat.o(.text)
    hb_handle_timeout                        0x008274bd   Thumb Code   104  heartbeat.o(.text)
    hb_receive_filter                        0x00827525   Thumb Code    28  heartbeat.o(.text)
    hb_handle_msg                            0x00827541   Thumb Code   162  heartbeat.o(.text)
    hb_publication_set                       0x008275e3   Thumb Code    10  heartbeat.o(.text)
    hb_publication_get                       0x008275ed   Thumb Code    16  heartbeat.o(.text)
    hb_subscription_set                      0x008275fd   Thumb Code    16  heartbeat.o(.text)
    hb_subscription_get                      0x0082760d   Thumb Code    16  heartbeat.o(.text)
    hb_deinit                                0x0082761d   Thumb Code    84  heartbeat.o(.text)
    hb_run                                   0x00827671   Thumb Code    26  heartbeat.o(.text)
    cfg_compo_data_stat                      0x008276fb   Thumb Code    74  configuration_server.o(.text)
    cfg_beacon_stat                          0x00827745   Thumb Code    28  configuration_server.o(.text)
    cfg_default_ttl_stat                     0x00827761   Thumb Code    28  configuration_server.o(.text)
    cfg_proxy_stat                           0x0082777d   Thumb Code    28  configuration_server.o(.text)
    cfg_relay_stat                           0x00827799   Thumb Code    44  configuration_server.o(.text)
    cfg_net_transmit_stat                    0x008277c5   Thumb Code    40  configuration_server.o(.text)
    cfg_model_pub_stat                       0x008277ed   Thumb Code   100  configuration_server.o(.text)
    cfg_model_sub_stat                       0x00827851   Thumb Code    72  configuration_server.o(.text)
    cfg_model_sub_list                       0x00827899   Thumb Code   158  configuration_server.o(.text)
    cfg_net_key_stat                         0x00827937   Thumb Code    32  configuration_server.o(.text)
    cfg_net_key_list                         0x00827957   Thumb Code   146  configuration_server.o(.text)
    cfg_app_key_stat                         0x008279e9   Thumb Code    50  configuration_server.o(.text)
    cfg_app_key_list                         0x00827a1b   Thumb Code   176  configuration_server.o(.text)
    cfg_node_identity_stat                   0x00827acb   Thumb Code    36  configuration_server.o(.text)
    cfg_model_app_stat                       0x00827aef   Thumb Code    72  configuration_server.o(.text)
    cfg_model_app_list                       0x00827b37   Thumb Code   232  configuration_server.o(.text)
    cfg_node_reset_stat                      0x00827c1f   Thumb Code    24  configuration_server.o(.text)
    cfg_frnd_stat                            0x00827c37   Thumb Code    28  configuration_server.o(.text)
    cfg_lpn_poll_timeout_stat                0x00827c53   Thumb Code    44  configuration_server.o(.text)
    cfg_key_refresh_phase_stat               0x00827c7f   Thumb Code    36  configuration_server.o(.text)
    cfg_hb_pub_stat                          0x00827ca3   Thumb Code    56  configuration_server.o(.text)
    cfg_hb_sub_stat                          0x00827cdb   Thumb Code    60  configuration_server.o(.text)
    cfg_server_handle_module_pub_set         0x00827d4b   Thumb Code   332  configuration_server.o(.text)
    cfg_server_handle_model_pub_va_set       0x00827e97   Thumb Code   400  configuration_server.o(.text)
    cfg_server_handle_model_sub_add          0x00828027   Thumb Code   160  configuration_server.o(.text)
    cfg_server_handle_model_sub_delete_all   0x008280c7   Thumb Code    94  configuration_server.o(.text)
    cfg_server_handle_model_sub_va_add       0x00828125   Thumb Code   294  configuration_server.o(.text)
    cfg_server_handle_model_sub_get          0x0082824b   Thumb Code   170  configuration_server.o(.text)
    cfg_server_handle_net_key_add            0x008282f5   Thumb Code   106  configuration_server.o(.text)
    cfg_server_handle_net_key_update         0x0082835f   Thumb Code   182  configuration_server.o(.text)
    cfg_server_handle_net_key_delete         0x00828415   Thumb Code   170  configuration_server.o(.text)
    cfg_server_handle_net_key_get            0x008284bf   Thumb Code    58  configuration_server.o(.text)
    cfg_server_handle_app_key_add            0x008284f9   Thumb Code   170  configuration_server.o(.text)
    cfg_server_handle_app_key_update         0x008285a3   Thumb Code   264  configuration_server.o(.text)
    cfg_server_handle_app_key_delete         0x008286ab   Thumb Code   114  configuration_server.o(.text)
    cfg_server_handle_app_key_get            0x0082871d   Thumb Code   104  configuration_server.o(.text)
    cfg_server_handle_node_identity_get      0x00828785   Thumb Code    88  configuration_server.o(.text)
    cfg_server_handle_node_identity_set      0x008287dd   Thumb Code   108  configuration_server.o(.text)
    cfg_server_handle_model_app_bind         0x00828849   Thumb Code   188  configuration_server.o(.text)
    cfg_server_handle_model_app_get          0x00828905   Thumb Code   164  configuration_server.o(.text)
    cfg_server_handle_key_refresh_phase_set  0x008289a9   Thumb Code   170  configuration_server.o(.text)
    cfg_server_receive                       0x00828a53   Thumb Code  2186  configuration_server.o(.text)
    cfg_server_reg                           0x008292dd   Thumb Code    42  configuration_server.o(.text)
    cfg_server_resp_with_seg_msg             0x00829307   Thumb Code     8  configuration_server.o(.text)
    cfg_server_set_net_trans                 0x0082930f   Thumb Code     8  configuration_server.o(.text)
    crc8EtsGen                               0x0082932d   Thumb Code    28  crc8ets.o(.text)
    crc8EtsCheck                             0x00829349   Thumb Code    38  crc8ets.o(.text)
    trans_ping                               0x00829375   Thumb Code   114  transport_ping.o(.text)
    trans_pong                               0x008293e7   Thumb Code   120  transport_ping.o(.text)
    trans_handle_ping_pong_msg               0x0082945f   Thumb Code   208  transport_ping.o(.text)
    trans_ping_pong_init                     0x0082952f   Thumb Code     8  transport_ping.o(.text)
    __aeabi_llsl                             0x0082955d   Thumb Code     0  llshl.o(.text)
    _ll_shift_l                              0x0082955d   Thumb Code    38  llshl.o(.text)
    __aeabi_llsr                             0x00829583   Thumb Code     0  llushr.o(.text)
    _ll_ushift_r                             0x00829583   Thumb Code    38  llushr.o(.text)
    __2sprintf                               0x008295a9   Thumb Code    34  noretval__2sprintf.o(.text)
    _printf_pre_padding                      0x008295d1   Thumb Code    44  _printf_pad.o(.text)
    _printf_post_padding                     0x008295fd   Thumb Code    34  _printf_pad.o(.text)
    _printf_int_hex                          0x00829621   Thumb Code    84  _printf_hex_int.o(.text)
    _printf_longlong_hex                     0x00829621   Thumb Code     0  _printf_hex_int.o(.text)
    __printf                                 0x00829679   Thumb Code   308  __printf_flags_wp.o(.text)
    srand                                    0x008297b1   Thumb Code    42  rand.o(.text)
    _rand_init                               0x008297db   Thumb Code     4  rand.o(.text)
    strncmp                                  0x008297ed   Thumb Code   150  strncmp.o(.text)
    _printf_int_common                       0x00829883   Thumb Code   178  _printf_intcommon.o(.text)
    _printf_char_common                      0x0082993f   Thumb Code    32  _printf_char_common.o(.text)
    _sputc                                   0x00829965   Thumb Code    10  _sputc.o(.text)
    UpdateMAC                                0x00829971   Thumb Code    68  rtl876x_lib_platform.o(i.UpdateMAC)
    __hardfp_ceil                            0x008299d1   Thumb Code   252  ceil.o(i.__hardfp_ceil)
    _is_digit                                0x00829bc5   Thumb Code    14  __printf_wp.o(i._is_digit)
    cfg_add_item                             0x00829bd5   Thumb Code   246  rtl876x_lib_cfg_int.o(i.cfg_add_item)
    cfg_find_item                            0x00829d09   Thumb Code   200  rtl876x_lib_cfg_int.o(i.cfg_find_item)
    flash_lock_new                           0x00829e11   Thumb Code    62  rtl8762c_lib_flash.o(i.flash_lock_new)
    flash_set_block_protect_locked           0x00829e5d   Thumb Code    38  rtl8762c_lib_flash.o(i.flash_set_block_protect_locked)
    flash_sw_protect_unlock_by_addr_locked   0x00829e83   Thumb Code    42  rtl8762c_lib_flash.o(i.flash_sw_protect_unlock_by_addr_locked)
    flash_sw_protect_unlock_by_addr_new      0x00829ead   Thumb Code   176  rtl8762c_lib_flash.o(i.flash_sw_protect_unlock_by_addr_new)
    flash_unlock_new                         0x00829f61   Thumb Code    44  rtl8762c_lib_flash.o(i.flash_unlock_new)
    __aeabi_d2f                              0x00829f99   Thumb Code     0  d2f.o(x$fpl$d2f)
    _d2f                                     0x00829f99   Thumb Code    98  d2f.o(x$fpl$d2f)
    __aeabi_dadd                             0x00829ffd   Thumb Code     0  daddsub_clz.o(x$fpl$dadd)
    _dadd                                    0x00829ffd   Thumb Code   332  daddsub_clz.o(x$fpl$dadd)
    __fpl_dcmp_Inf                           0x0082a14d   Thumb Code    24  dcmpi.o(x$fpl$dcmpinf)
    __aeabi_ddiv                             0x0082a165   Thumb Code     0  ddiv.o(x$fpl$ddiv)
    _ddiv                                    0x0082a165   Thumb Code   552  ddiv.o(x$fpl$ddiv)
    __aeabi_d2uiz                            0x0082a415   Thumb Code     0  dfixu.o(x$fpl$dfixu)
    _dfixu                                   0x0082a415   Thumb Code    90  dfixu.o(x$fpl$dfixu)
    __aeabi_i2d                              0x0082a46f   Thumb Code     0  dflt_clz.o(x$fpl$dflt)
    _dflt                                    0x0082a46f   Thumb Code    46  dflt_clz.o(x$fpl$dflt)
    __aeabi_ui2d                             0x0082a49d   Thumb Code     0  dflt_clz.o(x$fpl$dfltu)
    _dfltu                                   0x0082a49d   Thumb Code    38  dflt_clz.o(x$fpl$dfltu)
    __aeabi_cdcmple                          0x0082a4c5   Thumb Code     0  dleqf.o(x$fpl$dleqf)
    _dcmple                                  0x0082a4c5   Thumb Code   120  dleqf.o(x$fpl$dleqf)
    __fpl_dcmple_InfNaN                      0x0082a527   Thumb Code     0  dleqf.o(x$fpl$dleqf)
    __aeabi_dmul                             0x0082a53d   Thumb Code     0  dmul.o(x$fpl$dmul)
    _dmul                                    0x0082a53d   Thumb Code   332  dmul.o(x$fpl$dmul)
    __fpl_dnaninf                            0x0082a691   Thumb Code   156  dnaninf.o(x$fpl$dnaninf)
    __fpl_dretinf                            0x0082a72d   Thumb Code    12  dretinf.o(x$fpl$dretinf)
    __aeabi_cdrcmple                         0x0082a739   Thumb Code     0  drleqf.o(x$fpl$drleqf)
    _drcmple                                 0x0082a739   Thumb Code   108  drleqf.o(x$fpl$drleqf)
    __aeabi_drsub                            0x0082a7a5   Thumb Code     0  daddsub_clz.o(x$fpl$drsb)
    _drsb                                    0x0082a7a5   Thumb Code    22  daddsub_clz.o(x$fpl$drsb)
    __aeabi_dsub                             0x0082a7bd   Thumb Code     0  daddsub_clz.o(x$fpl$dsub)
    _dsub                                    0x0082a7bd   Thumb Code   464  daddsub_clz.o(x$fpl$dsub)
    __aeabi_f2d                              0x0082a991   Thumb Code     0  f2d.o(x$fpl$f2d)
    _f2d                                     0x0082a991   Thumb Code    86  f2d.o(x$fpl$f2d)
    __fpl_fnaninf                            0x0082a9e7   Thumb Code   140  fnaninf.o(x$fpl$fnaninf)
    _fp_init                                 0x0082aa73   Thumb Code    10  fpinit.o(x$fpl$fpinit)
    __fplib_config_fpu_vfp                   0x0082aa7b   Thumb Code     0  fpinit.o(x$fpl$fpinit)
    __fplib_config_pureend_doubles           0x0082aa7b   Thumb Code     0  fpinit.o(x$fpl$fpinit)
    __fpl_fretinf                            0x0082aa7d   Thumb Code    10  fretinf.o(x$fpl$fretinf)
    __I$use$fp                               0x0082aa86   Number         0  usenofp.o(x$fpl$usenofp)
    app_cb_table                             0x0082aa88   Data          32  system_rtl8762c.o(.constdata)
    dfu_service_uuid                         0x0082abb4   Data          16  dfu_server.o(.constdata)
    dfu_service_table                        0x0082abc4   Data         168  dfu_server.o(.constdata)
    dfu_server_cbs                           0x0082ac6c   Data          12  dfu_server.o(.constdata)
    dfu_data_uuid                            0x0082aca4   Data          16  dfu_client.o(.constdata)
    dfu_cp_uuid                              0x0082acb4   Data          16  dfu_client.o(.constdata)
    dfu_client_cbs                           0x0082acc4   Data          24  dfu_client.o(.constdata)
    GATT_UUID_OTA_SERVICE                    0x0082acf2   Data          16  ota_server.o(.constdata)
    gattOtaServiceTable                      0x0082ad04   Data         532  ota_server.o(.constdata)
    OTAServiceCBs                            0x0082af18   Data          12  ota_server.o(.constdata)
    ais_server_table                         0x0082af38   Data         364  ais_server.o(.constdata)
    ais_server_cbs                           0x0082b0a4   Data          12  ais_server.o(.constdata)
    dis_cbs                                  0x0082b310   Data          12  dis.o(.constdata)
    tick_map                                 0x0082b410   Data           8  generic_transition_time.o(.constdata)
    mp_cmd_table                             0x0082b528   Data          16  mp_cmd.o(.constdata)
    prov_server_table                        0x0082bab0   Data         168  provision_server.o(.constdata)
    prov_server_cbs                          0x0082bb58   Data          12  provision_server.o(.constdata)
    proxy_server_table                       0x0082bb64   Data         168  proxy_server.o(.constdata)
    proxy_server_cbs                         0x0082bc0c   Data          12  proxy_server.o(.constdata)
    Load$$RAM_VECTOR_TABLE$$RO$$Base         0x0082c234   Number         0  anon$$obj.o ABSOLUTE
    Load$$RAM_DATA_ON$$RO$$Base              0x0082c328   Number         0  anon$$obj.o ABSOLUTE
    Load$$RAM_DATA_ON$$RW$$Base              0x0082c750   Number         0  anon$$obj.o ABSOLUTE
    Load$$OVERLAY_A$$RO$$Base                0x0082c8b0   Number         0  anon$$obj.o ABSOLUTE
    Load$$CACHE_DATA_ON$$RO$$Base            0x0082c984   Number         0  anon$$obj.o ABSOLUTE
    Load$$CACHE_DATA_ON$$RW$$Base            0x0082c984   Number         0  anon$$obj.o ABSOLUTE
    Load$$OVERLAY_A$$RW$$Base                0x0082c984   Number         0  anon$$obj.o ABSOLUTE
    Load$$OVERLAY_B$$RO$$Base                0x0082c984   Number         0  anon$$obj.o ABSOLUTE
    Load$$OVERLAY_B$$RW$$Base                0x0082c984   Number         0  anon$$obj.o ABSOLUTE
    Load$$OVERLAY_C$$RO$$Base                0x0082c984   Number         0  anon$$obj.o ABSOLUTE
    Load$$OVERLAY_C$$RW$$Base                0x0082c984   Number         0  anon$$obj.o ABSOLUTE



==============================================================================

Memory Map of the image

  Image Entry point : 0x0080e409

  Load Region LOAD_FLASH (Base: 0x0080e000, Size: 0x0001e984, Max: 0x00032000, ABSOLUTE)

    Execution Region RAM_VECTOR_TABLE (Exec base: 0x00200000, Load base: 0x0082c234, Size: 0x000000f4, Max: 0x000000f4, OVERLAY)

    Exec Addr    Load Addr    Size         Type   Attr      Idx    E Section Name        Object

    0x00200000   0x0082c234   0x000000f4   Data   RO            1    VECTOR              startup_rtl8762c.o


    Execution Region RAM_DATA_ON (Exec base: 0x00207c00, Load base: 0x0082c328, Size: 0x00001124, Max: 0x00007800, OVERLAY)

    Exec Addr    Load Addr    Size         Type   Attr      Idx    E Section Name        Object

    0x00207c00   0x0082c328   0x00000124   Code   RO           17    .ram.dataon.data    system_rtl8762c.o
    0x00207d24   0x0082c44c   0x00000304   Code   RO          184    .ram.dataon.data    rtl876x_io_dlps.o
    0x00208028   0x0082c750   0x00000004   Data   RW           25    .data               system_rtl8762c.o
    0x0020802c   0x0082c754   0x00000001   Data   RW          364    .data               dfu_server.o
    0x0020802d   0x0082c755   0x00000002   Data   RW          555    .data               dfu_client.o
    0x0020802f   0x0082c757   0x0000002e   Data   RW          704    .data               dis.o
    0x0020805d   0x0082c785   0x00000003   PAD
    0x00208060   0x0082c788   0x00000010   Data   RW         1447    .data               dimmable_light.o
    0x00208070   0x0082c798   0x0000006c   Data   RW         1537    .data               overlay_mgr.o
    0x002080dc   0x0082c804   0x00000050   Data   RW         1622    .data               light_cwrgb_app.o
    0x0020812c   0x0082c854   0x00000008   Data   RW         1781    .data               strip_app.o
    0x00208134   0x0082c85c   0x0000000b   Data   RW         1906    .data               main_app.o
    0x0020813f   0x0082c867   0x00000001   Data   RW         1959    .data               silent_dfu_flash.o
    0x00208140   0x0082c868   0x00000010   Data   RW         2657    .data               mesh_dev.lib(platform_diagnose.o)
    0x00208150   0x0082c878   0x00000021   Data   RW         2745    .data               mesh_dev.lib(gap_scheduler.o)
    0x00208171   0x0082c899   0x00000010   Data   RW         3531    .data               mesh_dev.lib(aes_cmac.o)
    0x00208181   0x0082c8a9   0x00000001   Data   RW         3622    .data               mesh_dev.lib(provision_service.o)
    0x00208182   0x0082c8aa   0x00000001   Data   RW         3681    .data               mesh_dev.lib(proxy_service.o)
    0x00208183   0x0082c8ab   0x00000002   Data   RW         3980    .data               mesh_dev.lib(configuration_server.o)
    0x00208185   0x0082c8ad   0x00000003   PAD
    0x00208188        -       0x0000001f   Zero   RW           21    .bss                system_rtl8762c.o
    0x002081a7   0x0082c8ad   0x00000001   PAD
    0x002081a8        -       0x00000108   Zero   RW          187    .bss                rtl876x_io_dlps.o
    0x002082b0        -       0x0000004c   Zero   RW          359    .bss                dfu_server.o
    0x002082fc        -       0x0000003c   Zero   RW          553    .bss                dfu_client.o
    0x00208338        -       0x00000038   Zero   RW          594    .bss                ota_server.o
    0x00208370        -       0x0000003c   Zero   RW          628    .bss                ais_server.o
    0x002083ac        -       0x00000084   Zero   RW          701    .bss                dis.o
    0x00208430        -       0x00000050   Zero   RW          761    .bss                firmware_update_server.o
    0x00208480        -       0x00000060   Zero   RW          793    .bss                object_transfer_server.o
    0x002084e0        -       0x00000008   Zero   RW          951    .bss                generic_transition_time.o
    0x002084e8        -       0x00000004   Zero   RW         1356    .bss                delay_execution.o
    0x002084ec        -       0x00000028   Zero   RW         1412    .bss                dfu_updater_app.o
    0x00208514        -       0x00000008   Zero   RW         1446    .bss                dimmable_light.o
    0x0020851c        -       0x0000000c   Zero   RW         1487    .bss                mp_cmd_parse.o
    0x00208528        -       0x00000008   Zero   RW         1535    .bss                overlay_mgr.o
    0x00208530        -       0x0000000e   Zero   RW         1621    .bss                light_cwrgb_app.o
    0x0020853e   0x0082c8ad   0x00000002   PAD
    0x00208540        -       0x0000000c   Zero   RW         1654    .bss                app_task.o
    0x0020854c        -       0x00000028   Zero   RW         1699    .bss                main.o
    0x00208574        -       0x00000068   Zero   RW         1778    .bss                strip_app.o
    0x002085dc        -       0x00000150   Zero   RW         1863    .bss                strip_timer.o
    0x0020872c        -       0x00000014   Zero   RW         1903    .bss                main_app.o
    0x00208740        -       0x00000004   Zero   RW         1958    .bss                silent_dfu_flash.o
    0x00208744        -       0x000000f4   Zero   RW         2030    .bss                light_controller_app.o
    0x00208838        -       0x00000008   Zero   RW         2057    .bss                light_swtimer.o
    0x00208840        -       0x00000004   Zero   RW         2084    .bss                light_dlps_ctrl.o
    0x00208844        -       0x000000c4   Zero   RW         2675    .bss                mesh_dev.lib(aes.o)
    0x00208908        -       0x00000008   Zero   RW         2697    .bss                mesh_dev.lib(data_uart.o)
    0x00208910        -       0x00000060   Zero   RW         2743    .bss                mesh_dev.lib(gap_scheduler.o)
    0x00208970        -       0x00000004   Zero   RW         2908    .bss                mesh_dev.lib(mesh_access.o)
    0x00208974        -       0x00000004   Zero   RW         2961    .bss                mesh_dev.lib(mesh_bearer.o)
    0x00208978        -       0x00000010   Zero   RW         3030    .bss                mesh_dev.lib(mesh_beacon.o)
    0x00208988        -       0x00000020   Zero   RW         3065    .bss                mesh_dev.lib(mesh_common.o)
    0x002089a8        -       0x0000001c   Zero   RW         3109    .bss                mesh_dev.lib(mesh_provision.o)
    0x002089c4        -       0x00000018   Zero   RW         3175    .bss                mesh_dev.lib(mesh_service.o)
    0x002089dc        -       0x000000b0   Zero   RW         3224    .bss                mesh_dev.lib(mesh_node.o)
    0x00208a8c        -       0x0000000c   Zero   RW         3285    .bss                mesh_dev.lib(friendship_fn.o)
    0x00208a98        -       0x00000018   Zero   RW         3340    .bss                mesh_dev.lib(mesh_flash.o)
    0x00208ab0        -       0x00000002   Zero   RW         3589    .bss                mesh_dev.lib(provision_server.o)
    0x00208ab2   0x0082c8ad   0x00000002   PAD
    0x00208ab4        -       0x00000004   Zero   RW         3621    .bss                mesh_dev.lib(provision_service.o)
    0x00208ab8        -       0x00000002   Zero   RW         3653    .bss                mesh_dev.lib(proxy_server.o)
    0x00208aba   0x0082c8ad   0x00000002   PAD
    0x00208abc        -       0x00000084   Zero   RW         3712    .bss                mesh_dev.lib(mesh_transport.o)
    0x00208b40        -       0x0000003c   Zero   RW         3742    .bss                mesh_dev.lib(mesh_network.o)
    0x00208b7c        -       0x0000000c   Zero   RW         3797    .bss                mesh_dev.lib(mesh_rpl.o)
    0x00208b88        -       0x0000004c   Zero   RW         3829    .bss                mesh_dev.lib(provision_adv.o)
    0x00208bd4        -       0x00000008   Zero   RW         3862    .bss                mesh_dev.lib(proxy_protocol.o)
    0x00208bdc        -       0x0000000c   Zero   RW         3892    .bss                mesh_dev.lib(friendship_lpn.o)
    0x00208be8        -       0x00000024   Zero   RW         3920    .bss                mesh_dev.lib(heartbeat.o)
    0x00208c0c        -       0x0000002c   Zero   RW         3978    .bss                mesh_dev.lib(configuration_server.o)
    0x00208c38        -       0x00000008   Zero   RW         4066    .bss                mesh_dev.lib(transport_ping.o)
    0x00208c40        -       0x000000e4   Zero   RW         4145    .bss                c_w.l(rand.o)


    Execution Region OVERLAY_A (Exec base: 0x00208d24, Load base: 0x0082c8b0, Size: 0x000000d4, Max: 0xffffffff, OVERLAY)

    Exec Addr    Load Addr    Size         Type   Attr      Idx    E Section Name        Object

    0x00208d24   0x0082c8b0   0x000000d4   Code   RO           16    .app.overlay_a      system_rtl8762c.o


    Execution Region OVERLAY_B (Exec base: 0x00208d24, Load base: 0x0082c984, Size: 0x00000000, Max: 0xffffffff, OVERLAY)

    **** No section assigned to this execution region ****


    Execution Region OVERLAY_C (Exec base: 0x00208d24, Load base: 0x0082c984, Size: 0x00000000, Max: 0xffffffff, OVERLAY)

    **** No section assigned to this execution region ****


    Execution Region CACHE_DATA_ON (Exec base: 0x0021c000, Load base: 0x0082c984, Size: 0x00000000, Max: 0x00000000, OVERLAY)

    **** No section assigned to this execution region ****


    Execution Region app.bin (Exec base: 0x0080e000, Load base: 0x0080e000, Size: 0x00000400, Max: 0xffffffff, ABSOLUTE)

    Exec Addr    Load Addr    Size         Type   Attr      Idx    E Section Name        Object

    0x0080e000   0x0080e000   0x00000400   Data   RO           20    .app.flash.header   system_rtl8762c.o


    Execution Region APP_FLASH_HEADER_EXT (Exec base: 0x0080e400, Load base: 0x0080e400, Size: 0x00000000, Max: 0xffffffff, ABSOLUTE)

    **** No section assigned to this execution region ****


    Execution Region FLASH_START_ADDR (Exec base: 0x0080e400, Load base: 0x0080e400, Size: 0x00000008, Max: 0xffffffff, ABSOLUTE)

    Exec Addr    Load Addr    Size         Type   Attr      Idx    E Section Name        Object

    0x0080e400   0x0080e400   0x00000008   Code   RO            2    RESET               startup_rtl8762c.o


    Execution Region FLASH_TEXT (Exec base: 0x0080e408, Load base: 0x0080e408, Size: 0x0001de2c, Max: 0xffffffff, ABSOLUTE)

    Exec Addr    Load Addr    Size         Type   Attr      Idx    E Section Name        Object

    0x0080e408   0x0080e408   0x00000008   Code   RO         4150  * !!!main             c_w.l(__main.o)
    0x0080e410   0x0080e410   0x00000000   Code   RO         4142    .ARM.Collect$$_printf_percent$$00000000  c_w.l(_printf_percent.o)
    0x0080e410   0x0080e410   0x00000006   Code   RO         4141    .ARM.Collect$$_printf_percent$$0000000C  c_w.l(_printf_x.o)
    0x0080e416   0x0080e416   0x00000004   Code   RO         4209    .ARM.Collect$$_printf_percent$$00000017  c_w.l(_printf_percent_end.o)
    0x0080e41a   0x0080e41a   0x00000002   Code   RO         4310    .ARM.Collect$$libinit$$00000000  c_w.l(libinit.o)
    0x0080e41c   0x0080e41c   0x00000004   Code   RO         4210    .ARM.Collect$$libinit$$00000001  c_w.l(libinit2.o)
    0x0080e420   0x0080e420   0x00000000   Code   RO         4213    .ARM.Collect$$libinit$$00000004  c_w.l(libinit2.o)
    0x0080e420   0x0080e420   0x00000000   Code   RO         4216    .ARM.Collect$$libinit$$0000000A  c_w.l(libinit2.o)
    0x0080e420   0x0080e420   0x00000000   Code   RO         4218    .ARM.Collect$$libinit$$0000000C  c_w.l(libinit2.o)
    0x0080e420   0x0080e420   0x00000004   Code   RO         4219    .ARM.Collect$$libinit$$0000000D  c_w.l(libinit2.o)
    0x0080e424   0x0080e424   0x00000000   Code   RO         4220    .ARM.Collect$$libinit$$0000000E  c_w.l(libinit2.o)
    0x0080e424   0x0080e424   0x00000000   Code   RO         4223    .ARM.Collect$$libinit$$00000011  c_w.l(libinit2.o)
    0x0080e424   0x0080e424   0x00000000   Code   RO         4225    .ARM.Collect$$libinit$$00000013  c_w.l(libinit2.o)
    0x0080e424   0x0080e424   0x00000000   Code   RO         4227    .ARM.Collect$$libinit$$00000015  c_w.l(libinit2.o)
    0x0080e424   0x0080e424   0x00000000   Code   RO         4229    .ARM.Collect$$libinit$$00000017  c_w.l(libinit2.o)
    0x0080e424   0x0080e424   0x00000000   Code   RO         4231    .ARM.Collect$$libinit$$00000019  c_w.l(libinit2.o)
    0x0080e424   0x0080e424   0x00000000   Code   RO         4233    .ARM.Collect$$libinit$$0000001B  c_w.l(libinit2.o)
    0x0080e424   0x0080e424   0x00000000   Code   RO         4235    .ARM.Collect$$libinit$$0000001D  c_w.l(libinit2.o)
    0x0080e424   0x0080e424   0x00000000   Code   RO         4237    .ARM.Collect$$libinit$$0000001F  c_w.l(libinit2.o)
    0x0080e424   0x0080e424   0x00000000   Code   RO         4239    .ARM.Collect$$libinit$$00000021  c_w.l(libinit2.o)
    0x0080e424   0x0080e424   0x00000000   Code   RO         4241    .ARM.Collect$$libinit$$00000023  c_w.l(libinit2.o)
    0x0080e424   0x0080e424   0x00000000   Code   RO         4243    .ARM.Collect$$libinit$$00000025  c_w.l(libinit2.o)
    0x0080e424   0x0080e424   0x00000000   Code   RO         4247    .ARM.Collect$$libinit$$0000002C  c_w.l(libinit2.o)
    0x0080e424   0x0080e424   0x00000000   Code   RO         4249    .ARM.Collect$$libinit$$0000002E  c_w.l(libinit2.o)
    0x0080e424   0x0080e424   0x00000000   Code   RO         4251    .ARM.Collect$$libinit$$00000030  c_w.l(libinit2.o)
    0x0080e424   0x0080e424   0x00000000   Code   RO         4253    .ARM.Collect$$libinit$$00000032  c_w.l(libinit2.o)
    0x0080e424   0x0080e424   0x00000002   Code   RO         4254    .ARM.Collect$$libinit$$00000033  c_w.l(libinit2.o)
    0x0080e426   0x0080e426   0x00000000   Code   RO         4200    .ARM.Collect$$rtentry$$00000000  c_w.l(__rtentry.o)
    0x0080e426   0x0080e426   0x00000000   Code   RO         4271    .ARM.Collect$$rtentry$$00000002  c_w.l(__rtentry2.o)
    0x0080e426   0x0080e426   0x00000006   Code   RO         4283    .ARM.Collect$$rtentry$$00000004  c_w.l(__rtentry4.o)
    0x0080e42c   0x0080e42c   0x00000000   Code   RO         4273    .ARM.Collect$$rtentry$$00000009  c_w.l(__rtentry2.o)
    0x0080e42c   0x0080e42c   0x00000004   Code   RO         4274    .ARM.Collect$$rtentry$$0000000A  c_w.l(__rtentry2.o)
    0x0080e430   0x0080e430   0x00000000   Code   RO         4276    .ARM.Collect$$rtentry$$0000000C  c_w.l(__rtentry2.o)
    0x0080e430   0x0080e430   0x00000008   Code   RO         4277    .ARM.Collect$$rtentry$$0000000D  c_w.l(__rtentry2.o)
    0x0080e438   0x0080e438   0x00000290   Code   RO           15    .app.flash.text     system_rtl8762c.o
    0x0080e6c8   0x0080e6c8   0x00000006   Code   RO         1696    .app.flash.text     main.o
    0x0080e6ce   0x0080e6ce   0x00000002   PAD
    0x0080e6d0   0x0080e6d0   0x00000100   Code   RO         2404    .app.flash.text     gap_utils.lib(gap_config.o)
    0x0080e7d0   0x0080e7d0   0x00000034   Code   RO         4143    .emb_text           c_w.l(rand.o)
    0x0080e804   0x0080e804   0x00000050   Code   RO            3    .text               startup_rtl8762c.o
    0x0080e854   0x0080e854   0x00000168   Code   RO           18    .text               system_rtl8762c.o
    0x0080e9bc   0x0080e9bc   0x00000020   Code   RO          185    .text               rtl876x_io_dlps.o
    0x0080e9dc   0x0080e9dc   0x00000358   Code   RO          251    .text               rtl876x_rcc.o
    0x0080ed34   0x0080ed34   0x0000019c   Code   RO          279    .text               rtl876x_tim.o
    0x0080eed0   0x0080eed0   0x0000022c   Code   RO          306    .text               rtl876x_uart.o
    0x0080f0fc   0x0080f0fc   0x00000184   Code   RO          330    .text               rtl876x_gpio.o
    0x0080f280   0x0080f280   0x00000b3c   Code   RO          357    .text               dfu_server.o
    0x0080fdbc   0x0080fdbc   0x00000de0   Code   RO          551    .text               dfu_client.o
    0x00810b9c   0x00810b9c   0x0000029c   Code   RO          592    .text               ota_server.o
    0x00810e38   0x00810e38   0x00000af4   Code   RO          626    .text               ais_server.o
    0x0081192c   0x0081192c   0x00000284   Code   RO          699    .text               dis.o
    0x00811bb0   0x00811bb0   0x000004c0   Code   RO          730    .text               health_server.o
    0x00812070   0x00812070   0x000004b8   Code   RO          759    .text               firmware_update_server.o
    0x00812528   0x00812528   0x000007b4   Code   RO          791    .text               object_transfer_server.o
    0x00812cdc   0x00812cdc   0x00000380   Code   RO          825    .text               generic_on_off_server.o
    0x0081305c   0x0081305c   0x00000258   Code   RO          949    .text               generic_transition_time.o
    0x008132b4   0x008132b4   0x000001b0   Code   RO         1354    .text               delay_execution.o
    0x00813464   0x00813464   0x000002c4   Code   RO         1382    .text               ali_model.o
    0x00813728   0x00813728   0x000002e4   Code   RO         1410    .text               dfu_updater_app.o
    0x00813a0c   0x00813a0c   0x00000324   Code   RO         1444    .text               dimmable_light.o
    0x00813d30   0x00813d30   0x00000220   Code   RO         1485    .text               mp_cmd_parse.o
    0x00813f50   0x00813f50   0x0000007c   Code   RO         1534    .text               overlay_mgr.o
    0x00813fcc   0x00813fcc   0x00000174   Code   RO         1555    .text               light_effect_app.o
    0x00814140   0x00814140   0x00000094   Code   RO         1592    .text               light_storage_app.o
    0x008141d4   0x008141d4   0x000007e0   Code   RO         1620    .text               light_cwrgb_app.o
    0x008149b4   0x008149b4   0x00000170   Code   RO         1652    .text               app_task.o
    0x00814b24   0x00814b24   0x0000030c   Code   RO         1697    .text               main.o
    0x00814e30   0x00814e30   0x0000077c   Code   RO         1777    .text               strip_app.o
    0x008155ac   0x008155ac   0x00000074   Code   RO         1824    .text               mp_cmd.o
    0x00815620   0x00815620   0x000000a8   Code   RO         1846    .text               user_data.o
    0x008156c8   0x008156c8   0x0000047c   Code   RO         1861    .text               strip_timer.o
    0x00815b44   0x00815b44   0x00000c68   Code   RO         1901    .text               main_app.o
    0x008167ac   0x008167ac   0x000003c8   Code   RO         1956    .text               silent_dfu_flash.o
    0x00816b74   0x00816b74   0x00000458   Code   RO         2028    .text               light_controller_app.o
    0x00816fcc   0x00816fcc   0x00000188   Code   RO         2055    .text               light_swtimer.o
    0x00817154   0x00817154   0x00000044   Code   RO         2083    .text               light_dlps_ctrl.o
    0x00817198   0x00817198   0x000000bc   Code   RO         2454    .text               gap_utils.lib(gap_lib.o)
    0x00817254   0x00817254   0x00000548   Code   RO         2483    .text               gap_utils.lib(gap_lib_patch.o)
    0x0081779c   0x0081779c   0x000000b4   Code   RO         2544    .text               mesh_dev.lib(platform_os.o)
    0x00817850   0x00817850   0x00000228   Code   RO         2584    .text               mesh_dev.lib(platform_misc.o)
    0x00817a78   0x00817a78   0x00000018   Code   RO         2656    .text               mesh_dev.lib(platform_diagnose.o)
    0x00817a90   0x00817a90   0x000007fc   Code   RO         2674    .text               mesh_dev.lib(aes.o)
    0x0081828c   0x0081828c   0x000003f0   Code   RO         2695    .text               mesh_dev.lib(data_uart.o)
    0x0081867c   0x0081867c   0x00000ba8   Code   RO         2741    .text               mesh_dev.lib(gap_scheduler.o)
    0x00819224   0x00819224   0x00000308   Code   RO         2906    .text               mesh_dev.lib(mesh_access.o)
    0x0081952c   0x0081952c   0x0000038c   Code   RO         2959    .text               mesh_dev.lib(mesh_bearer.o)
    0x008198b8   0x008198b8   0x000005cc   Code   RO         3028    .text               mesh_dev.lib(mesh_beacon.o)
    0x00819e84   0x00819e84   0x00000438   Code   RO         3063    .text               mesh_dev.lib(mesh_common.o)
    0x0081a2bc   0x0081a2bc   0x00000a50   Code   RO         3107    .text               mesh_dev.lib(mesh_provision.o)
    0x0081ad0c   0x0081ad0c   0x0000059c   Code   RO         3173    .text               mesh_dev.lib(mesh_service.o)
    0x0081b2a8   0x0081b2a8   0x00001cac   Code   RO         3222    .text               mesh_dev.lib(mesh_node.o)
    0x0081cf54   0x0081cf54   0x000019d0   Code   RO         3283    .text               mesh_dev.lib(friendship_fn.o)
    0x0081e924   0x0081e924   0x000008a8   Code   RO         3312    .text               mesh_dev.lib(provision_device.o)
    0x0081f1cc   0x0081f1cc   0x00000ea0   Code   RO         3338    .text               mesh_dev.lib(mesh_flash.o)
    0x0082006c   0x0082006c   0x000002ec   Code   RO         3502    .text               gap_utils.lib(gap_vendor_cmd.o)
    0x00820358   0x00820358   0x00000072   Code   RO         3518    .text               mesh_dev.lib(platform_list.o)
    0x008203ca   0x008203ca   0x00000002   PAD
    0x008203cc   0x008203cc   0x00000174   Code   RO         3530    .text               mesh_dev.lib(aes_cmac.o)
    0x00820540   0x00820540   0x0000033a   Code   RO         3546    .text               mesh_dev.lib(ccm.o)
    0x0082087a   0x0082087a   0x00000002   PAD
    0x0082087c   0x0082087c   0x00000dba   Code   RO         3561    .text               mesh_dev.lib(ecc.o)
    0x00821636   0x00821636   0x00000002   PAD
    0x00821638   0x00821638   0x0000017c   Code   RO         3587    .text               mesh_dev.lib(provision_server.o)
    0x008217b4   0x008217b4   0x00000098   Code   RO         3619    .text               mesh_dev.lib(provision_service.o)
    0x0082184c   0x0082184c   0x00000184   Code   RO         3651    .text               mesh_dev.lib(proxy_server.o)
    0x008219d0   0x008219d0   0x000000ac   Code   RO         3680    .text               mesh_dev.lib(proxy_service.o)
    0x00821a7c   0x00821a7c   0x00001818   Code   RO         3710    .text               mesh_dev.lib(mesh_transport.o)
    0x00823294   0x00823294   0x00000818   Code   RO         3740    .text               mesh_dev.lib(mesh_network.o)
    0x00823aac   0x00823aac   0x00000e78   Code   RO         3769    .text               mesh_dev.lib(mesh_security.o)
    0x00824924   0x00824924   0x00000220   Code   RO         3795    .text               mesh_dev.lib(mesh_rpl.o)
    0x00824b44   0x00824b44   0x00000c9c   Code   RO         3827    .text               mesh_dev.lib(provision_adv.o)
    0x008257e0   0x008257e0   0x00000ac4   Code   RO         3860    .text               mesh_dev.lib(proxy_protocol.o)
    0x008262a4   0x008262a4   0x00000f58   Code   RO         3890    .text               mesh_dev.lib(friendship_lpn.o)
    0x008271fc   0x008271fc   0x00000494   Code   RO         3918    .text               mesh_dev.lib(heartbeat.o)
    0x00827690   0x00827690   0x00001c9c   Code   RO         3976    .text               mesh_dev.lib(configuration_server.o)
    0x0082932c   0x0082932c   0x00000048   Code   RO         4035    .text               mesh_dev.lib(crc8ets.o)
    0x00829374   0x00829374   0x000001e8   Code   RO         4064    .text               mesh_dev.lib(transport_ping.o)
    0x0082955c   0x0082955c   0x00000026   Code   RO         4088    .text               c_w.l(llshl.o)
    0x00829582   0x00829582   0x00000026   Code   RO         4090    .text               c_w.l(llushr.o)
    0x008295a8   0x008295a8   0x00000028   Code   RO         4094    .text               c_w.l(noretval__2sprintf.o)
    0x008295d0   0x008295d0   0x0000004e   Code   RO         4098    .text               c_w.l(_printf_pad.o)
    0x0082961e   0x0082961e   0x00000002   PAD
    0x00829620   0x00829620   0x00000058   Code   RO         4103    .text               c_w.l(_printf_hex_int.o)
    0x00829678   0x00829678   0x00000138   Code   RO         4133    .text               c_w.l(__printf_flags_wp.o)
    0x008297b0   0x008297b0   0x0000003c   Code   RO         4144    .text               c_w.l(rand.o)
    0x008297ec   0x008297ec   0x00000096   Code   RO         4148    .text               c_w.l(strncmp.o)
    0x00829882   0x00829882   0x000000b2   Code   RO         4203    .text               c_w.l(_printf_intcommon.o)
    0x00829934   0x00829934   0x00000030   Code   RO         4205    .text               c_w.l(_printf_char_common.o)
    0x00829964   0x00829964   0x0000000a   Code   RO         4207    .text               c_w.l(_sputc.o)
    0x0082996e   0x0082996e   0x00000002   PAD
    0x00829970   0x00829970   0x00000060   Code   RO         2345    i.UpdateMAC         bee2_sdk.lib(rtl876x_lib_platform.o)
    0x008299d0   0x008299d0   0x00000118   Code   RO         4182    i.__hardfp_ceil     m_wm.l(ceil.o)
    0x00829ae8   0x00829ae8   0x0000004c   Code   RO         3364    i._cfg_check_header_valid  bee2_sdk.lib(rtl876x_lib_cfg_int.o)
    0x00829b34   0x00829b34   0x00000090   Code   RO         3365    i._cfg_write_to_flash  bee2_sdk.lib(rtl876x_lib_cfg_int.o)
    0x00829bc4   0x00829bc4   0x0000000e   Code   RO         4131    i._is_digit         c_w.l(__printf_wp.o)
    0x00829bd2   0x00829bd2   0x00000002   PAD
    0x00829bd4   0x00829bd4   0x00000134   Code   RO         3366    i.cfg_add_item      bee2_sdk.lib(rtl876x_lib_cfg_int.o)
    0x00829d08   0x00829d08   0x00000108   Code   RO         3368    i.cfg_find_item     bee2_sdk.lib(rtl876x_lib_cfg_int.o)
    0x00829e10   0x00829e10   0x0000004c   Code   RO         2112    i.flash_lock_new    bee2_sdk.lib(rtl8762c_lib_flash.o)
    0x00829e5c   0x00829e5c   0x00000026   Code   RO         2124    i.flash_set_block_protect_locked  bee2_sdk.lib(rtl8762c_lib_flash.o)
    0x00829e82   0x00829e82   0x0000002a   Code   RO         2125    i.flash_sw_protect_unlock_by_addr_locked  bee2_sdk.lib(rtl8762c_lib_flash.o)
    0x00829eac   0x00829eac   0x000000b4   Code   RO         2126    i.flash_sw_protect_unlock_by_addr_new  bee2_sdk.lib(rtl8762c_lib_flash.o)
    0x00829f60   0x00829f60   0x00000038   Code   RO         2127    i.flash_unlock_new  bee2_sdk.lib(rtl8762c_lib_flash.o)
    0x00829f98   0x00829f98   0x00000062   Code   RO         4152    x$fpl$d2f           fz_wm.l(d2f.o)
    0x00829ffa   0x00829ffa   0x00000002   PAD
    0x00829ffc   0x00829ffc   0x00000150   Code   RO         4154    x$fpl$dadd          fz_wm.l(daddsub_clz.o)
    0x0082a14c   0x0082a14c   0x00000018   Code   RO         4294    x$fpl$dcmpinf       fz_wm.l(dcmpi.o)
    0x0082a164   0x0082a164   0x000002b0   Code   RO         4161    x$fpl$ddiv          fz_wm.l(ddiv.o)
    0x0082a414   0x0082a414   0x0000005a   Code   RO         4168    x$fpl$dfixu         fz_wm.l(dfixu.o)
    0x0082a46e   0x0082a46e   0x0000002e   Code   RO         4173    x$fpl$dflt          fz_wm.l(dflt_clz.o)
    0x0082a49c   0x0082a49c   0x00000026   Code   RO         4172    x$fpl$dfltu         fz_wm.l(dflt_clz.o)
    0x0082a4c2   0x0082a4c2   0x00000002   PAD
    0x0082a4c4   0x0082a4c4   0x00000078   Code   RO         4255    x$fpl$dleqf         fz_wm.l(dleqf.o)
    0x0082a53c   0x0082a53c   0x00000154   Code   RO         4178    x$fpl$dmul          fz_wm.l(dmul.o)
    0x0082a690   0x0082a690   0x0000009c   Code   RO         4257    x$fpl$dnaninf       fz_wm.l(dnaninf.o)
    0x0082a72c   0x0082a72c   0x0000000c   Code   RO         4259    x$fpl$dretinf       fz_wm.l(dretinf.o)
    0x0082a738   0x0082a738   0x0000006c   Code   RO         4261    x$fpl$drleqf        fz_wm.l(drleqf.o)
    0x0082a7a4   0x0082a7a4   0x00000016   Code   RO         4155    x$fpl$drsb          fz_wm.l(daddsub_clz.o)
    0x0082a7ba   0x0082a7ba   0x00000002   PAD
    0x0082a7bc   0x0082a7bc   0x000001d4   Code   RO         4156    x$fpl$dsub          fz_wm.l(daddsub_clz.o)
    0x0082a990   0x0082a990   0x00000056   Code   RO         4180    x$fpl$f2d           fz_wm.l(f2d.o)
    0x0082a9e6   0x0082a9e6   0x0000008c   Code   RO         4265    x$fpl$fnaninf       fz_wm.l(fnaninf.o)
    0x0082aa72   0x0082aa72   0x0000000a   Code   RO         4296    x$fpl$fpinit        fz_wm.l(fpinit.o)
    0x0082aa7c   0x0082aa7c   0x0000000a   Code   RO         4267    x$fpl$fretinf       fz_wm.l(fretinf.o)
    0x0082aa86   0x0082aa86   0x00000000   Code   RO         4269    x$fpl$usenofp       fz_wm.l(usenofp.o)
    0x0082aa86   0x0082aa86   0x00000002   PAD
    0x0082aa88   0x0082aa88   0x00000020   Data   RO           22    .constdata          system_rtl8762c.o
    0x0082aaa8   0x0082aaa8   0x0000010c   Data   RO           23    .constdata          system_rtl8762c.o
    0x0082abb4   0x0082abb4   0x00000010   Data   RO          362    .constdata          dfu_server.o
    0x0082abc4   0x0082abc4   0x000000dd   Data   RO          363    .constdata          dfu_server.o
    0x0082aca1   0x0082aca1   0x00000003   PAD
    0x0082aca4   0x0082aca4   0x0000004e   Data   RO          554    .constdata          dfu_client.o
    0x0082acf2   0x0082acf2   0x00000010   Data   RO          596    .constdata          ota_server.o
    0x0082ad02   0x0082ad02   0x00000002   PAD
    0x0082ad04   0x0082ad04   0x00000220   Data   RO          597    .constdata          ota_server.o
    0x0082af24   0x0082af24   0x000001d8   Data   RO          629    .constdata          ais_server.o
    0x0082b0fc   0x0082b0fc   0x00000220   Data   RO          702    .constdata          dis.o
    0x0082b31c   0x0082b31c   0x00000035   Data   RO          732    .constdata          health_server.o
    0x0082b351   0x0082b351   0x00000037   Data   RO          762    .constdata          firmware_update_server.o
    0x0082b388   0x0082b388   0x0000006d   Data   RO          795    .constdata          object_transfer_server.o
    0x0082b3f5   0x0082b3f5   0x0000001a   Data   RO          827    .constdata          generic_on_off_server.o
    0x0082b40f   0x0082b40f   0x00000001   PAD
    0x0082b410   0x0082b410   0x0000001a   Data   RO          952    .constdata          generic_transition_time.o
    0x0082b42a   0x0082b42a   0x0000001c   Data   RO         1357    .constdata          delay_execution.o
    0x0082b446   0x0082b446   0x0000003f   Data   RO         1383    .constdata          ali_model.o
    0x0082b485   0x0082b485   0x0000000c   Data   RO         1488    .constdata          mp_cmd_parse.o
    0x0082b491   0x0082b491   0x00000003   PAD
    0x0082b494   0x0082b494   0x00000004   Data   RO         1556    .constdata          light_effect_app.o
    0x0082b498   0x0082b498   0x0000000c   Data   RO         1593    .constdata          light_storage_app.o
    0x0082b4a4   0x0082b4a4   0x00000038   Data   RO         1655    .constdata          app_task.o
    0x0082b4dc   0x0082b4dc   0x00000032   Data   RO         1700    .constdata          main.o
    0x0082b50e   0x0082b50e   0x00000017   Data   RO         1779    .constdata          strip_app.o
    0x0082b525   0x0082b525   0x00000003   PAD
    0x0082b528   0x0082b528   0x00000010   Data   RO         1826    .constdata          mp_cmd.o
    0x0082b538   0x0082b538   0x00000010   Data   RO         1904    .constdata          main_app.o
    0x0082b548   0x0082b548   0x00000014   Data   RO         2545    .constdata          mesh_dev.lib(platform_os.o)
    0x0082b55c   0x0082b55c   0x000002ff   Data   RO         2676    .constdata          mesh_dev.lib(aes.o)
    0x0082b85b   0x0082b85b   0x00000001   PAD
    0x0082b85c   0x0082b85c   0x00000060   Data   RO         2698    .constdata          mesh_dev.lib(data_uart.o)
    0x0082b8bc   0x0082b8bc   0x00000025   Data   RO         2744    .constdata          mesh_dev.lib(gap_scheduler.o)
    0x0082b8e1   0x0082b8e1   0x00000015   Data   RO         2962    .constdata          mesh_dev.lib(mesh_bearer.o)
    0x0082b8f6   0x0082b8f6   0x0000002a   Data   RO         3066    .constdata          mesh_dev.lib(mesh_common.o)
    0x0082b920   0x0082b920   0x0000000e   Data   RO         3110    .constdata          mesh_dev.lib(mesh_provision.o)
    0x0082b92e   0x0082b92e   0x0000000b   Data   RO         3176    .constdata          mesh_dev.lib(mesh_service.o)
    0x0082b939   0x0082b939   0x00000003   PAD
    0x0082b93c   0x0082b93c   0x00000093   Data   RO         3225    .constdata          mesh_dev.lib(mesh_node.o)
    0x0082b9cf   0x0082b9cf   0x00000017   Data   RO         3286    .constdata          mesh_dev.lib(friendship_fn.o)
    0x0082b9e6   0x0082b9e6   0x00000002   PAD
    0x0082b9e8   0x0082b9e8   0x00000004   Data   RO         3314    .constdata          mesh_dev.lib(provision_device.o)
    0x0082b9ec   0x0082b9ec   0x00000035   Data   RO         3341    .constdata          mesh_dev.lib(mesh_flash.o)
    0x0082ba21   0x0082ba21   0x0000002e   Data   RO         3369    .constdata          bee2_sdk.lib(rtl876x_lib_cfg_int.o)
    0x0082ba4f   0x0082ba4f   0x00000001   PAD
    0x0082ba50   0x0082ba50   0x00000060   Data   RO         3562    .constdata          mesh_dev.lib(ecc.o)
    0x0082bab0   0x0082bab0   0x000000b4   Data   RO         3590    .constdata          mesh_dev.lib(provision_server.o)
    0x0082bb64   0x0082bb64   0x000000b4   Data   RO         3654    .constdata          mesh_dev.lib(proxy_server.o)
    0x0082bc18   0x0082bc18   0x00000039   Data   RO         3713    .constdata          mesh_dev.lib(mesh_transport.o)
    0x0082bc51   0x0082bc51   0x00000009   Data   RO         3743    .constdata          mesh_dev.lib(mesh_network.o)
    0x0082bc5a   0x0082bc5a   0x00000009   Data   RO         3798    .constdata          mesh_dev.lib(mesh_rpl.o)
    0x0082bc63   0x0082bc63   0x0000001b   Data   RO         3830    .constdata          mesh_dev.lib(provision_adv.o)
    0x0082bc7e   0x0082bc7e   0x0000005d   Data   RO         3863    .constdata          mesh_dev.lib(proxy_protocol.o)
    0x0082bcdb   0x0082bcdb   0x00000009   Data   RO         3893    .constdata          mesh_dev.lib(friendship_lpn.o)
    0x0082bce4   0x0082bce4   0x00000004   Data   RO         3921    .constdata          mesh_dev.lib(heartbeat.o)
    0x0082bce8   0x0082bce8   0x000000d8   Data   RO         3979    .constdata          mesh_dev.lib(configuration_server.o)
    0x0082bdc0   0x0082bdc0   0x00000100   Data   RO         4036    .constdata          mesh_dev.lib(crc8ets.o)
    0x0082bec0   0x0082bec0   0x00000028   Data   RO         4104    .constdata          c_w.l(_printf_hex_int.o)
    0x0082bee8   0x0082bee8   0x00000011   Data   RO         4134    .constdata          c_w.l(__printf_flags_wp.o)
    0x0082bef9   0x0082bef9   0x00000003   PAD
    0x0082befc   0x0082befc   0x00000220   Data   RO           24    .conststring        system_rtl8762c.o
    0x0082c11c   0x0082c11c   0x00000019   Data   RO         1536    .conststring        overlay_mgr.o
    0x0082c135   0x0082c135   0x00000003   PAD
    0x0082c138   0x0082c138   0x00000090   Data   RO         1780    .conststring        strip_app.o
    0x0082c1c8   0x0082c1c8   0x0000006b   Data   RO         1905    .conststring        main_app.o
    0x0082c233   0x0082c233   0x00000001   PAD
    0x0082c234   0x0082c234   0x00000000   Data   RO         4354    Region$$Table       anon$$obj.o



  Load Region LOAD_APP_TRACE (Base: 0x08800000, Size: 0x00009984, Max: 0x00400000, ABSOLUTE)

    Execution Region App.trace (Exec base: 0x08800000, Load base: 0x08800000, Size: 0x00009984, Max: 0x00400000, ABSOLUTE)

    Exec Addr    Load Addr    Size         Type   Attr      Idx    E Section Name        Object

    0x08800000   0x08800000   0x000000e6   Data   RO           19    .TRACE              system_rtl8762c.o
    0x088000e6   0x088000e6   0x00000002   PAD
    0x088000e8   0x088000e8   0x0000002a   Data   RO          186    .TRACE              rtl876x_io_dlps.o
    0x08800112   0x08800112   0x00000002   PAD
    0x08800114   0x08800114   0x0000063b   Data   RO          358    .TRACE              dfu_server.o
    0x0880074f   0x0880074f   0x00000001   PAD
    0x08800750   0x08800750   0x000007d4   Data   RO          552    .TRACE              dfu_client.o
    0x08800f24   0x08800f24   0x00000153   Data   RO          593    .TRACE              ota_server.o
    0x08801077   0x08801077   0x00000001   PAD
    0x08801078   0x08801078   0x00000451   Data   RO          627    .TRACE              ais_server.o
    0x088014c9   0x088014c9   0x00000003   PAD
    0x088014cc   0x088014cc   0x0000009e   Data   RO          700    .TRACE              dis.o
    0x0880156a   0x0880156a   0x00000002   PAD
    0x0880156c   0x0880156c   0x0000005a   Data   RO          731    .TRACE              health_server.o
    0x088015c6   0x088015c6   0x00000002   PAD
    0x088015c8   0x088015c8   0x00000090   Data   RO          760    .TRACE              firmware_update_server.o
    0x08801658   0x08801658   0x0000030b   Data   RO          792    .TRACE              object_transfer_server.o
    0x08801963   0x08801963   0x00000001   PAD
    0x08801964   0x08801964   0x000000b1   Data   RO          826    .TRACE              generic_on_off_server.o
    0x08801a15   0x08801a15   0x00000003   PAD
    0x08801a18   0x08801a18   0x00000053   Data   RO          864    .TRACE              generic_power_on_off_server.o
    0x08801a6b   0x08801a6b   0x00000001   PAD
    0x08801a6c   0x08801a6c   0x00000059   Data   RO          892    .TRACE              generic_power_on_off_setup_server.o
    0x08801ac5   0x08801ac5   0x00000003   PAD
    0x08801ac8   0x08801ac8   0x000000b0   Data   RO          920    .TRACE              generic_level_server.o
    0x08801b78   0x08801b78   0x0000006b   Data   RO          950    .TRACE              generic_transition_time.o
    0x08801be3   0x08801be3   0x00000001   PAD
    0x08801be4   0x08801be4   0x000000b2   Data   RO          982    .TRACE              light_lightness_server.o
    0x08801c96   0x08801c96   0x00000002   PAD
    0x08801c98   0x08801c98   0x00000054   Data   RO         1018    .TRACE              light_lightness_setup_server.o
    0x08801cec   0x08801cec   0x000000a8   Data   RO         1046    .TRACE              light_ctl_server.o
    0x08801d94   0x08801d94   0x000000c0   Data   RO         1076    .TRACE              light_ctl_temperature_server.o
    0x08801e54   0x08801e54   0x000000a8   Data   RO         1103    .TRACE              light_hsl_server.o
    0x08801efc   0x08801efc   0x000000b0   Data   RO         1133    .TRACE              light_hsl_hue_server.o
    0x08801fac   0x08801fac   0x000000bb   Data   RO         1160    .TRACE              light_hsl_saturation_server.o
    0x08802067   0x08802067   0x00000001   PAD
    0x08802068   0x08802068   0x0000004e   Data   RO         1187    .TRACE              light_hsl_setup_server.o
    0x088020b6   0x088020b6   0x00000002   PAD
    0x088020b8   0x088020b8   0x00000058   Data   RO         1242    .TRACE              generic_default_transition_time_server.o
    0x08802110   0x08802110   0x000000a0   Data   RO         1271    .TRACE              scene_server.o
    0x088021b0   0x088021b0   0x0000004e   Data   RO         1301    .TRACE              light_ctl_setup_server.o
    0x088021fe   0x088021fe   0x00000002   PAD
    0x08802200   0x08802200   0x000000a4   Data   RO         1326    .TRACE              scene_setup_server.o
    0x088022a4   0x088022a4   0x00000125   Data   RO         1355    .TRACE              delay_execution.o
    0x088023c9   0x088023c9   0x00000003   PAD
    0x088023cc   0x088023cc   0x00000133   Data   RO         1411    .TRACE              dfu_updater_app.o
    0x088024ff   0x088024ff   0x00000001   PAD
    0x08802500   0x08802500   0x0000007e   Data   RO         1445    .TRACE              dimmable_light.o
    0x0880257e   0x0880257e   0x00000002   PAD
    0x08802580   0x08802580   0x000000e6   Data   RO         1486    .TRACE              mp_cmd_parse.o
    0x08802666   0x08802666   0x00000002   PAD
    0x08802668   0x08802668   0x00000038   Data   RO         1653    .TRACE              app_task.o
    0x088026a0   0x088026a0   0x00000037   Data   RO         1698    .TRACE              main.o
    0x088026d7   0x088026d7   0x00000001   PAD
    0x088026d8   0x088026d8   0x0000007d   Data   RO         1825    .TRACE              mp_cmd.o
    0x08802755   0x08802755   0x00000003   PAD
    0x08802758   0x08802758   0x0000003d   Data   RO         1862    .TRACE              strip_timer.o
    0x08802795   0x08802795   0x00000003   PAD
    0x08802798   0x08802798   0x00000c1c   Data   RO         1902    .TRACE              main_app.o
    0x088033b4   0x088033b4   0x0000028b   Data   RO         1957    .TRACE              silent_dfu_flash.o
    0x0880363f   0x0880363f   0x00000001   PAD
    0x08803640   0x08803640   0x0000005e   Data   RO         2029    .TRACE              light_controller_app.o
    0x0880369e   0x0880369e   0x00000002   PAD
    0x088036a0   0x088036a0   0x0000009a   Data   RO         2056    .TRACE              light_swtimer.o
    0x0880373a   0x0880373a   0x00000002   PAD
    0x0880373c   0x0880373c   0x00000164   Data   RO         2350    .TRACE              bee2_sdk.lib(rtl876x_lib_platform.o)
    0x088038a0   0x088038a0   0x00000193   Data   RO         2406    .TRACE              gap_utils.lib(gap_config.o)
    0x08803a33   0x08803a33   0x00000001   PAD
    0x08803a34   0x08803a34   0x000001d8   Data   RO         2455    .TRACE              gap_utils.lib(gap_lib.o)
    0x08803c0c   0x08803c0c   0x000002d4   Data   RO         2484    .TRACE              gap_utils.lib(gap_lib_patch.o)
    0x08803ee0   0x08803ee0   0x00000027   Data   RO         2585    .TRACE              mesh_dev.lib(platform_misc.o)
    0x08803f07   0x08803f07   0x00000001   PAD
    0x08803f08   0x08803f08   0x00000039   Data   RO         2696    .TRACE              mesh_dev.lib(data_uart.o)
    0x08803f41   0x08803f41   0x00000003   PAD
    0x08803f44   0x08803f44   0x000003bd   Data   RO         2742    .TRACE              mesh_dev.lib(gap_scheduler.o)
    0x08804301   0x08804301   0x00000003   PAD
    0x08804304   0x08804304   0x00000130   Data   RO         2907    .TRACE              mesh_dev.lib(mesh_access.o)
    0x08804434   0x08804434   0x000000f6   Data   RO         2960    .TRACE              mesh_dev.lib(mesh_bearer.o)
    0x0880452a   0x0880452a   0x00000002   PAD
    0x0880452c   0x0880452c   0x000001b8   Data   RO         3029    .TRACE              mesh_dev.lib(mesh_beacon.o)
    0x088046e4   0x088046e4   0x00000226   Data   RO         3064    .TRACE              mesh_dev.lib(mesh_common.o)
    0x0880490a   0x0880490a   0x00000002   PAD
    0x0880490c   0x0880490c   0x000006d7   Data   RO         3108    .TRACE              mesh_dev.lib(mesh_provision.o)
    0x08804fe3   0x08804fe3   0x00000001   PAD
    0x08804fe4   0x08804fe4   0x000001af   Data   RO         3174    .TRACE              mesh_dev.lib(mesh_service.o)
    0x08805193   0x08805193   0x00000001   PAD
    0x08805194   0x08805194   0x000007f9   Data   RO         3223    .TRACE              mesh_dev.lib(mesh_node.o)
    0x0880598d   0x0880598d   0x00000003   PAD
    0x08805990   0x08805990   0x00000a6d   Data   RO         3284    .TRACE              mesh_dev.lib(friendship_fn.o)
    0x088063fd   0x088063fd   0x00000003   PAD
    0x08806400   0x08806400   0x000002e4   Data   RO         3313    .TRACE              mesh_dev.lib(provision_device.o)
    0x088066e4   0x088066e4   0x000001aa   Data   RO         3339    .TRACE              mesh_dev.lib(mesh_flash.o)
    0x0880688e   0x0880688e   0x00000002   PAD
    0x08806890   0x08806890   0x00000029   Data   RO         3464    .TRACE              bee2_sdk.lib(xtx_flash_otp.o)
    0x088068b9   0x088068b9   0x00000003   PAD
    0x088068bc   0x088068bc   0x00000142   Data   RO         3588    .TRACE              mesh_dev.lib(provision_server.o)
    0x088069fe   0x088069fe   0x00000002   PAD
    0x08806a00   0x08806a00   0x00000033   Data   RO         3620    .TRACE              mesh_dev.lib(provision_service.o)
    0x08806a33   0x08806a33   0x00000001   PAD
    0x08806a34   0x08806a34   0x0000016f   Data   RO         3652    .TRACE              mesh_dev.lib(proxy_server.o)
    0x08806ba3   0x08806ba3   0x00000001   PAD
    0x08806ba4   0x08806ba4   0x00000abd   Data   RO         3711    .TRACE              mesh_dev.lib(mesh_transport.o)
    0x08807661   0x08807661   0x00000003   PAD
    0x08807664   0x08807664   0x000003f7   Data   RO         3741    .TRACE              mesh_dev.lib(mesh_network.o)
    0x08807a5b   0x08807a5b   0x00000001   PAD
    0x08807a5c   0x08807a5c   0x00000b8a   Data   RO         3770    .TRACE              mesh_dev.lib(mesh_security.o)
    0x088085e6   0x088085e6   0x00000002   PAD
    0x088085e8   0x088085e8   0x000000d5   Data   RO         3796    .TRACE              mesh_dev.lib(mesh_rpl.o)
    0x088086bd   0x088086bd   0x00000003   PAD
    0x088086c0   0x088086c0   0x00000864   Data   RO         3828    .TRACE              mesh_dev.lib(provision_adv.o)
    0x08808f24   0x08808f24   0x000003dd   Data   RO         3861    .TRACE              mesh_dev.lib(proxy_protocol.o)
    0x08809301   0x08809301   0x00000003   PAD
    0x08809304   0x08809304   0x0000044e   Data   RO         3891    .TRACE              mesh_dev.lib(friendship_lpn.o)
    0x08809752   0x08809752   0x00000002   PAD
    0x08809754   0x08809754   0x0000015b   Data   RO         3919    .TRACE              mesh_dev.lib(heartbeat.o)
    0x088098af   0x088098af   0x00000001   PAD
    0x088098b0   0x088098b0   0x00000038   Data   RO         3977    .TRACE              mesh_dev.lib(configuration_server.o)
    0x088098e8   0x088098e8   0x00000099   Data   RO         4065    .TRACE              mesh_dev.lib(transport_ping.o)


==============================================================================

Image component sizes


      Code (inc. data)   RO Data    RW Data    ZI Data      Debug   Object Name

      2804        198       1577          0         60      15936   ais_server.o
       708         14         63          0          0      15525   ali_model.o
       368         24        112          0         12       4549   app_task.o
       432         32        321          0          4       3690   delay_execution.o
      3552        350       2082          2         60      26179   dfu_client.o
      2876        196       1832          1         76      94114   dfu_server.o
       740         54        307          0         40       4352   dfu_updater_app.o
       804         48        126         16          8       8135   dimmable_light.o
       644         50        702         46        132       5740   dis.o
      1208         38        199          0         80       9618   firmware_update_server.o
         0          0         88          0          0       4679   generic_default_transition_time_server.o
         0          0        176          0          0       9703   generic_level_server.o
       896         36        203          0          0      10407   generic_on_off_server.o
         0          0         83          0          0       4343   generic_power_on_off_server.o
         0          0         89          0          0       3348   generic_power_on_off_setup_server.o
       600         24        133          0          8       6615   generic_transition_time.o
      1216         36        143          0          0      15151   health_server.o
      1112         36         94          0        244       6990   light_controller_app.o
         0          0        168          0          0      14666   light_ctl_server.o
         0          0         78          0          0       2045   light_ctl_setup_server.o
         0          0        192          0          0       6075   light_ctl_temperature_server.o
      2016         64          0         80         14      17251   light_cwrgb_app.o
        68          6          0          0          4       1544   light_dlps_ctrl.o
       372          4          4          0          0       5945   light_effect_app.o
         0          0        176          0          0       6668   light_hsl_hue_server.o
         0          0        187          0          0       6962   light_hsl_saturation_server.o
         0          0        168          0          0      15035   light_hsl_server.o
         0          0         78          0          0       8289   light_hsl_setup_server.o
         0          0        178          0          0      16124   light_lightness_server.o
         0          0         84          0          0       6655   light_lightness_setup_server.o
       148          4         12          0          0       3274   light_storage_app.o
       392         60        154          0          8       3304   light_swtimer.o
       786         74        105          0         40       7040   main.o
      3176        512       3223         11         20      16750   main_app.o
       116         16        141          0          0       2121   mp_cmd.o
       544         20        242          0         12       4163   mp_cmd_parse.o
      1972         52        888          0         96      13316   object_transfer_server.o
       668         22        899          0         56       5104   ota_server.o
       124         10         25        108          8       3548   overlay_mgr.o
       388         10          0          0          0       7916   rtl876x_gpio.o
       804         40         42          0        264      14145   rtl876x_io_dlps.o
       856         32          0          0          0       3157   rtl876x_rcc.o
       412         12          0          0          0       6393   rtl876x_tim.o
       556         34          0          0          0       3871   rtl876x_uart.o
         0          0        160          0          0      11032   scene_server.o
         0          0        164          0          0       5835   scene_setup_server.o
       968         26        651          1          4       6386   silent_dfu_flash.o
        88         66        244          0          0       1008   startup_rtl8762c.o
      1916        218        167          8        104      25172   strip_app.o
      1148        106         61          0        336      10520   strip_timer.o
      1520        266       2098          4         31      81151   system_rtl8762c.o
       168         10          0          0          0       2255   user_data.o

    ----------------------------------------------------------------------
     37168       2800      18984        280       1724     593794   Object Totals
         0          0          0          0          0          0   (incl. Generated)
         2          0         65          3          3          0   (incl. Padding)

    ----------------------------------------------------------------------

      Code (inc. data)   RO Data    RW Data    ZI Data      Debug   Library Member Name

       392         30          0          0          0      51381   rtl8762c_lib_flash.o
       792        202         46          0          0       6194   rtl876x_lib_cfg_int.o
        96         28        356          0          0       5269   rtl876x_lib_platform.o
         0          0         41          0          0      10764   xtx_flash_otp.o
         8          0          0          0          0         68   __main.o
       312          4         17          0          0         92   __printf_flags_wp.o
        14          0          0          0          0         68   __printf_wp.o
         0          0          0          0          0          0   __rtentry.o
        12          0          0          0          0          0   __rtentry2.o
         6          0          0          0          0          0   __rtentry4.o
        48          6          0          0          0         96   _printf_char_common.o
        88          4         40          0          0         88   _printf_hex_int.o
       178          0          0          0          0         88   _printf_intcommon.o
        78          0          0          0          0        108   _printf_pad.o
         0          0          0          0          0          0   _printf_percent.o
         4          0          0          0          0          0   _printf_percent_end.o
         6          0          0          0          0          0   _printf_x.o
        10          0          0          0          0         68   _sputc.o
         2          0          0          0          0          0   libinit.o
        10          0          0          0          0          0   libinit2.o
        38          0          0          0          0         68   llshl.o
        38          0          0          0          0         68   llushr.o
        40          6          0          0          0         84   noretval__2sprintf.o
       112         18          0          0        228        160   rand.o
       150          0          0          0          0         80   strncmp.o
        98          4          0          0          0        140   d2f.o
       826         16          0          0          0        492   daddsub_clz.o
        24          0          0          0          0        116   dcmpi.o
       688        140          0          0          0        256   ddiv.o
        90          4          0          0          0        140   dfixu.o
        84          0          0          0          0        232   dflt_clz.o
       120          4          0          0          0        140   dleqf.o
       340         12          0          0          0        152   dmul.o
       156          4          0          0          0        140   dnaninf.o
        12          0          0          0          0        116   dretinf.o
       108          0          0          0          0        128   drleqf.o
        86          4          0          0          0        132   f2d.o
       140          4          0          0          0        132   fnaninf.o
        10          0          0          0          0        116   fpinit.o
        10          0          0          0          0        116   fretinf.o
         0          0          0          0          0          0   usenofp.o
       256          8        403          0          0      61165   gap_config.o
       188         10        472          0          0       9086   gap_lib.o
      1352         84        724          0          0      15178   gap_lib_patch.o
       748         18          0          0          0       6012   gap_vendor_cmd.o
       280         28          0          0          0        156   ceil.o
      2044         24        767          0        196       6472   aes.o
       372          6          0         16          0       3469   aes_cmac.o
       826          0          0          0          0       4248   ccm.o
      7324        140        272          2         44      56198   configuration_server.o
        72          6        256          0          0       2122   crc8ets.o
      1008         52        153          0          8      11742   data_uart.o
      3514         12         96          0          0      14902   ecc.o
      6608        196       2692          0         12      19488   friendship_fn.o
      3928        106       1111          0         12      12458   friendship_lpn.o
      2984         96        994         33         96      62672   gap_scheduler.o
      1172         38        351          0         36      40332   heartbeat.o
       776         28        304          0          4      38841   mesh_access.o
      1484         60        440          0         16       7236   mesh_beacon.o
       908         30        267          0          4      35092   mesh_bearer.o
      1080        158        592          0         32      11907   mesh_common.o
      3744         96        479          0         24      10113   mesh_flash.o
      2072         48       1024          0         60       7547   mesh_network.o
      7340        196       2188          0        176      63113   mesh_node.o
      2640        120       1765          0         28      48190   mesh_provision.o
       544         24        222          0         12       3459   mesh_rpl.o
      3704        144       2954          0          0      13273   mesh_security.o
      1436         76        442          0         24       6890   mesh_service.o
      6168        178       2806          0        132      19039   mesh_transport.o
        24          4          0         16          0       1511   platform_diagnose.o
       114          0          0          0          0       2181   platform_list.o
       552         14         39          0          0      30638   platform_misc.o
       180         10         20          0          0       4084   platform_os.o
      3228        126       2175          0         76      14066   provision_adv.o
      2216         86        744          0          0       7758   provision_device.o
       380         36        502          0          2       5476   provision_server.o
       152         20         51          1          4       2380   provision_service.o
      2756        104       1082          0          8      12899   proxy_protocol.o
       388         36        547          0          2       3595   proxy_server.o
       172          6          0          1          0       2304   proxy_service.o
       488         22        153          0          8       3512   transport_ping.o

    ----------------------------------------------------------------------
     80468       2936      27644         72       1248     758096   Library Totals
        20          0         57          3          4          0   (incl. Padding)

    ----------------------------------------------------------------------

      Code (inc. data)   RO Data    RW Data    ZI Data      Debug   Library Name

      1280        260        443          0          0      73608   bee2_sdk.lib
      1154         38         57          0        228       1136   c_w.l
      2792        192          0          0          0       2548   fz_wm.l
      2544        120       1599          0          0      91441   gap_utils.lib
       280         28          0          0          0        156   m_wm.l
     72398       2298      25488         69       1016     589207   mesh_dev.lib

    ----------------------------------------------------------------------
     80468       2936      27644         72       1248     758096   Library Totals

    ----------------------------------------------------------------------

==============================================================================


      Code (inc. data)   RO Data    RW Data    ZI Data      Debug   

    117636       5736      46628        352       2972    1331766   Grand Totals
    117636       5736      46628        352       2972    1331766   ELF Image Totals
    117636       5736      46628        352          0          0   ROM Totals

==============================================================================

    Total RO  Size (Code + RO Data)               164264 ( 160.41kB)
    Total RW  Size (RW Data + ZI Data)              3324 (   3.25kB)
    Total ROM Size (Code + RO Data + RW Data)     164616 ( 160.76kB)

==============================================================================

